******************************************************************************
               TMS320C6x Linker PC v7.3.4                      
******************************************************************************
>> Linked Wed Jan 21 04:32:13 2015

OUTPUT FILE NAME:   <crossCoreMultiplicationUsingAddition.out>
ENTRY POINT SYMBOL: "_c_int00"  address: 008242e0


MEMORY CONFIGURATION

         name            origin    length      used     unused   attr    fill
----------------------  --------  ---------  --------  --------  ----  --------
  L2SRAM                00800000   00080000  0003a57e  00045a82  RW X
  MSMCSRAM              0c000000   00200000  000ffffd  00100003  RW X
  DDR3                  80000000   20000000  18000040  07ffffc0  RW X


SEGMENT ALLOCATION MAP

run origin  load origin   length   init length attrs members
----------  ----------- ---------- ----------- ----- -------
00800000    00800000    000297e0   000297e0    r-x
  00800000    00800000    000297e0   000297e0    r-x .text
008297e0    008297e0    00009038   00000000    rw-
  008297e0    008297e0    00009038   00000000    rw- .far.1
00832820    00832820    000003a8   00000000    rw-
  00832820    00832820    000003a8   00000000    rw- .far.2
00832bd0    00832bd0    00000020   00000000    rw-
  00832bd0    00832bd0    00000020   00000000    rw- .far.3
00832bf0    00832bf0    00004286   00004286    r--
  00832bf0    00832bf0    00004286   00004286    r-- .const
00836e80    00836e80    00001578   00001578    rw-
  00836e80    00836e80    00001578   00001578    rw- .fardata.1
00838400    00838400    000001d8   000001d8    rw-
  00838400    00838400    000001d8   000001d8    rw- .fardata.2
008385e0    008385e0    00000018   00000018    rw-
  008385e0    008385e0    00000018   00000018    rw- .fardata.3
00838600    00838600    00000048   00000048    rw-
  00838600    00838600    00000048   00000048    rw- .fardata.4
00838650    00838650    00000008   00000008    rw-
  00838650    00838650    00000008   00000008    rw- .fardata.5
00838660    00838660    00000004   00000004    rw-
  00838660    00838660    00000004   00000004    rw- .fardata.6
00838670    00838670    00000004   00000004    rw-
  00838670    00838670    00000004   00000004    rw- .fardata.7
00838680    00838680    00000004   00000004    rw-
  00838680    00838680    00000004   00000004    rw- .fardata.8
00838690    00838690    00000004   00000004    rw-
  00838690    00838690    00000004   00000004    rw- .fardata.9
008386a0    008386a0    00000004   00000004    rw-
  008386a0    008386a0    00000004   00000004    rw- .fardata.10
008386b0    008386b0    00000004   00000004    rw-
  008386b0    008386b0    00000004   00000004    rw- .fardata.11
008386c0    008386c0    00000004   00000004    rw-
  008386c0    008386c0    00000004   00000004    rw- .fardata.12
008386d0    008386d0    00000004   00000004    rw-
  008386d0    008386d0    00000004   00000004    rw- .fardata.13
008386e0    008386e0    00000004   00000004    rw-
  008386e0    008386e0    00000004   00000004    rw- .fardata.14
008386f0    008386f0    00000004   00000004    rw-
  008386f0    008386f0    00000004   00000004    rw- .fardata.15
00838700    00838700    00000004   00000004    rw-
  00838700    00838700    00000004   00000004    rw- .fardata.16
00838708    00838708    00001004   00000000    rw-
  00838708    00838708    00001000   00000000    rw- .stack
  00839708    00839708    00000004   00000000    rw- .bss
0083970c    0083970c    00000004   00000004    rw-
  0083970c    0083970c    00000004   00000004    rw- .neardata
00839710    00839710    000000f0   000000f0    r--
  00839710    00839710    000000f0   000000f0    r-- .rodata
00839800    00839800    00000200   00000200    r-x
  00839800    00839800    00000200   00000200    r-x .vecs
00839a00    00839a00    00000120   00000000    rw-
  00839a00    00839a00    00000120   00000000    rw- .cio
00839b20    00839b20    00000b1c   00000b1c    r--
  00839b20    00839b20    00000030   00000030    r-- .switch
  00839b50    00839b50    00000aec   00000aec    r-- .cinit
0c0ffffc    0c0ffffc    00000001   00000001    rw-
  0c0ffffc    0c0ffffc    00000001   00000001    rw- .MSMCSRAM
80000000    80000000    18000040   00000000    rw-
  80000000    80000000    18000040   00000000    rw- .mySharedMem


SECTION ALLOCATION MAP

 output                                  attributes/
section   page    origin      length       input sections
--------  ----  ----------  ----------   ----------------
.init_array 
*          0    00800000    00000000     UNINITIALIZED

xdc.meta   0    00800000    00000138     COPY SECTION
                  00800000    00000138     modelPreesm_pe66.oe66 (xdc.meta)

.text      0    00800000    000297e0     
                  00800000    000011c0     ipc.lib : Ipc.obj (.text:ti_sdo_ipc_GateMP_Instance_init__F)
                  008011c0    00000a60             : Ipc.obj (.text:ti_sdo_ipc_heaps_HeapMemMP_alloc__E)
                  00801c20    000009e0             : Ipc.obj (.text:ti_sdo_ipc_heaps_HeapMemMP_free__E)
                  00802600    000009a0             : Ipc.obj (.text:Ipc_attach)
                  00802fa0    000009a0     ti.targets.rts6000.ae66 : System.oe66 (.text:xdc_runtime_System_doPrint__I)
                  00803940    00000920     ipc.lib : Ipc.obj (.text:ti_sdo_ipc_transports_TransportShm_Instance_init__F)
                  00804260    000008a0             : Ipc.obj (.text:ti_sdo_ipc_ListMP_Instance_init__F)
                  00804b00    00000860             : Ipc.obj (.text:ti_sdo_ipc_GateMP_Instance_finalize__F)
                  00805360    00000840             : Ipc.obj (.text:MessageQ_put)
                  00805ba0    00000780             : Ipc.obj (.text:ti_sdo_ipc_heaps_HeapMemMP_Instance_init__F)
                  00806320    00000780     sysbios.lib : BIOS.obj (.text:ti_sysbios_family_c64p_Exception_handler__I)
                  00806aa0    00000700     ipc.lib : Ipc.obj (.text:Notify_registerEvent)
                  008071a0    000006c0             : Ipc.obj (.text:ti_sdo_ipc_nsremote_NameServerRemoteNotify_Instance_init__F)
                  00807860    000006a0             : Ipc.obj (.text:NameServer_add)
                  00807f00    00000660     sysbios.lib : BIOS.obj (.text:ti_sysbios_heaps_HeapMem_free__E)
                  00808560    00000620     Core0.obj (.text)
                  00808b80    00000620     ipc.lib : Ipc.obj (.text:Notify_sendEvent)
                  008091a0    00000620     sysbios.lib : BIOS.obj (.text:ti_sysbios_heaps_HeapMem_alloc__E)
                  008097c0    000005e0     ipc.lib : Ipc.obj (.text:Notify_registerEventSingle)
                  00809da0    000005c0             : Ipc.obj (.text:ListMP_getHead)
                  0080a360    000005c0             : Ipc.obj (.text:Notify_unregisterEventSingle)
                  0080a920    000005c0     rts6600_elf.lib : divd.obj (.text:__c6xabi_divd)
                  0080aee0    000005c0                     : _printfi.obj (.text:_getarg_diouxp)
                  0080b4a0    000005c0     ipc.lib : Ipc.obj (.text:ti_sdo_ipc_SharedRegion_start__F)
                  0080ba60    000005c0     sysbios.lib : BIOS.obj (.text:ti_sysbios_timers_timer64_Timer_Module_startup__F)
                  0080c020    00000580     ipc.lib : Ipc.obj (.text:ti_sdo_ipc_nsremote_NameServerRemoteNotify_get__F)
                  0080c5a0    00000580             : Ipc.obj (.text:ti_sdo_ipc_transports_TransportShm_put__E)
                  0080cb20    00000560             : Ipc.obj (.text:NameServer_get)
                  0080d080    00000540             : Ipc.obj (.text:ti_sdo_ipc_Ipc_procSyncStart__I)
                  0080d5c0    000004e0             : Ipc.obj (.text:ti_sdo_ipc_notifyDrivers_NotifyDriverShm_Instance_init__F)
                  0080daa0    000004a0     cache.obj (.text)
                  0080df40    000004a0     semaphore6678.obj (.text)
                  0080e3e0    000004a0     ipc.lib : Ipc.obj (.text:ti_sdo_ipc_gates_GatePeterson_Instance_init__F)
                  0080e880    00000480     rts6600_elf.lib : _printfi.obj (.text:_setfield)
                  0080ed00    00000460                     : _printfi.obj (.text:_printfi)
                  0080f160    00000460     ipc.lib : Ipc.obj (.text:ti_sdo_ipc_GateMP_setRegion0Reserved__F)
                  0080f5c0    00000460             : Ipc.obj (.text:ti_sdo_ipc_Ipc_procSyncFinish__I)
                  0080fa20    00000440             : Ipc.obj (.text:ListMP_putTail)
                  0080fe60    00000440             : Ipc.obj (.text:ti_sdo_ipc_heaps_HeapMemMP_getStats__E)
                  008102a0    00000440             : Ipc.obj (.text:ti_sdo_ipc_heaps_HeapMemMP_postInit__I)
                  008106e0    00000400             : Ipc.obj (.text:ti_sdo_ipc_Notify_Instance_init__F)
                  00810ae0    00000400     sysbios.lib : BIOS.obj (.text:ti_sysbios_knl_Semaphore_pend__E)
                  00810ee0    000003c0     ipc.lib : Ipc.obj (.text:ti_sdo_ipc_SharedRegion_reserveMemory__F)
                  008112a0    000003c0     sysbios.lib : BIOS.obj (.text:ti_sysbios_knl_Task_setPri__E)
                  00811660    00000380     ipc.lib : Ipc.obj (.text:HeapMemMP_sharedMemReq)
                  008119e0    00000380     communication.obj (.text)
                  00811d60    00000340     ipc.lib : Ipc.obj (.text:GateMP_sharedMemReq)
                  008120a0    00000340             : Ipc.obj (.text:ti_sdo_ipc_nsremote_NameServerRemoteNotify_swiFxn__I)
                  008123e0    00000300             : Ipc.obj (.text:GateMP_openByAddr)
                  008126e0    00000300     rts6600_elf.lib : fputs.obj (.text:fputs)
                  008129e0    00000300     ipc.lib : Ipc.obj (.text:ti_sdo_ipc_transports_TransportShm_openByAddr__F)
                  00812ce0    00000300     sysbios.lib : BIOS.obj (.text:ti_sysbios_family_c64p_Hwi_dispatchC__I)
                  00812fe0    000002e0     ipc.lib : Ipc.obj (.text:SharedRegion_getEntry)
                  008132c0    000002e0             : Ipc.obj (.text:SharedRegion_getPtr)
                  008135a0    000002e0     rts6600_elf.lib : _printfi.obj (.text:_pproc_fwp)
                  00813880    000002e0     sysbios.lib : BIOS.obj (.text:ti_sysbios_gates_GateMutexPri_enter__E)
                  00813b60    000002e0                 : BIOS.obj (.text:ti_sysbios_knl_Task_Module_startup__F)
                  00813e40    000002c0     rts6600_elf.lib : _printfi.obj (.text:_pproc_fge)
                  00814100    000002c0     ipc.lib : Ipc.obj (.text:ti_sdo_ipc_notifyDrivers_NotifyDriverShm_isr__I)
                  008143c0    000002a0             : Ipc.obj (.text:Ipc_start)
                  00814660    000002a0             : Ipc.obj (.text:NameServer_getLocal)
                  00814900    000002a0     rts6600_elf.lib : _printfi.obj (.text:fcvt)
                  00814ba0    000002a0     sysbios.lib : BIOS.obj (.text:ti_sysbios_knl_Clock_workFunc__E)
                  00814e40    000002a0                 : BIOS.obj (.text:ti_sysbios_knl_Task_sleep__E)
                  008150e0    00000280     ipc.lib : Ipc.obj (.text:SharedRegion_getSRPtr)
                  00815360    00000280     sysbios.lib : BIOS.obj (.text:deviceConfig$44)
                  008155e0    00000280     rts6600_elf.lib : _printfi.obj (.text:ecvt)
                  00815860    00000280     ipc.lib : Ipc.obj (.text:ti_sdo_ipc_notifyDrivers_NotifyDriverShm_sharedMemReq__F)
                  00815ae0    00000280     sysbios.lib : BIOS.obj (.text:ti_sysbios_knl_Clock_Instance_init__F)
                  00815d60    00000280                 : BIOS.obj (.text:ti_sysbios_knl_Task_exit__E)
                  00815fe0    00000280     ti.targets.rts6000.ae66 : Core-mem.oe66 (.text:xdc_runtime_Core_createObject__I)
                  00816260    00000280                             : Error.oe66 (.text:xdc_runtime_Error_raiseX__F)
                  008164e0    00000260     ipc.lib : Ipc.obj (.text:ListMP_sharedMemReq)
                  00816740    00000260             : Ipc.obj (.text:ti_sdo_ipc_ListMP_Instance_finalize__F)
                  008169a0    00000260             : Ipc.obj (.text:ti_sdo_ipc_heaps_HeapMemMP_Instance_finalize__F)
                  00816c00    00000260             : Ipc.obj (.text:ti_sdo_ipc_notifyDrivers_NotifyDriverShm_disableEvent__E)
                  00816e60    00000260     ti.targets.rts6000.ae66 : Startup.oe66 (.text:xdc_runtime_Startup_startMods__I)
                  008170c0    00000260     modelPreesm_pe66.oe66 (.text:xdc_runtime_System_printfExtend__I)
                  00817320    00000240     rts6600_elf.lib : imath64.obj (.text:__c6xabi_divull)
                  00817560    00000240                     : _printfi.obj (.text:_pconv_e)
                  008177a0    00000240                     : _printfi.obj (.text:_pproc_diouxp)
                  008179e0    00000240     sysbios.lib : BIOS.obj (.text:ti_sysbios_family_c64p_Exception_internalHandler__I)
                  00817c20    00000240                 : BIOS.obj (.text:ti_sysbios_knl_Semaphore_post__E)
                  00817e60    00000220     rts6600_elf.lib : _printfi.obj (.text:_pproc_str)
                  00818080    00000220     sysbios.lib : BIOS.obj (.text:ti_sysbios_family_c64p_Hwi_reconfig__E)
                  008182a0    00000220                 : BIOS.obj (.text:ti_sysbios_knl_Swi_run__I)
                  008184c0    00000220                 : BIOS.obj (.text:ti_sysbios_knl_Task_schedule__I)
                  008186e0    00000220                 : BIOS.obj (.text:ti_sysbios_knl_Task_startup__E)
                  00818900    00000200     ipc.lib : Ipc.obj (.text:GateMP_enter)
                  00818b00    00000200             : Ipc.obj (.text:GateMP_leave)
                  00818d00    00000200             : Ipc.obj (.text:ListMP_openByAddr)
                  00818f00    00000200     rts6600_elf.lib : _printfi.obj (.text:_pconv_g)
                  00819100    00000200     sysbios.lib : c64p_Hwi_disp_always.obj (.text:_ti_sysbios_family_c64p_Hwi_dispatchAlways)
                  00819300    00000200                 : BIOS.obj (.text:block$56)
                  00819500    00000200     ipc.lib : Ipc.obj (.text:ti_sdo_ipc_family_c647x_MultiProcSetup_init__I)
                  00819700    00000200             : Ipc.obj (.text:ti_sdo_ipc_notifyDrivers_NotifyDriverShm_sendEvent__E)
                  00819900    00000200             : Ipc.obj (.text:ti_sdo_ipc_transports_TransportShm_Instance_finalize__F)
                  00819b00    000001e0             : Ipc.obj (.text:GateMP_open)
                  00819ce0    000001e0             : Ipc.obj (.text:ti_sdo_ipc_GateMP_attach__F)
                  00819ec0    000001e0             : Ipc.obj (.text:ti_sdo_ipc_GateMP_getFreeResource__I)
                  0081a0a0    000001e0     sysbios.lib : BIOS.obj (.text:ti_sysbios_knl_Task_postInit__I)
                  0081a280    000001e0                 : BIOS.obj (.text:ti_sysbios_timers_timer64_Timer_getFreq__E)
                  0081a460    000001c0     ipc.lib : Ipc.obj (.text:HeapMemMP_openByAddr)
                  0081a620    000001c0     rts6600_elf.lib : _printfi.obj (.text:_mcpy)
                  0081a7e0    000001c0     ipc.lib : Ipc.obj (.text:ti_sdo_ipc_notifyDrivers_NotifyDriverShm_registerEvent__E)
                  0081a9a0    000001c0     sysbios.lib : BIOS.obj (.text:ti_sysbios_knl_Swi_Instance_init__F)
                  0081ab60    000001c0                 : BIOS.obj (.text:ti_sysbios_knl_Task_checkStacks__E)
                  0081ad20    000001c0                 : BIOS.obj (.text:ti_sysbios_timers_timer64_Timer_setPeriodMicroSecs__E)
                  0081aee0    000001a0     rts6600_elf.lib : trgdrv.obj (.text:HOSTrename)
                  0081b080    000001a0     ipc.lib : Ipc.obj (.text:SharedRegion_getCacheLineSize)
                  0081b220    000001a0             : Ipc.obj (.text:SharedRegion_getHeap)
                  0081b3c0    000001a0             : Ipc.obj (.text:SharedRegion_isCacheEnabled)
                  0081b560    000001a0     rts6600_elf.lib : imath40.obj (.text:__c6xabi_divul)
                  0081b700    000001a0     ipc.lib : Ipc.obj (.text:ti_sdo_ipc_GateMP_openRegion0Reserved__F)
                  0081b8a0    000001a0             : Ipc.obj (.text:ti_sdo_ipc_notifyDrivers_NotifyDriverShm_enableEvent__E)
                  0081ba40    000001a0             : Ipc.obj (.text:ti_sdo_ipc_notifyDrivers_NotifyDriverShm_unregisterEvent__E)
                  0081bbe0    000001a0             : Ipc.obj (.text:ti_sdo_ipc_nsremote_NameServerRemoteNotify_attach__E)
                  0081bd80    000001a0     sysbios.lib : BIOS.obj (.text:ti_sysbios_gates_GateMutex_enter__E)
                  0081bf20    000001a0                 : BIOS.obj (.text:ti_sysbios_timers_timer64_Timer_start__E)
                  0081c0c0    00000180     ipc.lib : Ipc.obj (.text:MultiProc_setLocalId)
                  0081c240    00000180             : Ipc.obj (.text:NameServer_getHandle)
                  0081c3c0    00000180             : Ipc.obj (.text:Notify_intLineRegistered)
                  0081c540    00000180     rts6600_elf.lib : copy_decompress_rle.obj (.text:__TI_decompress_rle_core)
                  0081c6c0    00000180     multiplyMatrices.obj (.text)
                  0081c840    00000180     rts6600_elf.lib : setvbuf.obj (.text:setvbuf)
                  0081c9c0    00000180     sysbios.lib : c64p_Exception_asm.obj (.text)
                  0081cb40    00000180     ipc.lib : Ipc.obj (.text:ti_sdo_ipc_MessageQ_registerTransport__F)
                  0081ccc0    00000180             : Ipc.obj (.text:ti_sdo_ipc_Notify_Module_startup__F)
                  0081ce40    00000180             : Ipc.obj (.text:ti_sdo_ipc_gates_GatePeterson_enter__E)
                  0081cfc0    00000180             : Ipc.obj (.text:ti_sdo_utils_NameServer_Module_startup__F)
                  0081d140    00000180     sysbios.lib : BIOS.obj (.text:ti_sysbios_heaps_HeapMem_Instance_init__F)
                  0081d2c0    00000180                 : BIOS.obj (.text:ti_sysbios_knl_Swi_schedule__I)
                  0081d440    00000180                 : BIOS.obj (.text:ti_sysbios_knl_Task_unblockI__E)
                  0081d5c0    00000180     ti.targets.rts6000.ae66 : Text.oe66 (.text:xdc_runtime_Text_putSite__F)
                  0081d740    00000160     generateMatrices.obj (.text)
                  0081d8a0    00000160     ipc.lib : Ipc.obj (.text:ti_sdo_ipc_GateMP_createLocal__F)
                  0081da00    00000160             : Ipc.obj (.text:ti_sdo_ipc_MessageQ_unregisterTransport__F)
                  0081db60    00000160             : Ipc.obj (.text:ti_sdo_ipc_gates_GateHWSem_Instance_init__F)
                  0081dcc0    00000160             : Ipc.obj (.text:ti_sdo_ipc_transports_TransportShm_sharedMemReq__F)
                  0081de20    00000160             : Ipc.obj (.text:ti_sdo_utils_NameServer_isRegistered__E)
                  0081df80    00000160             : Ipc.obj (.text:ti_sdo_utils_NameServer_registerRemoteDriver__E)
                  0081e0e0    00000160             : Ipc.obj (.text:ti_sdo_utils_NameServer_unregisterRemoteDriver__E)
                  0081e240    00000140             : Ipc.obj (.text:GateMP_close)
                  0081e380    00000140             : Ipc.obj (.text:Notify_attach)
                  0081e4c0    00000140     boot.ae66 : autoinit.oe66 (.text:_auto_init_elf)
                  0081e600    00000140     rts6600_elf.lib : _printfi.obj (.text:_pproc_fflags)
                  0081e740    00000140                     : fputc.obj (.text:fputc)
                  0081e880    00000140                     : lowlev.obj (.text:getdevice)
                  0081e9c0    00000140     sumResults.obj (.text)
                  0081eb00    00000140     ipc.lib : Ipc.obj (.text:ti_sdo_ipc_Notify_exec__F)
                  0081ec40    00000140     sysbios.lib : BIOS.obj (.text:ti_sysbios_family_c64p_Hwi_Module_startup__F)
                  0081ed80    00000140                 : BIOS.obj (.text:ti_sysbios_family_c66_Cache_Module_startup__F)
                  0081eec0    00000140                 : BIOS.obj (.text:ti_sysbios_gates_GateSwi_enter__E)
                  0081f000    00000140                 : BIOS.obj (.text:ti_sysbios_knl_Clock_Instance_finalize__F)
                  0081f140    00000140                 : BIOS.obj (.text:ti_sysbios_knl_Semaphore_Instance_init__F)
                  0081f280    00000140                 : BIOS.obj (.text:ti_sysbios_knl_Swi_post__E)
                  0081f3c0    00000140                 : BIOS.obj (.text:ti_sysbios_knl_Task_blockI__E)
                  0081f500    00000140                 : BIOS.obj (.text:ti_sysbios_knl_Task_yield__E)
                  0081f640    00000120     rts6600_elf.lib : _printfi.obj (.text:_ltostr)
                  0081f760    00000120                     : _io_perm.obj (.text:_wrt_ok)
                  0081f880    00000120                     : fclose.obj (.text:fclose)
                  0081f9a0    00000120     sysbios.lib : BIOS.obj (.text:rtsUnlock$0)
                  0081fac0    00000120     ipc.lib : Ipc.obj (.text:ti_sdo_ipc_MessageQ_Module_startup__F)
                  0081fbe0    00000120             : Ipc.obj (.text:ti_sdo_ipc_family_c647x_Interrupt_intRegister__E)
                  0081fd00    00000120             : Ipc.obj (.text:ti_sdo_ipc_nsremote_NameServerRemoteNotify_Instance_finalize__F)
                  0081fe20    00000100     rts6600_elf.lib : trgdrv.obj (.text:HOSTlseek)
                  0081ff20    00000100                     : fflush.obj (.text:fflush)
                  00820020    00000100     sysbios.lib : BIOS.obj (.text:initDevice$44)
                  00820120    00000100     main.obj (.text)
                  00820220    00000100     ipc.lib : Ipc.obj (.text:ti_sdo_ipc_GateMP_start__F)
                  00820320    00000100             : Ipc.obj (.text:ti_sdo_ipc_Notify_Instance_finalize__F)
                  00820420    00000100     modelPreesm_pe66.oe66 (.text:ti_sdo_ipc_Notify_Object__create__S)
                  00820520    00000100     ipc.lib : Ipc.obj (.text:ti_sdo_ipc_SharedRegion_attach__F)
                  00820620    00000100             : Ipc.obj (.text:ti_sdo_ipc_SharedRegion_clearReservedMemory__F)
                  00820720    00000100             : Ipc.obj (.text:ti_sdo_ipc_family_c647x_Interrupt_Module_startup__F)
                  00820820    00000100             : Ipc.obj (.text:ti_sdo_ipc_gates_GateHWSem_Module_startup__F)
                  00820920    00000100             : Ipc.obj (.text:ti_sdo_ipc_gates_GateMPSupportNull_enter__E)
                  00820a20    00000100             : Ipc.obj (.text:ti_sdo_ipc_gates_GateMPSupportNull_leave__E)
                  00820b20    00000100     modelPreesm_pe66.oe66 (.text:ti_sdo_ipc_gates_GatePeterson_Object__create__S)
                  00820c20    00000100     modelPreesm_pe66.oe66 (.text:ti_sdo_ipc_nsremote_NameServerRemoteNotify_Object__create__S)
                  00820d20    00000100     ipc.lib : Ipc.obj (.text:ti_sdo_ipc_transports_TransportShmSetup_attach__E)
                  00820e20    00000100     modelPreesm_pe66.oe66 (.text:ti_sdo_ipc_transports_TransportShm_Object__create__S)
                  00820f20    00000100     modelPreesm_pe66.oe66 (.text:ti_sysbios_family_c64p_Hwi_Object__create__S)
                  00821020    00000100     sysbios.lib : BIOS.obj (.text:ti_sysbios_gates_GateMutexPri_leave__E)
                  00821120    00000100                 : BIOS.obj (.text:ti_sysbios_knl_Clock_startI__E)
                  00821220    00000100     modelPreesm_pe66.oe66 (.text:ti_sysbios_knl_Swi_Object__create__S)
                  00821320    00000100     sysbios.lib : BIOS.obj (.text:ti_sysbios_knl_Swi_restoreHwi__E)
                  00821420    00000100     ti.targets.rts6000.ae66 : Core-mem.oe66 (.text:xdc_runtime_Core_deleteObject__I)
                  00821520    00000100                             : Startup.oe66 (.text:xdc_runtime_Startup_exec__F)
                  00821620    00000100                             : Text.oe66 (.text:xdc_runtime_Text_putMod__F)
                  00821720    00000100                             : Text.oe66 (.text:xdc_runtime_Text_visitRope2__I)
                  00821820    000000e0     rts6600_elf.lib : trgdrv.obj (.text:HOSTopen)
                  00821900    000000e0                     : _printfi.obj (.text:_div)
                  008219e0    000000e0                     : atoi.obj (.text:atoi)
                  00821ac0    000000e0                     : lowlev.obj (.text:close)
                  00821ba0    000000e0                     : copy_zero_init.obj (.text:decompress:ZI:__TI_zero_init)
                  00821c80    000000e0                     : exit.obj (.text:exit)
                  00821d60    000000e0                     : ltoa.obj (.text:ltoa)
                  00821e40    000000e0                     : memset.obj (.text:memset)
                  00821f20    000000e0     modelPreesm_pe66.oe66 (.text:ti_sdo_ipc_GateMP_Object__create__S)
                  00822000    000000e0     modelPreesm_pe66.oe66 (.text:ti_sdo_ipc_ListMP_Object__create__S)
                  008220e0    000000e0     ipc.lib : Ipc.obj (.text:ti_sdo_ipc_family_c647x_NotifySetup_attach__E)
                  008221c0    000000e0             : Ipc.obj (.text:ti_sdo_ipc_gates_GateHWSem_enter__E)
                  008222a0    000000e0     modelPreesm_pe66.oe66 (.text:ti_sdo_ipc_heaps_HeapMemMP_Object__create__S)
                  00822380    000000e0     modelPreesm_pe66.oe66 (.text:ti_sdo_ipc_notifyDrivers_NotifyDriverShm_Object__create__S)
                  00822460    000000e0     sysbios.lib : BIOS.obj (.text:ti_sysbios_family_c64p_Hwi_Instance_finalize__F)
                  00822540    000000e0                 : BIOS.obj (.text:ti_sysbios_family_c64p_Hwi_Instance_init__F)
                  00822620    000000e0                 : BIOS.obj (.text:ti_sysbios_knl_Clock_start__E)
                  00822700    000000e0                 : BIOS.obj (.text:ti_sysbios_timers_timer64_Timer_startup__E)
                  008227e0    000000e0     ti.targets.rts6000.ae66 : Error.oe66 (.text:xdc_runtime_Error_print__F)
                  008228c0    000000e0                             : Memory.oe66 (.text:xdc_runtime_Memory_alloc__F)
                  008229a0    000000e0     modelPreesm_pe66.oe66 (.text:xdc_runtime_knl_GateThread_Object__create__S)
                  00822a80    000000c0     Core1.obj (.text)
                  00822b40    000000c0     Core2.obj (.text)
                  00822c00    000000c0     Core3.obj (.text)
                  00822cc0    000000c0     Core4.obj (.text)
                  00822d80    000000c0     Core5.obj (.text)
                  00822e40    000000c0     Core6.obj (.text)
                  00822f00    000000c0     Core7.obj (.text)
                  00822fc0    000000c0     rts6600_elf.lib : trgdrv.obj (.text:HOSTread)
                  00823080    000000c0                     : trgdrv.obj (.text:HOSTunlink)
                  00823140    000000c0                     : trgdrv.obj (.text:HOSTwrite)
                  00823200    000000c0     ipc.lib : Ipc.obj (.text:HeapMemMP_create)
                  008232c0    000000c0             : Ipc.obj (.text:ListMP_create)
                  00823380    000000c0     rts6600_elf.lib : dtor_list.obj (.text:__cxa_finalize)
                  00823440    000000c0                     : divu.obj (.text:__divu)
                  00823500    000000c0                     : fopen.obj (.text:_cleanup)
                  008235c0    000000c0                     : fflush.obj (.text:_doflush)
                  00823680    000000c0     displayMatrix.obj (.text)
                  00823740    000000c0     rts6600_elf.lib : fseek.obj (.text:fseek)
                  00823800    000000c0                     : lowlev.obj (.text:lseek)
                  008238c0    000000c0     ipc.lib : Ipc.obj (.text:ti_sdo_ipc_GateMP_getRegion0ReservedSize__F)
                  00823980    000000c0             : Ipc.obj (.text:ti_sdo_ipc_Notify_execMany__I)
                  00823a40    000000c0             : Ipc.obj (.text:ti_sdo_ipc_family_c647x_Interrupt_intShmStub__I)
                  00823b00    000000c0     sysbios.lib : BIOS.obj (.text:ti_sysbios_BIOS_errorRaiseHook__I)
                  00823bc0    000000c0                 : BIOS.obj (.text:ti_sysbios_gates_GateAll_leave__E)
                  00823c80    000000c0                 : BIOS.obj (.text:ti_sysbios_heaps_HeapMem_getStats__E)
                  00823d40    000000c0                 : BIOS.obj (.text:ti_sysbios_knl_Clock_logTick__E)
                  00823e00    000000c0                 : BIOS.obj (.text:ti_sysbios_knl_Swi_Instance_finalize__F)
                  00823ec0    000000c0                 : BIOS.obj (.text:ti_sysbios_timers_timer64_Timer_stop__E)
                  00823f80    000000c0     rts6600_elf.lib : lowlev.obj (.text:write)
                  00824040    000000c0     ti.targets.rts6000.ae66 : System.oe66 (.text:xdc_runtime_System_formatNum__I)
                  00824100    000000a0     rts6600_elf.lib : trgdrv.obj (.text:HOSTclose)
                  008241a0    000000a0                     : fltulld.obj (.text:__c6xabi_fltulld)
                  00824240    000000a0                     : remu.obj (.text:__remu)
                  008242e0    000000a0     boot.ae66 : boot.oe66 (.text:_c_int00)
                  00824380    000000a0     rts6600_elf.lib : _printfi.obj (.text:_ecpy)
                  00824420    000000a0                     : _printfi.obj (.text:_fcpy)
                  008244c0    000000a0                     : _printfi.obj (.text:_pconv_f)
                  00824560    000000a0     sysbios.lib : c64p_Hwi_asm.obj (.text:_ti_sysbios_family_c64p_Hwi_plug__E)
                  00824600    000000a0     rts6600_elf.lib : lowlev.obj (.text:finddevice)
                  008246a0    000000a0                     : memcpy64.obj (.text:memcpy)
                  00824740    000000a0     ipc.lib : Ipc.obj (.text:ti_sdo_ipc_family_c647x_Interrupt_intUnregister__E)
                  008247e0    000000a0             : Ipc.obj (.text:ti_sdo_ipc_gates_GatePeterson_leave__E)
                  00824880    000000a0             : Ipc.obj (.text:ti_sdo_ipc_notifyDrivers_NotifyDriverShm_Instance_finalize__F)
                  00824920    000000a0     sysbios.lib : BIOS.obj (.text:ti_sysbios_heaps_HeapMem_init__I)
                  008249c0    000000a0     modelPreesm_pe66.oe66 (.text:ti_sysbios_knl_Clock_Object__create__S)
                  00824a60    000000a0     transposeMatrix.obj (.text)
                  00824b00    000000a0     ti.targets.rts6000.ae66 : Assert.oe66 (.text:xdc_runtime_Assert_raise__I)
                  00824ba0    00000080     ipc.lib : Ipc.obj (.text:GateMP_create)
                  00824c20    00000080     rts6600_elf.lib : dtor_list.obj (.text:_Z11__TI_atexitPFYvPvES_S_)
                  00824ca0    00000080                     : fixdu.obj (.text:__c6xabi_fixdu)
                  00824d20    00000080                     : llshift.obj (.text:__c6xabi_llshl)
                  00824da0    00000080     sysbios.lib : c62_TaskSupport_asm.obj (.text:_ti_sysbios_family_c62_TaskSupport_swap__E)
                  00824e20    00000080     modelPreesm_pe66.oe66 (.text:malloc)
                  00824ea0    00000080     rts6600_elf.lib : printf.obj (.text:printf)
                  00824f20    00000080                     : trgmsg.obj (.text:readmsg)
                  00824fa0    00000080     modelPreesm_pe66.oe66 (.text:ti_sdo_ipc_gates_GateHWSem_Object__create__S)
                  00825020    00000080     modelPreesm_pe66.oe66 (.text:ti_sdo_ipc_gates_GateMPSupportNull_Object__create__S)
                  008250a0    00000080     ipc.lib : Ipc.obj (.text:ti_sdo_ipc_nsremote_NameServerRemoteNotify_detach__E)
                  00825120    00000080             : Ipc.obj (.text:ti_sdo_ipc_transports_TransportShm_swiFxn__I)
                  008251a0    00000080     modelPreesm_pe66.oe66 (.text:ti_sdo_utils_List_Object__create__S)
                  00825220    00000080     modelPreesm_pe66.oe66 (.text:ti_sysbios_BIOS_exitFunc__I)
                  008252a0    00000080     sysbios.lib : BIOS.obj (.text:ti_sysbios_BIOS_exit__E)
                  00825320    00000080                 : BIOS.obj (.text:ti_sysbios_family_c62_TaskSupport_start__E)
                  008253a0    00000080                 : BIOS.obj (.text:ti_sysbios_family_c64p_Exception_Module_startup__F)
                  00825420    00000080                 : BIOS.obj (.text:ti_sysbios_family_c64p_Hwi_eventMap__E)
                  008254a0    00000080                 : BIOS.obj (.text:ti_sysbios_family_c66_Cache_invL1pAll__E)
                  00825520    00000080     modelPreesm_pe66.oe66 (.text:ti_sysbios_gates_GateAll_Object__create__S)
                  008255a0    00000080     modelPreesm_pe66.oe66 (.text:ti_sysbios_gates_GateHwi_Object__create__S)
                  00825620    00000080     modelPreesm_pe66.oe66 (.text:ti_sysbios_gates_GateMutexPri_Object__create__S)
                  008256a0    00000080     modelPreesm_pe66.oe66 (.text:ti_sysbios_gates_GateMutex_Object__create__S)
                  00825720    00000080     modelPreesm_pe66.oe66 (.text:ti_sysbios_gates_GateSwi_Object__create__S)
                  008257a0    00000080     sysbios.lib : BIOS.obj (.text:ti_sysbios_gates_GateSwi_leave__E)
                  00825820    00000080                 : BIOS.obj (.text:ti_sysbios_hal_Hwi_checkStack:ti_sysbios_hal_Hwi_checkStack)
                  008258a0    00000080     modelPreesm_pe66.oe66 (.text:ti_sysbios_heaps_HeapMem_Object__create__S)
                  00825920    00000080     sysbios.lib : BIOS.obj (.text:ti_sysbios_knl_Clock_Module_startup__F)
                  008259a0    00000080     modelPreesm_pe66.oe66 (.text:ti_sysbios_knl_Clock_doTick__I)
                  00825a20    00000080     sysbios.lib : BIOS.obj (.text:ti_sysbios_knl_Clock_getTicks__E)
                  00825aa0    00000080                 : BIOS.obj (.text:ti_sysbios_knl_Idle_loop__E)
                  00825b20    00000080     modelPreesm_pe66.oe66 (.text:ti_sysbios_knl_Queue_Object__create__S)
                  00825ba0    00000080     modelPreesm_pe66.oe66 (.text:ti_sysbios_knl_Semaphore_Object__create__S)
                  00825c20    00000080     sysbios.lib : BIOS.obj (.text:ti_sysbios_knl_Semaphore_pendTimeout__I)
                  00825ca0    00000080                 : BIOS.obj (.text:ti_sysbios_knl_Swi_startup__E)
                  00825d20    00000080                 : BIOS.obj (.text:ti_sysbios_knl_Task_restore__E)
                  00825da0    00000080                 : BIOS.obj (.text:ti_sysbios_timers_timer64_Timer_getCount__E)
                  00825e20    00000080                 : BIOS.obj (.text:ti_sysbios_timers_timer64_Timer_getPeriod__E)
                  00825ea0    00000080     modelPreesm_pe66.oe66 (.text:ti_sysbios_xdcruntime_GateThreadSupport_Object__create__S)
                  00825f20    00000080     rts6600_elf.lib : lowlev.obj (.text:unlink)
                  00825fa0    00000080     ti.targets.rts6000.ae66 : Core-label.oe66 (.text:xdc_runtime_Core_assignLabel__I)
                  00826020    00000080                             : Core-params.oe66 (.text:xdc_runtime_Core_assignParams__I)
                  008260a0    00000080                             : System.oe66 (.text:xdc_runtime_System_atexit__F)
                  00826120    00000080                             : System.oe66 (.text:xdc_runtime_System_rtsExit__I)
                  008261a0    00000080                             : Text.oe66 (.text:xdc_runtime_Text_printVisFxn__I)
                  00826220    00000080                             : Text.oe66 (.text:xdc_runtime_Text_xprintf__I)
                  008262a0    00000060     ipc.lib : Ipc.obj (.text:GateMP_Params_init)
                  00826300    00000060             : Ipc.obj (.text:HeapMemMP_Params_init)
                  00826360    00000060     rts6600_elf.lib : frcmpyd_div.obj (.text:__c6xabi_frcmpyd_div)
                  008263c0    00000060                     : llshift.obj (.text:__c6xabi_llshru)
                  00826420    00000060                     : imath64.obj (.text:_subcull)
                  00826480    00000060                     : memccpy.obj (.text:memccpy)
                  008264e0    00000060     modelPreesm_pe66.oe66 (.text:ti_sdo_ipc_GateMP_Object__delete__S)
                  00826540    00000060     modelPreesm_pe66.oe66 (.text:ti_sdo_ipc_ListMP_Object__delete__S)
                  008265a0    00000060     ipc.lib : Ipc.obj (.text:ti_sdo_ipc_family_c647x_NotifySetup_sharedMemReq__E)
                  00826600    00000060     modelPreesm_pe66.oe66 (.text:ti_sdo_ipc_gates_GateHWSem_Object__delete__S)
                  00826660    00000060     ipc.lib : Ipc.obj (.text:ti_sdo_ipc_gates_GateHWSem_leave__E)
                  008266c0    00000060     modelPreesm_pe66.oe66 (.text:ti_sdo_ipc_gates_GateMPSupportNull_Object__delete__S)
                  00826720    00000060     ipc.lib : Ipc.obj (.text:ti_sdo_ipc_gates_GatePeterson_Instance_finalize__F)
                  00826780    00000060     modelPreesm_pe66.oe66 (.text:ti_sdo_ipc_gates_GatePeterson_Object__delete__S)
                  008267e0    00000060     ipc.lib : Ipc.obj (.text:ti_sdo_ipc_gates_GatePeterson_sharedMemReq__E)
                  00826840    00000060     modelPreesm_pe66.oe66 (.text:ti_sdo_ipc_heaps_HeapMemMP_Object__delete__S)
                  008268a0    00000060     modelPreesm_pe66.oe66 (.text:ti_sdo_ipc_notifyDrivers_NotifyDriverShm_Object__delete__S)
                  00826900    00000060     ipc.lib : Ipc.obj (.text:ti_sdo_ipc_notifyDrivers_NotifyDriverShm_setNotifyHandle__E)
                  00826960    00000060     modelPreesm_pe66.oe66 (.text:ti_sdo_ipc_nsremote_NameServerRemoteNotify_Object__delete__S)
                  008269c0    00000060     ipc.lib : Ipc.obj (.text:ti_sdo_ipc_transports_TransportShmSetup_sharedMemReq__E)
                  00826a20    00000060     modelPreesm_pe66.oe66 (.text:ti_sdo_ipc_transports_TransportShm_Object__delete__S)
                  00826a80    00000060     sysbios.lib : BIOS.obj (.text:ti_sysbios_BIOS_registerRTSLock__I)
                  00826ae0    00000060     modelPreesm_pe66.oe66 (.text:ti_sysbios_family_c64p_Hwi_Object__delete__S)
                  00826b40    00000060     modelPreesm_pe66.oe66 (.text:ti_sysbios_gates_GateAll_Object__delete__S)
                  00826ba0    00000060     sysbios.lib : BIOS.obj (.text:ti_sysbios_gates_GateAll_enter__E)
                  00826c00    00000060     modelPreesm_pe66.oe66 (.text:ti_sysbios_gates_GateHwi_Object__delete__S)
                  00826c60    00000060     modelPreesm_pe66.oe66 (.text:ti_sysbios_gates_GateMutexPri_Object__delete__S)
                  00826cc0    00000060     sysbios.lib : BIOS.obj (.text:ti_sysbios_gates_GateMutex_Instance_init__F)
                  00826d20    00000060     modelPreesm_pe66.oe66 (.text:ti_sysbios_gates_GateMutex_Object__delete__S)
                  00826d80    00000060     modelPreesm_pe66.oe66 (.text:ti_sysbios_gates_GateSwi_Object__delete__S)
                  00826de0    00000060     sysbios.lib : BIOS.obj (.text:ti_sysbios_hal_Hwi_initStack:ti_sysbios_hal_Hwi_initStack)
                  00826e40    00000060     modelPreesm_pe66.oe66 (.text:ti_sysbios_heaps_HeapMem_Object__delete__S)
                  00826ea0    00000060     sysbios.lib : BIOS.obj (.text:ti_sysbios_knl_Swi_Module_startup__F)
                  00826f00    00000060                 : BIOS.obj (.text:ti_sysbios_knl_Task_allBlockedFunction__I)
                  00826f60    00000060                 : BIOS.obj (.text:ti_sysbios_knl_Task_enter__I)
                  00826fc0    00000060     modelPreesm_pe66.oe66 (.text:ti_sysbios_xdcruntime_GateThreadSupport_Object__delete__S)
                  00827020    00000060     rts6600_elf.lib : trgmsg.obj (.text:writemsg)
                  00827080    00000060     modelPreesm_pe66.oe66 (.text:xdc_runtime_GateNull_Object__create__S)
                  008270e0    00000060     modelPreesm_pe66.oe66 (.text:xdc_runtime_GateNull_Object__delete__S)
                  00827140    00000060     ti.targets.rts6000.ae66 : Memory.oe66 (.text:xdc_runtime_Memory_calloc__F)
                  008271a0    00000060                             : Memory.oe66 (.text:xdc_runtime_Memory_valloc__F)
                  00827200    00000060                             : SysStd.oe66 (.text:xdc_runtime_SysStd_abort__F)
                  00827260    00000060                             : System.oe66 (.text:xdc_runtime_System_avprintf__F)
                  008272c0    00000060                             : System.oe66 (.text:xdc_runtime_System_vprintf__F)
                  00827320    00000060                             : Text.oe66 (.text:xdc_runtime_Text_cordText__F)
                  00827380    00000060     modelPreesm_pe66.oe66 (.text:xdc_runtime_knl_GateThread_Object__delete__S)
                  008273e0    00000040     rts6600_elf.lib : isinf.obj (.text:__c6xabi_isinf)
                  00827420    00000040                     : _printfi.obj (.text:__c6xabi_isnan)
                  00827460    00000040                     : strasg.obj (.text:__strasgi_64plus)
                  008274a0    00000040                     : args_main.obj (.text:_args_main)
                  008274e0    00000040     sysbios.lib : c62_TaskSupport_asm.obj (.text:_ti_sysbios_family_c62_TaskSupport_buildTaskStack)
                  00827520    00000040                 : c64p_Hwi_asm_switch.obj (.text:_ti_sysbios_family_xxx_Hwi_switchToIsrStack)
                  00827560    00000040     modelPreesm_pe66.oe66 (.text:free)
                  008275a0    00000040     sysbios.lib : BIOS.obj (.text:rtsLock$0)
                  008275e0    00000040     ipc.lib : Ipc.obj (.text:ti_sdo_ipc_family_c647x_Interrupt_intClear__E)
                  00827620    00000040             : Ipc.obj (.text:ti_sdo_ipc_family_c647x_Interrupt_intSend__E)
                  00827660    00000040     modelPreesm_pe66.oe66 (.text:ti_sdo_ipc_gates_GateHWSem_Handle__label__S)
                  008276a0    00000040     modelPreesm_pe66.oe66 (.text:ti_sdo_ipc_gates_GateMPSupportNull_Handle__label__S)
                  008276e0    00000040     modelPreesm_pe66.oe66 (.text:ti_sdo_ipc_gates_GatePeterson_Handle__label__S)
                  00827720    00000040     modelPreesm_pe66.oe66 (.text:ti_sdo_ipc_heaps_HeapMemMP_Handle__label__S)
                  00827760    00000040     modelPreesm_pe66.oe66 (.text:ti_sdo_ipc_notifyDrivers_NotifyDriverShm_Handle__label__S)
                  008277a0    00000040     ipc.lib : Ipc.obj (.text:ti_sdo_ipc_notifyDrivers_NotifyDriverShm_disable__E)
                  008277e0    00000040             : Ipc.obj (.text:ti_sdo_ipc_notifyDrivers_NotifyDriverShm_enable__E)
                  00827820    00000040     modelPreesm_pe66.oe66 (.text:ti_sdo_ipc_nsremote_NameServerRemoteNotify_Handle__label__S)
                  00827860    00000040     ipc.lib : Ipc.obj (.text:ti_sdo_ipc_nsremote_NameServerRemoteNotify_sharedMemReq__E)
                  008278a0    00000040     modelPreesm_pe66.oe66 (.text:ti_sdo_ipc_transports_TransportShm_Handle__label__S)
                  008278e0    00000040     modelPreesm_pe66.oe66 (.text:ti_sdo_utils_NameServer_Module__startupDone__F)
                  00827920    00000040     modelPreesm_pe66.oe66 (.text:ti_sdo_utils_NameServer_Object__get__S)
                  00827960    00000040     modelPreesm_pe66.oe66 (.text:ti_sysbios_BIOS_startFunc__I)
                  008279a0    00000040     sysbios.lib : BIOS.obj (.text:ti_sysbios_BIOS_start__E)
                  008279e0    00000040     modelPreesm_pe66.oe66 (.text:ti_sysbios_family_c64p_Hwi_Module__startupDone__F)
                  00827a20    00000040     sysbios.lib : BIOS.obj (.text:ti_sysbios_family_c64p_Hwi_disableInterrupt__E)
                  00827a60    00000040                 : BIOS.obj (.text:ti_sysbios_family_c64p_Hwi_enableInterrupt__E)
                  00827aa0    00000040     modelPreesm_pe66.oe66 (.text:ti_sysbios_gates_GateAll_Handle__label__S)
                  00827ae0    00000040     modelPreesm_pe66.oe66 (.text:ti_sysbios_gates_GateHwi_Handle__label__S)
                  00827b20    00000040     modelPreesm_pe66.oe66 (.text:ti_sysbios_gates_GateMutexPri_Handle__label__S)
                  00827b60    00000040     sysbios.lib : BIOS.obj (.text:ti_sysbios_gates_GateMutexPri_Instance_finalize__F)
                  00827ba0    00000040                 : BIOS.obj (.text:ti_sysbios_gates_GateMutexPri_Instance_init__F)
                  00827be0    00000040     modelPreesm_pe66.oe66 (.text:ti_sysbios_gates_GateMutexPri_Object__destruct__S)
                  00827c20    00000040     modelPreesm_pe66.oe66 (.text:ti_sysbios_gates_GateMutex_Handle__label__S)
                  00827c60    00000040     sysbios.lib : BIOS.obj (.text:ti_sysbios_gates_GateMutex_Instance_finalize__F)
                  00827ca0    00000040                 : BIOS.obj (.text:ti_sysbios_gates_GateMutex_leave__E)
                  00827ce0    00000040     modelPreesm_pe66.oe66 (.text:ti_sysbios_gates_GateSwi_Handle__label__S)
                  00827d20    00000040     modelPreesm_pe66.oe66 (.text:ti_sysbios_hal_Timer_Module__startupDone__F)
                  00827d60    00000040     modelPreesm_pe66.oe66 (.text:ti_sysbios_heaps_HeapMem_Handle__label__S)
                  00827da0    00000040     modelPreesm_pe66.oe66 (.text:ti_sysbios_heaps_HeapMem_Object__get__S)
                  00827de0    00000040     modelPreesm_pe66.oe66 (.text:ti_sysbios_knl_Clock_Object__destruct__S)
                  00827e20    00000040     sysbios.lib : BIOS.obj (.text:ti_sysbios_knl_Semaphore_Instance_finalize__F)
                  00827e60    00000040     modelPreesm_pe66.oe66 (.text:ti_sysbios_knl_Semaphore_Object__destruct__S)
                  00827ea0    00000040     modelPreesm_pe66.oe66 (.text:ti_sysbios_knl_Swi_Object__destruct__S)
                  00827ee0    00000040     modelPreesm_pe66.oe66 (.text:ti_sysbios_knl_Swi_Object__get__S)
                  00827f20    00000040     modelPreesm_pe66.oe66 (.text:ti_sysbios_knl_Task_Object__get__S)
                  00827f60    00000040     sysbios.lib : BIOS.obj (.text:ti_sysbios_knl_Task_sleepTimeout__I)
                  00827fa0    00000040     modelPreesm_pe66.oe66 (.text:ti_sysbios_timers_timer64_Timer_Module__startupDone__F)
                  00827fe0    00000040     sysbios.lib : BIOS.obj (.text:ti_sysbios_xdcruntime_GateThreadSupport_Instance_finalize__F)
                  00828020    00000040                 : BIOS.obj (.text:ti_sysbios_xdcruntime_GateThreadSupport_Instance_init__F)
                  00828060    00000040                 : BIOS.obj (.text:ti_sysbios_xdcruntime_GateThreadSupport_enter__F)
                  008280a0    00000040                 : BIOS.obj (.text:ti_sysbios_xdcruntime_GateThreadSupport_leave__F)
                  008280e0    00000040     ti.targets.rts6000.ae66 : Error.oe66 (.text:xdc_runtime_Error_check__F)
                  00828120    00000040                             : Error.oe66 (.text:xdc_runtime_Error_init__F)
                  00828160    00000040     modelPreesm_pe66.oe66 (.text:xdc_runtime_GateNull_Handle__label__S)
                  008281a0    00000040     ti.targets.rts6000.ae66 : Gate.oe66 (.text:xdc_runtime_Gate_leaveSystem__F)
                  008281e0    00000040                             : Memory.oe66 (.text:xdc_runtime_Memory_free__F)
                  00828220    00000040                             : Registry.oe66 (.text:xdc_runtime_Registry_findById__F)
                  00828260    00000040                             : System.oe66 (.text:xdc_runtime_System_abort__F)
                  008282a0    00000040     modelPreesm_pe66.oe66 (.text:xdc_runtime_System_aprintf__E)
                  008282e0    00000040     modelPreesm_pe66.oe66 (.text:xdc_runtime_System_printf__E)
                  00828320    00000040     ti.targets.rts6000.ae66 : Text.oe66 (.text:xdc_runtime_Text_ropeText__F)
                  00828360    00000040     modelPreesm_pe66.oe66 (.text:xdc_runtime_knl_GateThread_Handle__label__S)
                  008283a0    00000040     ti.targets.rts6000.ae66 : GateThread.oe66 (.text:xdc_runtime_knl_GateThread_Instance_finalize__F)
                  008283e0    00000040                             : GateThread.oe66 (.text:xdc_runtime_knl_GateThread_Instance_init__F)
                  00828420    00000020     ipc.lib : Ipc.obj (.text:GateMP_delete)
                  00828440    00000020             : Ipc.obj (.text:MultiProc_self)
                  00828460    00000020     rts6600_elf.lib : negll.obj (.text:__c6xabi_negll)
                  00828480    00000020                     : dtor_list.obj (.text:__cxa_atexit)
                  008284a0    00000020                     : dtor_list.obj (.text:__cxa_ia64_exit)
                  008284c0    00000020     ti.targets.rts6000.ae66 : xdc_noinit.oe66 (.text:__xdc__init)
                  008284e0    00000020     rts6600_elf.lib : _lock.obj (.text:_nop)
                  00828500    00000020                     : printf.obj (.text:_outc)
                  00828520    00000020                     : printf.obj (.text:_outs)
                  00828540    00000020                     : _lock.obj (.text:_register_lock)
                  00828560    00000020                     : _lock.obj (.text:_register_unlock)
                  00828580    00000020     sysbios.lib : c62_TaskSupport_asm.obj (.text:_ti_sysbios_family_c62_TaskSupport_glue)
                  008285a0    00000020                 : c64p_Hwi_asm_switch.obj (.text:_ti_sysbios_family_xxx_Hwi_switchToTaskStack)
                  008285c0    00000020     rts6600_elf.lib : exit.obj (.text:abort)
                  008285e0    00000020                     : dtor_list.obj (.text:atexit)
                  00828600    00000020                     : copy_decompress_none.obj (.text:decompress:none:__TI_decompress_none)
                  00828620    00000020                     : copy_decompress_rle.obj (.text:decompress:rle24:__TI_decompress_rle24)
                  00828640    00000020     sysbios.lib : BIOS.obj (.text:nullFunc$0)
                  00828660    00000020     rts6600_elf.lib : fputc.obj (.text:putc)
                  00828680    00000020                     : fputc.obj (.text:putchar)
                  008286a0    00000020     modelPreesm_pe66.oe66 (.text:ti_sdo_ipc_GateMP_Params__init__S)
                  008286c0    00000020     modelPreesm_pe66.oe66 (.text:ti_sdo_ipc_GateMP_RemoteCustom1Proxy_Object__create__S)
                  008286e0    00000020     modelPreesm_pe66.oe66 (.text:ti_sdo_ipc_GateMP_RemoteCustom1Proxy_Object__delete__S)
                  00828700    00000020     modelPreesm_pe66.oe66 (.text:ti_sdo_ipc_GateMP_RemoteCustom1Proxy_Params__init__S)
                  00828720    00000020     modelPreesm_pe66.oe66 (.text:ti_sdo_ipc_GateMP_RemoteCustom1Proxy_Proxy__abstract__S)
                  00828740    00000020     modelPreesm_pe66.oe66 (.text:ti_sdo_ipc_GateMP_RemoteCustom1Proxy_Proxy__delegate__S)
                  00828760    00000020     modelPreesm_pe66.oe66 (.text:ti_sdo_ipc_GateMP_RemoteCustom2Proxy_Object__create__S)
                  00828780    00000020     modelPreesm_pe66.oe66 (.text:ti_sdo_ipc_GateMP_RemoteCustom2Proxy_Object__delete__S)
                  008287a0    00000020     modelPreesm_pe66.oe66 (.text:ti_sdo_ipc_GateMP_RemoteCustom2Proxy_Params__init__S)
                  008287c0    00000020     modelPreesm_pe66.oe66 (.text:ti_sdo_ipc_GateMP_RemoteCustom2Proxy_Proxy__abstract__S)
                  008287e0    00000020     modelPreesm_pe66.oe66 (.text:ti_sdo_ipc_GateMP_RemoteCustom2Proxy_Proxy__delegate__S)
                  00828800    00000020     modelPreesm_pe66.oe66 (.text:ti_sdo_ipc_GateMP_RemoteSystemProxy_Object__create__S)
                  00828820    00000020     modelPreesm_pe66.oe66 (.text:ti_sdo_ipc_GateMP_RemoteSystemProxy_Object__delete__S)
                  00828840    00000020     modelPreesm_pe66.oe66 (.text:ti_sdo_ipc_GateMP_RemoteSystemProxy_Params__init__S)
                  00828860    00000020     modelPreesm_pe66.oe66 (.text:ti_sdo_ipc_GateMP_RemoteSystemProxy_Proxy__abstract__S)
                  00828880    00000020     modelPreesm_pe66.oe66 (.text:ti_sdo_ipc_GateMP_RemoteSystemProxy_Proxy__delegate__S)
                  008288a0    00000020     ipc.lib : Ipc.obj (.text:ti_sdo_ipc_GateMP_getSharedAddr__F)
                  008288c0    00000020     modelPreesm_pe66.oe66 (.text:ti_sdo_ipc_ListMP_Params__init__S)
                  008288e0    00000020     modelPreesm_pe66.oe66 (.text:ti_sdo_ipc_MessageQ_Object__get__S)
                  00828900    00000020     modelPreesm_pe66.oe66 (.text:ti_sdo_ipc_Notify_Module_GateProxy_enter__E)
                  00828920    00000020     modelPreesm_pe66.oe66 (.text:ti_sdo_ipc_Notify_Module_GateProxy_leave__E)
                  00828940    00000020     ipc.lib : Ipc.obj (.text:ti_sdo_ipc_family_c647x_Interrupt_intDisable__E)
                  00828960    00000020             : Ipc.obj (.text:ti_sdo_ipc_family_c647x_Interrupt_intEnable__E)
                  00828980    00000020             : Ipc.obj (.text:ti_sdo_ipc_family_c647x_NotifySetup_numIntLines__E)
                  008289a0    00000020     modelPreesm_pe66.oe66 (.text:ti_sdo_ipc_gates_GateHWSem_Params__init__S)
                  008289c0    00000020     ipc.lib : Ipc.obj (.text:ti_sdo_ipc_gates_GateHWSem_getReservedMask__E)
                  008289e0    00000020             : Ipc.obj (.text:ti_sdo_ipc_gates_GateHWSem_query__F)
                  00828a00    00000020             : Ipc.obj (.text:ti_sdo_ipc_gates_GateHWSem_sharedMemReq__E)
                  00828a20    00000020             : Ipc.obj (.text:ti_sdo_ipc_gates_GateMPSupportNull_Instance_init__F)
                  00828a40    00000020     modelPreesm_pe66.oe66 (.text:ti_sdo_ipc_gates_GateMPSupportNull_Params__init__S)
                  00828a60    00000020     ipc.lib : Ipc.obj (.text:ti_sdo_ipc_gates_GateMPSupportNull_getReservedMask__E)
                  00828a80    00000020             : Ipc.obj (.text:ti_sdo_ipc_gates_GateMPSupportNull_query__F)
                  00828aa0    00000020             : Ipc.obj (.text:ti_sdo_ipc_gates_GateMPSupportNull_sharedMemReq__E)
                  00828ac0    00000020     modelPreesm_pe66.oe66 (.text:ti_sdo_ipc_gates_GatePeterson_Params__init__S)
                  00828ae0    00000020     ipc.lib : Ipc.obj (.text:ti_sdo_ipc_gates_GatePeterson_getReservedMask__E)
                  00828b00    00000020             : Ipc.obj (.text:ti_sdo_ipc_gates_GatePeterson_query__F)
                  00828b20    00000020     modelPreesm_pe66.oe66 (.text:ti_sdo_ipc_heaps_HeapMemMP_Params__init__S)
                  00828b40    00000020     ipc.lib : Ipc.obj (.text:ti_sdo_ipc_heaps_HeapMemMP_isBlocking__F)
                  00828b60    00000020     modelPreesm_pe66.oe66 (.text:ti_sdo_ipc_notifyDrivers_NotifyDriverShm_Params__init__S)
                  00828b80    00000020     modelPreesm_pe66.oe66 (.text:ti_sdo_ipc_nsremote_NameServerRemoteNotify_Object__first__S)
                  00828ba0    00000020     modelPreesm_pe66.oe66 (.text:ti_sdo_ipc_nsremote_NameServerRemoteNotify_Object__next__S)
                  00828bc0    00000020     modelPreesm_pe66.oe66 (.text:ti_sdo_ipc_nsremote_NameServerRemoteNotify_Params__init__S)
                  00828be0    00000020     ipc.lib : Ipc.obj (.text:ti_sdo_ipc_nsremote_NameServerRemoteNotify_cbFxn__I)
                  00828c00    00000020             : Ipc.obj (.text:ti_sdo_ipc_transports_TransportShmSetup_isRegistered__E)
                  00828c20    00000020     modelPreesm_pe66.oe66 (.text:ti_sdo_ipc_transports_TransportShm_Params__init__S)
                  00828c40    00000020     ipc.lib : Ipc.obj (.text:ti_sdo_ipc_transports_TransportShm_control__E)
                  00828c60    00000020             : Ipc.obj (.text:ti_sdo_ipc_transports_TransportShm_getStatus__E)
                  00828c80    00000020             : Ipc.obj (.text:ti_sdo_ipc_transports_TransportShm_notifyFxn__I)
                  00828ca0    00000020             : Ipc.obj (.text:ti_sdo_ipc_transports_TransportShm_setErrFxn__F)
                  00828cc0    00000020             : Ipc.obj (.text:ti_sdo_utils_List_Instance_init__F)
                  00828ce0    00000020     modelPreesm_pe66.oe66 (.text:ti_sdo_utils_List_Object__destruct__S)
                  00828d00    00000020     modelPreesm_pe66.oe66 (.text:ti_sdo_utils_List_Object__get__S)
                  00828d20    00000020     ipc.lib : Ipc.obj (.text:ti_sdo_utils_MultiProc_getClusterId__F)
                  00828d40    00000020     modelPreesm_pe66.oe66 (.text:ti_sdo_utils_NameServer_Object__first__S)
                  00828d60    00000020     modelPreesm_pe66.oe66 (.text:ti_sdo_utils_NameServer_Object__next__S)
                  00828d80    00000020     modelPreesm_pe66.oe66 (.text:ti_sysbios_BIOS_RtsGateProxy_enter__E)
                  00828da0    00000020     modelPreesm_pe66.oe66 (.text:ti_sysbios_BIOS_RtsGateProxy_leave__E)
                  00828dc0    00000020     sysbios.lib : BIOS.obj (.text:ti_sysbios_BIOS_getCpuFreq__E)
                  00828de0    00000020                 : BIOS.obj (.text:ti_sysbios_BIOS_getThreadType__E)
                  00828e00    00000020                 : BIOS.obj (.text:ti_sysbios_BIOS_setThreadType__E)
                  00828e20    00000020     modelPreesm_pe66.oe66 (.text:ti_sysbios_family_c62_TaskSupport_Module__startupDone__S)
                  00828e40    00000020     sysbios.lib : BIOS.obj (.text:ti_sysbios_family_c62_TaskSupport_checkStack__E)
                  00828e60    00000020     modelPreesm_pe66.oe66 (.text:ti_sysbios_family_c64p_Hwi_Params__init__S)
                  00828e80    00000020     sysbios.lib : BIOS.obj (.text:ti_sysbios_family_c64p_Hwi_clearInterrupt__E)
                  00828ea0    00000020                 : BIOS.obj (.text:ti_sysbios_family_c64p_Hwi_getHandle__E)
                  00828ec0    00000020                 : BIOS.obj (.text:ti_sysbios_family_c64p_Hwi_startup__E)
                  00828ee0    00000020                 : BIOS.obj (.text:ti_sysbios_family_c64p_Hwi_switchFromBootStack__E)
                  00828f00    00000020                 : BIOS.obj (.text:ti_sysbios_family_c64p_Hwi_unPluggedInterrupt__I)
                  00828f20    00000020                 : BIOS.obj (.text:ti_sysbios_family_c64p_TimestampProvider_Module_startup__F)
                  00828f40    00000020                 : BIOS.obj (.text:ti_sysbios_family_c64p_TimestampProvider_get64__E)
                  00828f60    00000020                 : BIOS.obj (.text:ti_sysbios_family_c64p_tci6488_TimerSupport_enable__E)
                  00828f80    00000020                 : BIOS.obj (.text:ti_sysbios_family_c66_Cache_inv__E)
                  00828fa0    00000020                 : BIOS.obj (.text:ti_sysbios_family_c66_Cache_wbInv__E)
                  00828fc0    00000020                 : BIOS.obj (.text:ti_sysbios_gates_GateAll_Instance_init__F)
                  00828fe0    00000020                 : BIOS.obj (.text:ti_sysbios_gates_GateAll_query__F)
                  00829000    00000020                 : BIOS.obj (.text:ti_sysbios_gates_GateHwi_Instance_init__F)
                  00829020    00000020                 : BIOS.obj (.text:ti_sysbios_gates_GateHwi_enter__E)
                  00829040    00000020                 : BIOS.obj (.text:ti_sysbios_gates_GateHwi_leave__E)
                  00829060    00000020                 : BIOS.obj (.text:ti_sysbios_gates_GateHwi_query__F)
                  00829080    00000020                 : BIOS.obj (.text:ti_sysbios_gates_GateMutexPri_query__F)
                  008290a0    00000020                 : BIOS.obj (.text:ti_sysbios_gates_GateMutex_query__F)
                  008290c0    00000020                 : BIOS.obj (.text:ti_sysbios_gates_GateSwi_Instance_init__F)
                  008290e0    00000020                 : BIOS.obj (.text:ti_sysbios_gates_GateSwi_query__F)
                  00829100    00000020     modelPreesm_pe66.oe66 (.text:ti_sysbios_hal_Hwi_HwiProxy_Module__startupDone__S)
                  00829120    00000020     sysbios.lib : BIOS.obj (.text:ti_sysbios_hal_Hwi_Module_startup__F)
                  00829140    00000020                 : BIOS.obj (.text:ti_sysbios_hal_Timer_Module_startup__F)
                  00829160    00000020     modelPreesm_pe66.oe66 (.text:ti_sysbios_hal_Timer_TimerProxy_Module__startupDone__S)
                  00829180    00000020     modelPreesm_pe66.oe66 (.text:ti_sysbios_hal_Timer_TimerProxy_getExpiredCounts__E)
                  008291a0    00000020     modelPreesm_pe66.oe66 (.text:ti_sysbios_hal_Timer_TimerProxy_getPeriod__E)
                  008291c0    00000020     modelPreesm_pe66.oe66 (.text:ti_sysbios_hal_Timer_TimerProxy_setNextTick__E)
                  008291e0    00000020     modelPreesm_pe66.oe66 (.text:ti_sysbios_heaps_HeapMem_Module_GateProxy_enter__E)
                  00829200    00000020     modelPreesm_pe66.oe66 (.text:ti_sysbios_heaps_HeapMem_Module_GateProxy_leave__E)
                  00829220    00000020     sysbios.lib : BIOS.obj (.text:ti_sysbios_heaps_HeapMem_isBlocking__E)
                  00829240    00000020     modelPreesm_pe66.oe66 (.text:ti_sysbios_knl_Clock_Params__init__S)
                  00829260    00000020     sysbios.lib : BIOS.obj (.text:ti_sysbios_knl_Queue_Instance_init__F)
                  00829280    00000020     modelPreesm_pe66.oe66 (.text:ti_sysbios_knl_Queue_Object__destruct__S)
                  008292a0    00000020     modelPreesm_pe66.oe66 (.text:ti_sysbios_knl_Queue_Object__get__S)
                  008292c0    00000020     sysbios.lib : BIOS.obj (.text:ti_sysbios_knl_Queue_empty__E)
                  008292e0    00000020     modelPreesm_pe66.oe66 (.text:ti_sysbios_knl_Semaphore_Params__init__S)
                  00829300    00000020     modelPreesm_pe66.oe66 (.text:ti_sysbios_knl_Swi_Params__init__S)
                  00829320    00000020     sysbios.lib : BIOS.obj (.text:ti_sysbios_knl_Swi_disable__E)
                  00829340    00000020     modelPreesm_pe66.oe66 (.text:ti_sysbios_knl_Task_Object__first__S)
                  00829360    00000020     modelPreesm_pe66.oe66 (.text:ti_sysbios_knl_Task_Object__next__S)
                  00829380    00000020     modelPreesm_pe66.oe66 (.text:ti_sysbios_knl_Task_SupportProxy_Module__startupDone__S)
                  008293a0    00000020     sysbios.lib : BIOS.obj (.text:ti_sysbios_knl_Task_disable__E)
                  008293c0    00000020                 : BIOS.obj (.text:ti_sysbios_knl_Task_getPri__E)
                  008293e0    00000020                 : BIOS.obj (.text:ti_sysbios_knl_Task_self__E)
                  00829400    00000020                 : BIOS.obj (.text:ti_sysbios_timers_timer64_Timer_setNextTick__E)
                  00829420    00000020     ti.targets.rts6000.ae66 : GateNull.oe66 (.text:xdc_runtime_GateNull_enter__F)
                  00829440    00000020                             : GateNull.oe66 (.text:xdc_runtime_GateNull_leave__F)
                  00829460    00000020                             : GateNull.oe66 (.text:xdc_runtime_GateNull_query__F)
                  00829480    00000020                             : Gate.oe66 (.text:xdc_runtime_Gate_enterSystem__F)
                  008294a0    00000020     modelPreesm_pe66.oe66 (.text:xdc_runtime_IHeap_alloc)
                  008294c0    00000020     modelPreesm_pe66.oe66 (.text:xdc_runtime_IHeap_free)
                  008294e0    00000020     modelPreesm_pe66.oe66 (.text:xdc_runtime_Memory_HeapProxy_alloc__E)
                  00829500    00000020     modelPreesm_pe66.oe66 (.text:xdc_runtime_Memory_HeapProxy_free__E)
                  00829520    00000020     ti.targets.rts6000.ae66 : Memory.oe66 (.text:xdc_runtime_Memory_getMaxDefaultTypeAlign__F)
                  00829540    00000020     modelPreesm_pe66.oe66 (.text:xdc_runtime_Startup_Module__startupDone__S)
                  00829560    00000020     modelPreesm_pe66.oe66 (.text:xdc_runtime_Startup_exec__I)
                  00829580    00000020     modelPreesm_pe66.oe66 (.text:xdc_runtime_Startup_reset__I)
                  008295a0    00000020     ti.targets.rts6000.ae66 : Startup.oe66 (.text:xdc_runtime_Startup_rtsDone__F)
                  008295c0    00000020                             : SysStd.oe66 (.text:xdc_runtime_SysStd_exit__F)
                  008295e0    00000020                             : SysStd.oe66 (.text:xdc_runtime_SysStd_putch__F)
                  00829600    00000020                             : SysStd.oe66 (.text:xdc_runtime_SysStd_ready__F)
                  00829620    00000020     modelPreesm_pe66.oe66 (.text:xdc_runtime_System_Module_GateProxy_enter__E)
                  00829640    00000020     modelPreesm_pe66.oe66 (.text:xdc_runtime_System_Module_GateProxy_leave__E)
                  00829660    00000020     ti.targets.rts6000.ae66 : System.oe66 (.text:xdc_runtime_System_Module_startup__F)
                  00829680    00000020                             : System.oe66 (.text:xdc_runtime_System_exit__F)
                  008296a0    00000020                             : System.oe66 (.text:xdc_runtime_System_lastFxn__I)
                  008296c0    00000020                             : System.oe66 (.text:xdc_runtime_System_vsprintf__F)
                  008296e0    00000020     modelPreesm_pe66.oe66 (.text:xdc_runtime_Text_visitRope__I)
                  00829700    00000020     modelPreesm_pe66.oe66 (.text:xdc_runtime_knl_GateThread_Module__startupDone__S)
                  00829720    00000020     modelPreesm_pe66.oe66 (.text:xdc_runtime_knl_GateThread_Proxy_Object__create__S)
                  00829740    00000020     modelPreesm_pe66.oe66 (.text:xdc_runtime_knl_GateThread_Proxy_Object__delete__S)
                  00829760    00000020     modelPreesm_pe66.oe66 (.text:xdc_runtime_knl_GateThread_Proxy_enter__E)
                  00829780    00000020     modelPreesm_pe66.oe66 (.text:xdc_runtime_knl_GateThread_Proxy_leave__E)
                  008297a0    00000020     ti.targets.rts6000.ae66 : GateThread.oe66 (.text:xdc_runtime_knl_GateThread_enter__F)
                  008297c0    00000020                             : GateThread.oe66 (.text:xdc_runtime_knl_GateThread_leave__F)

.far.1     0    008297e0    00009038     UNINITIALIZED
                  008297e0    00008034     modelPreesm_pe66.oe66 (.far)
                  00831814    00000004     --HOLE--
                  00831818    00001000     modelPreesm_pe66.oe66 (.far:taskStackSection)

.far.2     0    00832820    000003a8     UNINITIALIZED
                  00832820    00000190     semaphore6678.obj (.far)
                  008329b0    00000140     rts6600_elf.lib : defs.obj (.far)
                  00832af0    000000d8                     : trgdrv.obj (.far)

.far.3     0    00832bd0    00000020     UNINITIALIZED
                  00832bd0    00000020     communication.obj (.far)

.const     0    00832bf0    00004286     
                  00832bf0    000025b8     modelPreesm_pe66.oe66 (.const:xdc_runtime_Text_charTab__A)
                  008351a8    0000042c     sysbios.lib : BIOS.obj (.const:.string)
                  008355d4    0000000c     modelPreesm_pe66.oe66 (.const:ti_sysbios_family_c66_Cache_initSize__C)
                  008355e0    00000400     modelPreesm_pe66.oe66 (.const:ti_sysbios_family_c66_Cache_marvalues__C)
                  008359e0    00000174     modelPreesm_pe66.oe66 (.const:xdc_runtime_Text_nodeTab__A)
                  00835b54    00000008     ti.targets.rts6000.ae66 : System.oe66 (.const:.string)
                  00835b5c    00000004                             : Assert.oe66 (.const:.string)
                  00835b60    00000101     rts6600_elf.lib : ctype.obj (.const:_ctypes_)
                  00835c61    00000003     --HOLE-- [fill = 0]
                  00835c64    000000d7     modelPreesm_pe66.oe66 (.const:.string)
                  00835d3b    00000001     --HOLE-- [fill = 0]
                  00835d3c    00000058     ti.targets.rts6000.ae66 : Error.oe66 (.const:.string)
                  00835d94    00000048     communication.obj (.const:.string)
                  00835ddc    00000048     displayMatrix.obj (.const:.string)
                  00835e24    00000040     generateMatrices.obj (.const:.string)
                  00835e64    00000040     ti.targets.rts6000.ae66 : Text.oe66 (.const:.string)
                  00835ea4    00000008     modelPreesm_pe66.oe66 (.const:ti_sysbios_knl_Idle_funcList__C)
                  00835eac    00000004     modelPreesm_pe66.oe66 (.const:ti_sdo_ipc_GateMP_A_invalidClose__C)
                  00835eb0    00000040     modelPreesm_pe66.oe66 (.const:xdc_runtime_Startup_sfxnTab__A)
                  00835ef0    00000038     modelPreesm_pe66.oe66 (.const:ti_sdo_ipc_notifyDrivers_NotifyDriverShm_Module__FXNS__C)
                  00835f28    00000034     semaphore6678.obj (.const:.string)
                  00835f5c    00000034     modelPreesm_pe66.oe66 (.const:ti_sdo_ipc_GateMP_Object__PARAMS__C)
                  00835f90    00000034     modelPreesm_pe66.oe66 (.const:ti_sdo_ipc_notifyDrivers_NotifyDriverShm_Object__PARAMS__C)
                  00835fc4    00000030     modelPreesm_pe66.oe66 (.const:ti_sdo_ipc_heaps_HeapMemMP_Object__PARAMS__C)
                  00835ff4    00000030     modelPreesm_pe66.oe66 (.const:ti_sysbios_family_c64p_Hwi_Object__PARAMS__C)
                  00836024    0000002c     ti.targets.rts6000.ae66 : Startup.oe66 (.const:.string)
                  00836050    0000002c     modelPreesm_pe66.oe66 (.const:ti_sdo_ipc_ListMP_Object__PARAMS__C)
                  0083607c    0000002c     modelPreesm_pe66.oe66 (.const:ti_sdo_ipc_gates_GateHWSem_Module__FXNS__C)
                  008360a8    0000002c     modelPreesm_pe66.oe66 (.const:ti_sdo_ipc_gates_GateMPSupportNull_Module__FXNS__C)
                  008360d4    0000002c     modelPreesm_pe66.oe66 (.const:ti_sdo_ipc_gates_GatePeterson_Module__FXNS__C)
                  00836100    00000028     modelPreesm_pe66.oe66 (.const:ti_sdo_ipc_heaps_HeapMemMP_Module__FXNS__C)
                  00836128    00000028     modelPreesm_pe66.oe66 (.const:ti_sdo_ipc_nsremote_NameServerRemoteNotify_Module__FXNS__C)
                  00836150    00000028     modelPreesm_pe66.oe66 (.const:ti_sdo_ipc_transports_TransportShm_Module__FXNS__C)
                  00836178    00000028     modelPreesm_pe66.oe66 (.const:ti_sdo_ipc_transports_TransportShm_Object__PARAMS__C)
                  008361a0    00000028     modelPreesm_pe66.oe66 (.const:ti_sysbios_heaps_HeapMem_Module__FXNS__C)
                  008361c8    00000028     modelPreesm_pe66.oe66 (.const:ti_sysbios_knl_Swi_Object__PARAMS__C)
                  008361f0    00000024     modelPreesm_pe66.oe66 (.const:ti_sdo_ipc_gates_GateHWSem_Object__PARAMS__C)
                  00836214    00000024     modelPreesm_pe66.oe66 (.const:ti_sdo_ipc_gates_GateMPSupportNull_Object__PARAMS__C)
                  00836238    00000024     modelPreesm_pe66.oe66 (.const:ti_sdo_ipc_gates_GatePeterson_Object__PARAMS__C)
                  0083625c    00000024     modelPreesm_pe66.oe66 (.const:ti_sysbios_gates_GateAll_Module__FXNS__C)
                  00836280    00000024     modelPreesm_pe66.oe66 (.const:ti_sysbios_gates_GateHwi_Module__FXNS__C)
                  008362a4    00000024     modelPreesm_pe66.oe66 (.const:ti_sysbios_gates_GateMutexPri_Module__FXNS__C)
                  008362c8    00000024     modelPreesm_pe66.oe66 (.const:ti_sysbios_gates_GateMutex_Module__FXNS__C)
                  008362ec    00000024     modelPreesm_pe66.oe66 (.const:ti_sysbios_gates_GateSwi_Module__FXNS__C)
                  00836310    00000024     modelPreesm_pe66.oe66 (.const:ti_sysbios_knl_Clock_Object__PARAMS__C)
                  00836334    00000024     modelPreesm_pe66.oe66 (.const:ti_sysbios_knl_Semaphore_Object__PARAMS__C)
                  00836358    00000024     modelPreesm_pe66.oe66 (.const:xdc_runtime_GateNull_Module__FXNS__C)
                  0083637c    00000024     modelPreesm_pe66.oe66 (.const:xdc_runtime_knl_GateThread_Module__FXNS__C)
                  008363a0    00000023     rts6600_elf.lib : _printfi.obj (.const:.string)
                  008363c3    00000001     --HOLE-- [fill = 0]
                  008363c4    00000020     ti.targets.rts6000.ae66 : Core-mem.oe66 (.const:.string)
                  008363e4    00000020     modelPreesm_pe66.oe66 (.const:ti_sdo_ipc_GateMP_Object__DESC__C)
                  00836404    00000020     modelPreesm_pe66.oe66 (.const:ti_sdo_ipc_ListMP_Object__DESC__C)
                  00836424    00000020     modelPreesm_pe66.oe66 (.const:ti_sdo_ipc_Notify_Object__DESC__C)
                  00836444    00000020     modelPreesm_pe66.oe66 (.const:ti_sdo_ipc_gates_GateHWSem_Object__DESC__C)
                  00836464    00000020     modelPreesm_pe66.oe66 (.const:ti_sdo_ipc_gates_GateMPSupportNull_Object__DESC__C)
                  00836484    00000020     modelPreesm_pe66.oe66 (.const:ti_sdo_ipc_gates_GatePeterson_Object__DESC__C)
                  008364a4    00000020     modelPreesm_pe66.oe66 (.const:ti_sdo_ipc_heaps_HeapMemMP_Object__DESC__C)
                  008364c4    00000020     modelPreesm_pe66.oe66 (.const:ti_sdo_ipc_notifyDrivers_NotifyDriverShm_Object__DESC__C)
                  008364e4    00000020     modelPreesm_pe66.oe66 (.const:ti_sdo_ipc_nsremote_NameServerRemoteNotify_Object__DESC__C)
                  00836504    00000020     modelPreesm_pe66.oe66 (.const:ti_sdo_ipc_nsremote_NameServerRemoteNotify_Object__PARAMS__C)
                  00836524    00000020     modelPreesm_pe66.oe66 (.const:ti_sdo_ipc_transports_TransportShm_Object__DESC__C)
                  00836544    00000020     modelPreesm_pe66.oe66 (.const:ti_sdo_utils_List_Object__DESC__C)
                  00836564    00000020     modelPreesm_pe66.oe66 (.const:ti_sysbios_family_c64p_Hwi_Object__DESC__C)
                  00836584    00000020     modelPreesm_pe66.oe66 (.const:ti_sysbios_gates_GateAll_Object__DESC__C)
                  008365a4    00000020     modelPreesm_pe66.oe66 (.const:ti_sysbios_gates_GateHwi_Object__DESC__C)
                  008365c4    00000020     modelPreesm_pe66.oe66 (.const:ti_sysbios_gates_GateMutexPri_Object__DESC__C)
                  008365e4    00000020     modelPreesm_pe66.oe66 (.const:ti_sysbios_gates_GateMutex_Object__DESC__C)
                  00836604    00000020     modelPreesm_pe66.oe66 (.const:ti_sysbios_gates_GateSwi_Object__DESC__C)
                  00836624    00000020     modelPreesm_pe66.oe66 (.const:ti_sysbios_heaps_HeapMem_Object__DESC__C)
                  00836644    00000020     modelPreesm_pe66.oe66 (.const:ti_sysbios_heaps_HeapMem_Object__PARAMS__C)
                  00836664    00000020     modelPreesm_pe66.oe66 (.const:ti_sysbios_knl_Clock_Object__DESC__C)
                  00836684    00000020     modelPreesm_pe66.oe66 (.const:ti_sysbios_knl_Queue_Object__DESC__C)
                  008366a4    00000020     modelPreesm_pe66.oe66 (.const:ti_sysbios_knl_Semaphore_Object__DESC__C)
                  008366c4    00000020     modelPreesm_pe66.oe66 (.const:ti_sysbios_knl_Swi_Object__DESC__C)
                  008366e4    00000020     modelPreesm_pe66.oe66 (.const:ti_sysbios_xdcruntime_GateThreadSupport_Object__DESC__C)
                  00836704    00000020     modelPreesm_pe66.oe66 (.const:xdc_runtime_GateNull_Object__DESC__C)
                  00836724    00000008     modelPreesm_pe66.oe66 (.const:ti_sysbios_knl_Task_hooks__C)
                  0083672c    00000004     modelPreesm_pe66.oe66 (.const:ti_sdo_ipc_GateMP_A_invalidDelete__C)
                  00836730    00000020     modelPreesm_pe66.oe66 (.const:xdc_runtime_Startup_sfxnRts__A)
                  00836750    00000020     modelPreesm_pe66.oe66 (.const:xdc_runtime_knl_GateThread_Object__DESC__C)
                  00836770    00000018     main.obj (.const:.string)
                  00836788    00000018     modelPreesm_pe66.oe66 (.const:ti_sdo_ipc_Notify_Object__PARAMS__C)
                  008367a0    00000018     modelPreesm_pe66.oe66 (.const:ti_sdo_utils_List_Object__PARAMS__C)
                  008367b8    00000018     modelPreesm_pe66.oe66 (.const:ti_sysbios_gates_GateAll_Object__PARAMS__C)
                  008367d0    00000018     modelPreesm_pe66.oe66 (.const:ti_sysbios_gates_GateHwi_Object__PARAMS__C)
                  008367e8    00000018     modelPreesm_pe66.oe66 (.const:ti_sysbios_gates_GateMutexPri_Object__PARAMS__C)
                  00836800    00000018     modelPreesm_pe66.oe66 (.const:ti_sysbios_gates_GateMutex_Object__PARAMS__C)
                  00836818    00000018     modelPreesm_pe66.oe66 (.const:ti_sysbios_gates_GateSwi_Object__PARAMS__C)
                  00836830    00000018     modelPreesm_pe66.oe66 (.const:ti_sysbios_knl_Queue_Object__PARAMS__C)
                  00836848    00000008     modelPreesm_pe66.oe66 (.const:xdc_runtime_Startup_firstFxns__C)
                  00836850    00000018     modelPreesm_pe66.oe66 (.const:ti_sysbios_knl_Task_hooks__A)
                  00836868    00000018     modelPreesm_pe66.oe66 (.const:ti_sysbios_xdcruntime_GateThreadSupport_Object__PARAMS__C)
                  00836880    00000018     modelPreesm_pe66.oe66 (.const:xdc_runtime_GateNull_Object__PARAMS__C)
                  00836898    00000018     modelPreesm_pe66.oe66 (.const:xdc_runtime_knl_GateThread_Object__PARAMS__C)
                  008368b0    00000011     ti.targets.rts6000.ae66 : System.oe66 (.const:digtohex)
                  008368c1    00000003     --HOLE-- [fill = 0]
                  008368c4    00000008     modelPreesm_pe66.oe66 (.const:xdc_runtime_Startup_lastFxns__C)
                  008368cc    00000004     modelPreesm_pe66.oe66 (.const:ti_sdo_ipc_GateMP_E_gateUnavailable__C)
                  008368d0    00000010     modelPreesm_pe66.oe66 (.const:ti_sdo_ipc_family_c647x_MultiProcSetup_procMap__A)
                  008368e0    00000010     modelPreesm_pe66.oe66 (.const:ti_sdo_utils_MultiProc_procIdList__A)
                  008368f0    0000000c     modelPreesm_pe66.oe66 (.const:xdc_runtime_Startup_firstFxns__A)
                  008368fc    00000004     modelPreesm_pe66.oe66 (.const:ti_sdo_ipc_GateMP_E_localGate__C)
                  00836900    00000004     modelPreesm_pe66.oe66 (.const:ti_sdo_ipc_GateMP_LM_create__C)
[...]
00836b50   ti_sysbios_family_c64p_Exception_exceptionHook__C
00836b54   ti_sysbios_family_c64p_Exception_externalHook__C
00836b58   ti_sysbios_family_c64p_Exception_internalHook__C
00836b5c   ti_sysbios_family_c64p_Exception_nmiHook__C
00836b60   ti_sysbios_family_c64p_Hwi_E_alreadyDefined__C
00836b64   ti_sysbios_family_c64p_Hwi_E_handleNotFound__C
00836b68   ti_sysbios_family_c64p_Hwi_LD_end__C
00836b6c   ti_sysbios_family_c64p_Hwi_LM_begin__C
00836b70   ti_sysbios_family_c64p_Hwi_Module__diagsEnabled__C
00836b74   ti_sysbios_family_c64p_Hwi_Module__diagsIncluded__C
00836b78   ti_sysbios_family_c64p_Hwi_Module__diagsMask__C
00836b7c   ti_sysbios_family_c64p_Hwi_Module__loggerFxn1__C
00836b80   ti_sysbios_family_c64p_Hwi_Module__loggerFxn8__C
00836b84   ti_sysbios_family_c64p_Hwi_Module__loggerObj__C
00836b88   ti_sysbios_family_c66_Cache_atomicBlockSize__C
00836b8c   ti_sysbios_gates_GateMutexPri_A_badContext__C
00836b90   ti_sysbios_gates_GateMutexPri_Instance_State_pendQ__O
00836b94   ti_sysbios_gates_GateMutexPri_Module__diagsEnabled__C
00836b98   ti_sysbios_gates_GateMutexPri_Module__diagsIncluded__C
00836b9c   ti_sysbios_gates_GateMutexPri_Module__diagsMask__C
00836ba0   ti_sysbios_gates_GateMutex_A_badContext__C
00836ba4   ti_sysbios_gates_GateMutex_Instance_State_sem__O
00836ba8   ti_sysbios_gates_GateMutex_Module__diagsEnabled__C
00836bac   ti_sysbios_gates_GateMutex_Module__diagsIncluded__C
00836bb0   ti_sysbios_gates_GateMutex_Module__diagsMask__C
00836bb4   ti_sysbios_gates_GateSwi_A_badContext__C
00836bb8   ti_sysbios_gates_GateSwi_Module__diagsEnabled__C
00836bbc   ti_sysbios_gates_GateSwi_Module__diagsIncluded__C
00836bc0   ti_sysbios_gates_GateSwi_Module__diagsMask__C
00836bc4   ti_sysbios_hal_Hwi_E_stackOverflow__C
00836bc8   ti_sysbios_heaps_HeapMem_A_align__C
00836bcc   ti_sysbios_heaps_HeapMem_A_heapSize__C
00836bd0   ti_sysbios_heaps_HeapMem_A_invalidFree__C
00836bd4   ti_sysbios_heaps_HeapMem_A_zeroBlock__C
00836bd8   ti_sysbios_heaps_HeapMem_E_memory__C
00836bdc   ti_sysbios_heaps_HeapMem_Module__diagsEnabled__C
00836be0   ti_sysbios_heaps_HeapMem_Module__diagsIncluded__C
00836be4   ti_sysbios_heaps_HeapMem_Module__diagsMask__C
00836be8   ti_sysbios_heaps_HeapMem_Module__gateObj__C
00836bec   ti_sysbios_heaps_HeapMem_Object__count__C
00836bf0   ti_sysbios_heaps_HeapMem_reqAlignMask__C
00836bf4   ti_sysbios_heaps_HeapMem_reqAlign__C
00836bf8   ti_sysbios_knl_Clock_A_badThreadType__C
00836bfc   ti_sysbios_knl_Clock_LM_begin__C
00836c00   ti_sysbios_knl_Clock_LM_tick__C
00836c04   ti_sysbios_knl_Clock_LW_delayed__C
00836c08   ti_sysbios_knl_Clock_Module_State_clockQ__O
00836c0c   ti_sysbios_knl_Clock_Module__diagsEnabled__C
00836c10   ti_sysbios_knl_Clock_Module__diagsIncluded__C
00836c14   ti_sysbios_knl_Clock_Module__diagsMask__C
00836c18   ti_sysbios_knl_Clock_Module__loggerFxn1__C
00836c1c   ti_sysbios_knl_Clock_Module__loggerFxn2__C
00836c20   ti_sysbios_knl_Clock_Module__loggerObj__C
00836c24   ti_sysbios_knl_Clock_tickMode__C
00836c28   ti_sysbios_knl_Clock_tickSource__C
00836c2c   ti_sysbios_knl_Semaphore_A_badContext__C
00836c30   ti_sysbios_knl_Idle_funcList__A
00836c34   ti_sysbios_knl_Semaphore_A_noEvents__C
00836c38   ti_sysbios_knl_Semaphore_A_overflow__C
00836c3c   ti_sysbios_knl_Semaphore_Instance_State_pendQ__O
00836c40   ti_sysbios_knl_Semaphore_LM_pend__C
00836c44   ti_sysbios_knl_Semaphore_LM_post__C
00836c48   ti_sysbios_knl_Semaphore_Module__diagsEnabled__C
00836c4c   ti_sysbios_knl_Semaphore_Module__diagsIncluded__C
00836c50   ti_sysbios_knl_Semaphore_Module__diagsMask__C
00836c54   ti_sysbios_knl_Semaphore_Module__loggerFxn2__C
00836c58   ti_sysbios_knl_Semaphore_Module__loggerFxn4__C
00836c5c   ti_sysbios_knl_Semaphore_Module__loggerObj__C
00836c60   ti_sysbios_knl_Swi_A_badPriority__C
00836c64   ti_sysbios_knl_Swi_LD_end__C
00836c68   ti_sysbios_knl_Swi_LM_begin__C
00836c6c   ti_sysbios_knl_Swi_LM_post__C
00836c70   ti_sysbios_knl_Swi_Module__diagsEnabled__C
00836c74   ti_sysbios_knl_Swi_Module__diagsIncluded__C
00836c78   ti_sysbios_knl_Swi_Module__diagsMask__C
00836c7c   ti_sysbios_knl_Swi_Module__loggerFxn1__C
00836c80   ti_sysbios_knl_Swi_Module__loggerFxn4__C
00836c84   ti_sysbios_knl_Swi_Module__loggerObj__C
00836c88   ti_sysbios_knl_Swi_Object__count__C
00836c8c   ti_sysbios_knl_Task_A_badPriority__C
00836c90   ti_sysbios_knl_Task_A_badTimeout__C
00836c94   ti_sysbios_knl_Task_E_spOutOfBounds__C
00836c98   ti_sysbios_knl_Task_E_stackOverflow__C
00836c9c   ti_sysbios_knl_Task_LD_block__C
00836ca0   ti_sysbios_knl_Task_LD_exit__C
00836ca4   ti_sysbios_knl_Task_LD_ready__C
00836ca8   ti_sysbios_knl_Task_LM_setPri__C
00836cac   ti_sysbios_knl_Task_LM_sleep__C
00836cb0   ti_sysbios_knl_Task_LM_switch__C
00836cb4   ti_sysbios_knl_Task_LM_yield__C
00836cb8   ti_sysbios_knl_Task_Module_State_inactiveQ__O
00836cbc   ti_sysbios_knl_Task_Module_State_terminatedQ__O
00836cc0   ti_sysbios_knl_Task_Module__diagsEnabled__C
00836cc4   ti_sysbios_knl_Task_Module__diagsIncluded__C
00836cc8   ti_sysbios_knl_Task_Module__diagsMask__C
00836ccc   ti_sysbios_knl_Task_Module__loggerFxn2__C
00836cd0   ti_sysbios_knl_Task_Module__loggerFxn4__C
00836cd4   ti_sysbios_knl_Task_Module__loggerObj__C
00836cd8   ti_sysbios_knl_Task_Object__count__C
00836cdc   ti_sysbios_knl_Task_allBlockedFunc__C
00836ce0   ti_sysbios_knl_Task_numConstructedTasks__C
00836ce4   ti_sysbios_knl_Task_numPriorities__C
00836ce8   ti_sysbios_timers_timer64_Timer_A_notAvailable__C
00836cec   ti_sysbios_timers_timer64_Timer_E_cannotSupport__C
00836cf0   ti_sysbios_timers_timer64_Timer_Module__diagsEnabled__C
00836cf4   ti_sysbios_timers_timer64_Timer_Module__diagsIncluded__C
00836cf8   ti_sysbios_timers_timer64_Timer_Module__diagsMask__C
00836cfc   ti_sysbios_timers_timer64_Timer_anyMask__C
00836d00   ti_sysbios_timers_timer64_Timer_freqDivisor__C
00836d04   ti_sysbios_timers_timer64_Timer_numLocalTimers__C
00836d08   ti_sysbios_timers_timer64_Timer_numTimerDevices__C
00836d0c   ti_sysbios_xdcruntime_GateThreadSupport_Instance_State_gate__O
00836d10   xdc_runtime_Assert_E_assertFailed__C
00836d14   xdc_runtime_Core_A_initializedParams__C
00836d18   xdc_runtime_Core_Module__diagsEnabled__C
00836d1c   xdc_runtime_Core_Module__diagsIncluded__C
00836d20   xdc_runtime_Core_Module__diagsMask__C
00836d24   xdc_runtime_Error_E_generic__C
00836d28   xdc_runtime_Error_E_memory__C
00836d2c   xdc_runtime_Error_Module__diagsEnabled__C
00836d30   xdc_runtime_Error_Module__diagsIncluded__C
00836d34   xdc_runtime_Error_Module__diagsMask__C
00836d38   xdc_runtime_Error_Module__loggerFxn8__C
00836d3c   xdc_runtime_Error_Module__loggerObj__C
00836d40   xdc_runtime_Error_policy__C
00836d44   xdc_runtime_Error_raiseHook__C
00836d48   xdc_runtime_IGateProvider_Interface__BASE__C
00836d4c   xdc_runtime_IHeap_Interface__BASE__C
00836d50   xdc_runtime_IModule_Interface__BASE__C
00836d54   xdc_runtime_Log_L_error__C
00836d58   xdc_runtime_Memory_defaultHeapInstance__C
00836d5c   xdc_runtime_Startup_execImpl__C
00836d60   xdc_runtime_Startup_lastFxns__A
00836d64   xdc_runtime_Startup_maxPasses__C
00836d68   xdc_runtime_Startup_sfxnRts__C
00836d6c   xdc_runtime_Startup_sfxnTab__C
00836d70   xdc_runtime_System_Module__gateObj__C
00836d74   xdc_runtime_System_extendFxn__C
00836d78   xdc_runtime_System_maxAtexitHandlers__C
00836d7c   xdc_runtime_Text_charTab__C
00836d80   xdc_runtime_Text_nameEmpty__C
00836d84   xdc_runtime_Text_nameStatic__C
00836d88   xdc_runtime_Text_nameUnknown__C
00836d8c   xdc_runtime_Text_nodeTab__C
00836d90   xdc_runtime_Text_visitRopeFxn__C
00836d94   ti_sdo_ipc_GateMP_Module__id__C
00836d98   ti_sdo_ipc_GateMP_Module__loggerDefined__C
00836d9c   ti_sdo_ipc_Ipc_Module__id__C
00836da0   ti_sdo_ipc_Ipc_generateSlaveDataForHost__C
00836da4   ti_sdo_ipc_ListMP_Module__id__C
00836da8   ti_sdo_ipc_MessageQ_Module__id__C
00836dac   ti_sdo_ipc_MessageQ_Module__loggerDefined__C
00836db0   ti_sdo_ipc_Notify_Module__id__C
00836db4   ti_sdo_ipc_Notify_numLines__C
00836db8   ti_sdo_ipc_Notify_reservedEvents__C
00836dbc   ti_sdo_ipc_SharedRegion_Module__id__C
00836dc0   ti_sdo_ipc_SharedRegion_numEntries__C
00836dc4   ti_sdo_ipc_SharedRegion_translate__C
00836dc8   ti_sdo_ipc_family_c647x_Interrupt_enableKick__C
00836dcc   ti_sdo_ipc_family_c647x_MultiProcSetup_Module__id__C
00836dd0   ti_sdo_ipc_gates_GateHWSem_Module__id__C
00836dd4   ti_sdo_ipc_gates_GateMPSupportNull_Module__id__C
00836dd8   ti_sdo_ipc_gates_GatePeterson_Module__id__C
00836ddc   ti_sdo_ipc_heaps_HeapMemMP_Module__id__C
00836de0   ti_sdo_ipc_notifyDrivers_NotifyDriverShm_Module__id__C
00836de4   ti_sdo_ipc_nsremote_NameServerRemoteNotify_Module__id__C
00836de8   ti_sdo_ipc_transports_TransportShm_Module__id__C
00836dec   ti_sdo_ipc_transports_TransportShm_notifyEventId__C
00836df0   ti_sdo_utils_MultiProc_Module__id__C
00836df4   ti_sdo_utils_MultiProc_numProcessors__C
00836df8   ti_sdo_utils_MultiProc_numProcsInCluster__C
00836dfc   ti_sdo_utils_NameServer_Module__id__C
00836e00   ti_sdo_utils_NameServer_singleProcessor__C
00836e04   ti_sysbios_BIOS_Module__id__C
00836e08   ti_sysbios_family_c64p_Exception_Module__id__C
00836e0c   ti_sysbios_family_c64p_Hwi_Module__id__C
00836e10   ti_sysbios_family_c64p_Hwi_Module__loggerDefined__C
00836e14   ti_sysbios_gates_GateMutexPri_Module__id__C
00836e18   ti_sysbios_gates_GateMutex_Module__id__C
00836e1c   ti_sysbios_gates_GateSwi_Module__id__C
00836e20   ti_sysbios_hal_Hwi_Module__id__C
00836e24   ti_sysbios_heaps_HeapMem_Module__id__C
00836e28   ti_sysbios_knl_Clock_Module__id__C
00836e2c   ti_sysbios_knl_Clock_Module__loggerDefined__C
00836e30   ti_sysbios_knl_Semaphore_Module__id__C
00836e34   ti_sysbios_knl_Semaphore_Module__loggerDefined__C
00836e38   ti_sysbios_knl_Swi_Module__id__C
00836e3c   ti_sysbios_knl_Swi_Module__loggerDefined__C
00836e40   ti_sysbios_knl_Task_Module__id__C
00836e44   ti_sysbios_knl_Task_Module__loggerDefined__C
00836e48   ti_sysbios_knl_Task_deleteTerminatedTasks__C
00836e4c   ti_sysbios_knl_Task_initStackFlag__C
00836e50   ti_sysbios_timers_timer64_Timer_Module__id__C
00836e54   ti_sysbios_timers_timer64_Timer_startupNeeded__C
00836e58   xdc_runtime_Core_Module__id__C
00836e5c   xdc_runtime_Error_Module__loggerDefined__C
00836e60   xdc_runtime_Error_maxDepth__C
00836e64   xdc_runtime_Memory_Module__id__C
00836e68   xdc_runtime_Text_charCnt__C
00836e6c   xdc_runtime_Text_isLoaded__C
00836e70   xdc_runtime_Text_registryModsLastId__C
00836e74   xdc_runtime_Text_unnamedModsLastId__C
00836e80   ti_sdo_ipc_GateMP_Module_State_0_remoteCustom1Gates__A
00837680   ti_sdo_ipc_GateMP_Module__root__V
00837688   ti_sdo_ipc_GateMP_Module__state__V
008376d0   ti_sdo_ipc_Ipc_Module__state__V
008376dc   ti_sdo_ipc_ListMP_Module__root__V
008376e4   ti_sdo_ipc_ListMP_Module__state__V
008376e8   ti_sdo_ipc_MessageQ_Module__root__V
008376f0   ti_sdo_ipc_MessageQ_Module__state__V
0083770c   ti_sdo_ipc_Notify_Module__root__V
00837714   ti_sdo_ipc_Notify_Module__state__V
0083771c   ti_sdo_ipc_SharedRegion_Module__state__V
00837720   ti_sdo_ipc_family_c647x_Interrupt_Module__state__V
00837728   ti_sdo_ipc_gates_GateHWSem_Module__root__V
00837730   ti_sdo_ipc_gates_GateMPSupportNull_Module__root__V
00837738   ti_sdo_ipc_gates_GatePeterson_Module__root__V
00837740   ti_sdo_ipc_heaps_HeapBufMP_Module__root__V
00837748   ti_sdo_ipc_heaps_HeapBufMP_Module__state__V
0083774c   ti_sdo_ipc_heaps_HeapMemMP_Module__root__V
00837754   ti_sdo_ipc_heaps_HeapMemMP_Module__state__V
00837758   ti_sdo_ipc_notifyDrivers_NotifyDriverShm_Module__root__V
00837760   ti_sdo_ipc_nsremote_NameServerRemoteNotify_Module__root__V
00837768   ti_sdo_ipc_transports_TransportShm_Module__root__V
00837770   ti_sdo_ipc_transports_TransportShmSetup_Module__state__V
00837774   ti_sdo_utils_List_Module__root__V
0083777c   ti_sdo_utils_MultiProc_Module__state__V
00837780   ti_sdo_utils_NameServer_Module__root__V
00837788   ti_sdo_utils_NameServer_Module__state__V
00837790   ti_sdo_utils_NameServerRemoteNull_Module__root__V
00837798   ti_sysbios_BIOS_Module__state__V
008377b4   ti_sysbios_family_c64p_Exception_Module__state__V
008377e0   ti_sysbios_family_c64p_Hwi_Module__root__V
008377e8   ti_sysbios_family_c64p_Hwi_Module__state__V
00837850   ti_sysbios_gates_GateAll_Module__root__V
00837858   ti_sysbios_gates_GateHwi_Module__root__V
00837860   ti_sysbios_gates_GateMutex_Module__root__V
00837868   ti_sysbios_gates_GateMutexPri_Module__root__V
00837870   ti_sysbios_gates_GateSwi_Module__root__V
00837878   ti_sysbios_hal_Hwi_Module__root__V
00837880   ti_sysbios_hal_Timer_Module__root__V
00837888   ti_sysbios_heaps_HeapMem_Module__root__V
00837890   ti_sysbios_knl_Clock_Module__root__V
00837898   ti_sysbios_knl_Clock_Module__state__V
008378c4   ti_sysbios_knl_Queue_Module__root__V
008378cc   ti_sysbios_knl_Semaphore_Module__root__V
008378d4   ti_sysbios_knl_Swi_Module__root__V
008378dc   ti_sysbios_knl_Swi_Module__state__V
008378f8   ti_sysbios_knl_Task_Module__root__V
00837900   ti_sysbios_knl_Task_Module__state__V
00837934   ti_sysbios_syncs_SyncSem_Module__root__V
0083793c   ti_sysbios_timers_timer64_Timer_Module__root__V
00837944   ti_sysbios_timers_timer64_Timer_Module__state__V
00837958   ti_sysbios_xdcruntime_GateThreadSupport_Module__root__V
00837960   xdc_runtime_Error_Module__state__V
00837964   xdc_runtime_GateNull_Module__root__V
0083796c   xdc_runtime_Memory_Module__state__V
00837970   xdc_runtime_Registry_Module__state__V
00837978   xdc_runtime_Startup_Module__state__V
00837980   xdc_runtime_System_Module__state__V
0083798c   xdc_runtime_Text_Module__state__V
00837994   xdc_runtime_knl_GateThread_Module__root__V
0083799c   __xdc__init__addr
008379a0   _ftable
00837b80   ti_sysbios_timers_timer64_Timer_Module_State_0_device__A
00837d00   ti_sdo_utils_NameServer_Object__table__V
00837e18   _lock
00837e1c   _unlock
00837ec0   ti_sdo_ipc_Ipc_Module_State_0_procEntry__A
00837f60   ti_sdo_ipc_SharedRegion_Module_State_0_regions__A
00837ff0   ti_sysbios_knl_Task_Object__table__V
00838034   TSK_idle
00838078   _ft_end
00838080   ti_sdo_ipc_GateMP_Module_State_0_remoteSystemGates__A
00838100   ti_sysbios_knl_Swi_Module_State_0_readyQ__A
00838180   ti_sysbios_knl_Task_Module_State_0_readyQ__A
00838200   ti_sysbios_timers_timer64_Timer_Module_State_0_gctrl__A
00838280   ti_sysbios_timers_timer64_Timer_Module_State_0_handles__A
00838300   ti_sysbios_timers_timer64_Timer_Module_State_0_intFreqs__A
00838400   ti_sysbios_timers_timer64_Timer_Object__table__V
00838450   ti_sdo_ipc_MessageQ_Module_State_0_transports__A
00838490   ti_sdo_ipc_family_c647x_Interrupt_Module_State_0_fxnTable__A
008384d0   ti_sysbios_gates_GateMutex_Object__table__V
00838510   ti_sysbios_knl_Swi_Object__table__V
00838540   ti_sdo_ipc_MessageQ_Module_State_0_heaps__A
00838560   ti_sdo_ipc_Notify_Module_State_0_notifyHandles__A
00838580   ti_sdo_ipc_transports_TransportShmSetup_Module_State_0_handles__A
008385a0   xdc_runtime_System_Module_State_0_atexitHandlers__A
008385c0   ti_sysbios_family_c64p_Hwi_Object__table__V
008385e0   ti_sysbios_gates_GateMutexPri_Object__table__V
00838600   ti_sysbios_heaps_HeapMem_Object__table__V
00838614   _cleanup_ptr
00838618   _dtors_ptr
0083861c   __TI_enable_exit_profile_output
00838620   ti_sysbios_gates_GateAll_Object__table__V
00838630   ti_sysbios_gates_GateSwi_Object__table__V
00838640   ti_sysbios_hal_Hwi_Object__table__V
00838650   ti_sysbios_hal_Timer_Object__table__V
00838660   ti_sdo_ipc_GateMP_Module_State_0_remoteCustom2Gates__A
00838670   ti_sdo_ipc_Notify_Module_State_0_notifyHandles_0__A
00838680   ti_sdo_ipc_Notify_Module_State_0_notifyHandles_1__A
00838690   ti_sdo_ipc_Notify_Module_State_0_notifyHandles_2__A
008386a0   ti_sdo_ipc_Notify_Module_State_0_notifyHandles_3__A
008386b0   ti_sdo_ipc_Notify_Module_State_0_notifyHandles_4__A
008386c0   ti_sdo_ipc_Notify_Module_State_0_notifyHandles_5__A
008386d0   ti_sdo_ipc_Notify_Module_State_0_notifyHandles_6__A
008386e0   ti_sdo_ipc_Notify_Module_State_0_notifyHandles_7__A
008386f0   ti_sysbios_gates_GateHwi_Object__table__V
00838700   xdc_runtime_GateNull_Object__table__V
00838708   _stack
00839708   Ipc_sr0MemorySetup
00839708   __TI_STACK_END
0083970c   __TI_STATIC_BASE
0083970c   nbSemaphoresToClean
00839710   sumResults__displayMatrix__0
00839714   multiplyMatricies_4__implode__0
00839718   multiplyMatricies_7__implode__0
0083971c   explode_generateMatricies_ar__6
00839720   explode_generateMatricies_ar__4
00839724   explode_generateMatricies_ar__3
00839728   multiplyMatricies_5__implode__0
0083972c   explode_generateMatricies_ar__5
00839730   generateMatricies__explode_g__0
00839734   explode_generateMatricies_ar__7
00839738   generateMatricies__displayMa__0
0083973c   explode_transposeMatrix_outp__0
00839740   explode_transposeMatrix_outp__7
00839744   explode_transposeMatrix_outp__3
00839748   explode_transposeMatrix_outp__6
0083974c   explode_transposeMatrix_outp__2
00839750   implode_sumResults_input__su__0
00839754   transposeMatrix__explode_tra__0
00839758   explode_transposeMatrix_outp__4
0083975c   explode_transposeMatrix_outp__1
00839760   explode_generateMatricies_ar__0
00839764   multiplyMatricies_2__implode__0
00839768   explode_generateMatricies_ar__2
0083976c   multiplyMatricies_1__implode__0
00839770   multiplyMatricies_6__implode__0
00839774   explode_transposeMatrix_outp__5
00839778   explode_generateMatricies_ar__1
0083977c   generateMatricies__transpose__0
00839780   multiplyMatricies_3__implode__0
00839784   multiplyMatricies_0__implode__0
00839788   arrayB__arrayB__0
0083978c   output__input_100663296__0
00839790   startTime__startTime__0
00839794   output_10485760__arrayA__0
00839798   arrayB_10485760__arrayB__0
0083979c   arrayB_2097152__arrayB__0
008397a0   output_4194304__arrayA__0
008397a4   output__input_50331648__0
008397a8   output__input_16777216__0
008397ac   arrayB_8388608__arrayB__0
008397b0   output__input__0
008397b4   arrayB_12582912__arrayB__0
008397b8   output__input_83886080__0
008397bc   output_12582912__arrayA__0
008397c0   arrayB_6291456__arrayB__0
008397c4   output_0__arrayA__0
008397c8   output_6291456__arrayA__0
008397cc   output_8388608__arrayA__0
008397d0   output__input_0__0
008397d4   output__input_117440512__0
008397d8   output__arrayA__0
008397dc   output_2097152__arrayA__0
008397e0   output__input_67108864__0
008397e4   output_14680064__arrayA__0
008397e8   output__arrayC__0
008397ec   arrayB_14680064__arrayB__0
008397f0   arrayB_4194304__arrayB__0
008397f4   output__input_33554432__0
008397f8   arrayB_0__arrayB__0
008397fc   arrayA__input__0
00839800   ti_sysbios_family_c64p_Hwi0
00839820   ti_sysbios_family_c64p_Hwi1
00839840   ti_sysbios_family_c64p_Hwi2
00839860   ti_sysbios_family_c64p_Hwi3
00839880   ti_sysbios_family_c64p_Hwi4
008398a0   ti_sysbios_family_c64p_Hwi5
008398c0   ti_sysbios_family_c64p_Hwi6
008398e0   ti_sysbios_family_c64p_Hwi7
00839900   ti_sysbios_family_c64p_Hwi8
00839920   ti_sysbios_family_c64p_Hwi9
00839940   ti_sysbios_family_c64p_Hwi10
00839960   ti_sysbios_family_c64p_Hwi11
00839980   ti_sysbios_family_c64p_Hwi12
008399a0   ti_sysbios_family_c64p_Hwi13
008399c0   ti_sysbios_family_c64p_Hwi14
008399e0   ti_sysbios_family_c64p_Hwi15
00839a00   __CIOBUF_
0083a4b0   __TI_Handler_Table_Base
0083a4bc   __TI_Handler_Table_Limit
0083a57c   __TI_CINIT_Base
0083a63c   __TI_CINIT_Limit
0c0ffffc   barrier
80000000   SharedMem
ffffffff   __TI_pprof_out_hndl
ffffffff   __TI_prof_data_size
ffffffff   __TI_prof_data_start
ffffffff   __binit__
ffffffff   __c_args__
ffffffff   binit

[1377 symbols]
