******************************************************************************
               TMS320C6x Linker PC v7.3.4                      
******************************************************************************
>> Linked Sun Dec 14 00:38:18 2014

OUTPUT FILE NAME:   <crossCoreMultiplication.out>
ENTRY POINT SYMBOL: "_c_int00"  address: 00823fa0


MEMORY CONFIGURATION

         name            origin    length      used     unused   attr    fill
----------------------  --------  ---------  --------  --------  ----  --------
  L2SRAM                00800000   00080000  0003a14e  00045eb2  RW X
  MSMCSRAM              0c000000   00200000  000ffffd  00100003  RW X
  DDR3                  80000000   80000000  00014508  7ffebaf8  RW X


SEGMENT ALLOCATION MAP

run origin  load origin   length   init length attrs members
----------  ----------- ---------- ----------- ----- -------
00800000    00800000    000293e0   000293e0    r-x
  00800000    00800000    000293e0   000293e0    r-x .text
008293e0    008293e0    00009038   00000000    rw-
  008293e0    008293e0    00009038   00000000    rw- .far.1
00832420    00832420    000003a8   00000000    rw-
  00832420    00832420    000003a8   00000000    rw- .far.2
008327d0    008327d0    00000020   00000000    rw-
  008327d0    008327d0    00000020   00000000    rw- .far.3
008327f0    008327f0    0000426a   0000426a    r--
  008327f0    008327f0    0000426a   0000426a    r-- .const
00836a60    00836a60    00001578   00001578    rw-
  00836a60    00836a60    00001578   00001578    rw- .fardata.1
00837fe0    00837fe0    000001d8   000001d8    rw-
  00837fe0    00837fe0    000001d8   000001d8    rw- .fardata.2
008381c0    008381c0    00000018   00000018    rw-
  008381c0    008381c0    00000018   00000018    rw- .fardata.3
008381e0    008381e0    00000048   00000048    rw-
  008381e0    008381e0    00000048   00000048    rw- .fardata.4
00838230    00838230    00000008   00000008    rw-
  00838230    00838230    00000008   00000008    rw- .fardata.5
00838240    00838240    00000004   00000004    rw-
  00838240    00838240    00000004   00000004    rw- .fardata.6
00838250    00838250    00000004   00000004    rw-
  00838250    00838250    00000004   00000004    rw- .fardata.7
00838260    00838260    00000004   00000004    rw-
  00838260    00838260    00000004   00000004    rw- .fardata.8
00838270    00838270    00000004   00000004    rw-
  00838270    00838270    00000004   00000004    rw- .fardata.9
00838280    00838280    00000004   00000004    rw-
  00838280    00838280    00000004   00000004    rw- .fardata.10
00838290    00838290    00000004   00000004    rw-
  00838290    00838290    00000004   00000004    rw- .fardata.11
008382a0    008382a0    00000004   00000004    rw-
  008382a0    008382a0    00000004   00000004    rw- .fardata.12
008382b0    008382b0    00000004   00000004    rw-
  008382b0    008382b0    00000004   00000004    rw- .fardata.13
008382c0    008382c0    00000004   00000004    rw-
  008382c0    008382c0    00000004   00000004    rw- .fardata.14
008382d0    008382d0    00000004   00000004    rw-
  008382d0    008382d0    00000004   00000004    rw- .fardata.15
008382e0    008382e0    00000004   00000004    rw-
  008382e0    008382e0    00000004   00000004    rw- .fardata.16
008382e8    008382e8    00001004   00000000    rw-
  008382e8    008382e8    00001000   00000000    rw- .stack
  008392e8    008392e8    00000004   00000000    rw- .bss
008392ec    008392ec    00000004   00000004    rw-
  008392ec    008392ec    00000004   00000004    rw- .neardata
008392f0    008392f0    000000e4   000000e4    r--
  008392f0    008392f0    000000e4   000000e4    r-- .rodata
008393d4    008393d4    00000020   00000020    r--
  008393d4    008393d4    00000020   00000020    r-- .switch.1
00839400    00839400    00000200   00000200    r-x
  00839400    00839400    00000200   00000200    r-x .vecs
00839600    00839600    00000120   00000000    rw-
  00839600    00839600    00000120   00000000    rw- .cio
00839720    00839720    00000af4   00000af4    r--
  00839720    00839720    00000010   00000010    r-- .switch.2
  00839730    00839730    00000ae4   00000ae4    r-- .cinit
0c0ffffc    0c0ffffc    00000001   00000001    rw-
  0c0ffffc    0c0ffffc    00000001   00000001    rw- .MSMCSRAM
80000000    80000000    00014508   00000000    rw-
  80000000    80000000    00014508   00000000    rw- .mySharedMem


SECTION ALLOCATION MAP

 output                                  attributes/
section   page    origin      length       input sections
--------  ----  ----------  ----------   ----------------
.init_array 
*          0    00800000    00000000     UNINITIALIZED

xdc.meta   0    00800000    00000128     COPY SECTION
                  00800000    00000128     modelPreesm_pe66.oe66 (xdc.meta)

.text      0    00800000    000293e0     
                  00800000    000011c0     ipc.lib : Ipc.obj (.text:ti_sdo_ipc_GateMP_Instance_init__F)
                  008011c0    00000a60             : Ipc.obj (.text:ti_sdo_ipc_heaps_HeapMemMP_alloc__E)
                  00801c20    000009e0             : Ipc.obj (.text:ti_sdo_ipc_heaps_HeapMemMP_free__E)
                  00802600    000009a0             : Ipc.obj (.text:Ipc_attach)
                  00802fa0    000009a0     ti.targets.rts6000.ae66 : System.oe66 (.text:xdc_runtime_System_doPrint__I)
                  00803940    00000920     ipc.lib : Ipc.obj (.text:ti_sdo_ipc_transports_TransportShm_Instance_init__F)
                  00804260    000008a0             : Ipc.obj (.text:ti_sdo_ipc_ListMP_Instance_init__F)
                  00804b00    00000860             : Ipc.obj (.text:ti_sdo_ipc_GateMP_Instance_finalize__F)
                  00805360    00000840             : Ipc.obj (.text:MessageQ_put)
                  00805ba0    00000780             : Ipc.obj (.text:ti_sdo_ipc_heaps_HeapMemMP_Instance_init__F)
                  00806320    00000780     sysbios.lib : BIOS.obj (.text:ti_sysbios_family_c64p_Exception_handler__I)
                  00806aa0    00000700     ipc.lib : Ipc.obj (.text:Notify_registerEvent)
                  008071a0    000006c0             : Ipc.obj (.text:ti_sdo_ipc_nsremote_NameServerRemoteNotify_Instance_init__F)
                  00807860    000006a0             : Ipc.obj (.text:NameServer_add)
                  00807f00    00000660     sysbios.lib : BIOS.obj (.text:ti_sysbios_heaps_HeapMem_free__E)
                  00808560    00000620     ipc.lib : Ipc.obj (.text:Notify_sendEvent)
                  00808b80    00000620     sysbios.lib : BIOS.obj (.text:ti_sysbios_heaps_HeapMem_alloc__E)
                  008091a0    000005e0     ipc.lib : Ipc.obj (.text:Notify_registerEventSingle)
                  00809780    000005c0             : Ipc.obj (.text:ListMP_getHead)
                  00809d40    000005c0             : Ipc.obj (.text:Notify_unregisterEventSingle)
                  0080a300    000005c0     rts6600_elf.lib : divd.obj (.text:__c6xabi_divd)
                  0080a8c0    000005c0                     : _printfi.obj (.text:_getarg_diouxp)
                  0080ae80    000005c0     ipc.lib : Ipc.obj (.text:ti_sdo_ipc_SharedRegion_start__F)
                  0080b440    000005c0     sysbios.lib : BIOS.obj (.text:ti_sysbios_timers_timer64_Timer_Module_startup__F)
                  0080ba00    00000580     ipc.lib : Ipc.obj (.text:ti_sdo_ipc_nsremote_NameServerRemoteNotify_get__F)
                  0080bf80    00000580             : Ipc.obj (.text:ti_sdo_ipc_transports_TransportShm_put__E)
                  0080c500    00000560             : Ipc.obj (.text:NameServer_get)
                  0080ca60    00000540             : Ipc.obj (.text:ti_sdo_ipc_Ipc_procSyncStart__I)
                  0080cfa0    00000500     Core0.obj (.text)
                  0080d4a0    000004e0     ipc.lib : Ipc.obj (.text:ti_sdo_ipc_notifyDrivers_NotifyDriverShm_Instance_init__F)
                  0080d980    000004a0     cache.obj (.text)
                  0080de20    000004a0     semaphore6678.obj (.text)
                  0080e2c0    000004a0     ipc.lib : Ipc.obj (.text:ti_sdo_ipc_gates_GatePeterson_Instance_init__F)
                  0080e760    00000480     rts6600_elf.lib : _printfi.obj (.text:_setfield)
                  0080ebe0    00000460                     : _printfi.obj (.text:_printfi)
                  0080f040    00000460     ipc.lib : Ipc.obj (.text:ti_sdo_ipc_GateMP_setRegion0Reserved__F)
                  0080f4a0    00000460             : Ipc.obj (.text:ti_sdo_ipc_Ipc_procSyncFinish__I)
                  0080f900    00000440             : Ipc.obj (.text:ListMP_putTail)
                  0080fd40    00000440             : Ipc.obj (.text:ti_sdo_ipc_heaps_HeapMemMP_getStats__E)
                  00810180    00000440             : Ipc.obj (.text:ti_sdo_ipc_heaps_HeapMemMP_postInit__I)
                  008105c0    00000400             : Ipc.obj (.text:ti_sdo_ipc_Notify_Instance_init__F)
                  008109c0    00000400     sysbios.lib : BIOS.obj (.text:ti_sysbios_knl_Semaphore_pend__E)
                  00810dc0    000003c0     ipc.lib : Ipc.obj (.text:ti_sdo_ipc_SharedRegion_reserveMemory__F)
                  00811180    000003c0     sysbios.lib : BIOS.obj (.text:ti_sysbios_knl_Task_setPri__E)
                  00811540    00000380     ipc.lib : Ipc.obj (.text:HeapMemMP_sharedMemReq)
                  008118c0    00000380     communication.obj (.text)
                  00811c40    00000340     ipc.lib : Ipc.obj (.text:GateMP_sharedMemReq)
                  00811f80    00000340             : Ipc.obj (.text:ti_sdo_ipc_nsremote_NameServerRemoteNotify_swiFxn__I)
                  008122c0    00000300             : Ipc.obj (.text:GateMP_openByAddr)
                  008125c0    00000300     rts6600_elf.lib : fputs.obj (.text:fputs)
                  008128c0    00000300     ipc.lib : Ipc.obj (.text:ti_sdo_ipc_transports_TransportShm_openByAddr__F)
                  00812bc0    00000300     sysbios.lib : BIOS.obj (.text:ti_sysbios_family_c64p_Hwi_dispatchC__I)
                  00812ec0    000002e0     ipc.lib : Ipc.obj (.text:SharedRegion_getEntry)
                  008131a0    000002e0             : Ipc.obj (.text:SharedRegion_getPtr)
                  00813480    000002e0     rts6600_elf.lib : _printfi.obj (.text:_pproc_fwp)
                  00813760    000002e0     sysbios.lib : BIOS.obj (.text:ti_sysbios_gates_GateMutexPri_enter__E)
                  00813a40    000002e0                 : BIOS.obj (.text:ti_sysbios_knl_Task_Module_startup__F)
                  00813d20    000002c0     rts6600_elf.lib : _printfi.obj (.text:_pproc_fge)
                  00813fe0    000002c0     ipc.lib : Ipc.obj (.text:ti_sdo_ipc_notifyDrivers_NotifyDriverShm_isr__I)
                  008142a0    000002a0             : Ipc.obj (.text:Ipc_start)
                  00814540    000002a0             : Ipc.obj (.text:NameServer_getLocal)
                  008147e0    000002a0     rts6600_elf.lib : _printfi.obj (.text:fcvt)
                  00814a80    000002a0     sysbios.lib : BIOS.obj (.text:ti_sysbios_knl_Clock_workFunc__E)
                  00814d20    000002a0                 : BIOS.obj (.text:ti_sysbios_knl_Task_sleep__E)
                  00814fc0    00000280     ipc.lib : Ipc.obj (.text:SharedRegion_getSRPtr)
                  00815240    00000280     sysbios.lib : BIOS.obj (.text:deviceConfig$44)
                  008154c0    00000280     rts6600_elf.lib : _printfi.obj (.text:ecvt)
                  00815740    00000280     ipc.lib : Ipc.obj (.text:ti_sdo_ipc_notifyDrivers_NotifyDriverShm_sharedMemReq__F)
                  008159c0    00000280     sysbios.lib : BIOS.obj (.text:ti_sysbios_knl_Clock_Instance_init__F)
                  00815c40    00000280                 : BIOS.obj (.text:ti_sysbios_knl_Task_exit__E)
                  00815ec0    00000280     ti.targets.rts6000.ae66 : Core-mem.oe66 (.text:xdc_runtime_Core_createObject__I)
                  00816140    00000280                             : Error.oe66 (.text:xdc_runtime_Error_raiseX__F)
                  008163c0    00000260     ipc.lib : Ipc.obj (.text:ListMP_sharedMemReq)
                  00816620    00000260             : Ipc.obj (.text:ti_sdo_ipc_ListMP_Instance_finalize__F)
                  00816880    00000260             : Ipc.obj (.text:ti_sdo_ipc_heaps_HeapMemMP_Instance_finalize__F)
                  00816ae0    00000260             : Ipc.obj (.text:ti_sdo_ipc_notifyDrivers_NotifyDriverShm_disableEvent__E)
                  00816d40    00000260     ti.targets.rts6000.ae66 : Startup.oe66 (.text:xdc_runtime_Startup_startMods__I)
                  00816fa0    00000260     modelPreesm_pe66.oe66 (.text:xdc_runtime_System_printfExtend__I)
                  00817200    00000240     rts6600_elf.lib : imath64.obj (.text:__c6xabi_divull)
                  00817440    00000240                     : _printfi.obj (.text:_pconv_e)
                  00817680    00000240                     : _printfi.obj (.text:_pproc_diouxp)
                  008178c0    00000240     sysbios.lib : BIOS.obj (.text:ti_sysbios_family_c64p_Exception_internalHandler__I)
                  00817b00    00000240                 : BIOS.obj (.text:ti_sysbios_knl_Semaphore_post__E)
                  00817d40    00000220     rts6600_elf.lib : _printfi.obj (.text:_pproc_str)
                  00817f60    00000220     sysbios.lib : BIOS.obj (.text:ti_sysbios_family_c64p_Hwi_reconfig__E)
                  00818180    00000220                 : BIOS.obj (.text:ti_sysbios_knl_Swi_run__I)
                  008183a0    00000220                 : BIOS.obj (.text:ti_sysbios_knl_Task_schedule__I)
                  008185c0    00000220                 : BIOS.obj (.text:ti_sysbios_knl_Task_startup__E)
                  008187e0    00000200     ipc.lib : Ipc.obj (.text:GateMP_enter)
                  008189e0    00000200             : Ipc.obj (.text:GateMP_leave)
                  00818be0    00000200             : Ipc.obj (.text:ListMP_openByAddr)
                  00818de0    00000200     rts6600_elf.lib : _printfi.obj (.text:_pconv_g)
                  00818fe0    00000200     sysbios.lib : c64p_Hwi_disp_always.obj (.text:_ti_sysbios_family_c64p_Hwi_dispatchAlways)
                  008191e0    00000200                 : BIOS.obj (.text:block$56)
                  008193e0    00000200     ipc.lib : Ipc.obj (.text:ti_sdo_ipc_family_c647x_MultiProcSetup_init__I)
                  008195e0    00000200             : Ipc.obj (.text:ti_sdo_ipc_notifyDrivers_NotifyDriverShm_sendEvent__E)
                  008197e0    00000200             : Ipc.obj (.text:ti_sdo_ipc_transports_TransportShm_Instance_finalize__F)
                  008199e0    000001e0             : Ipc.obj (.text:GateMP_open)
                  00819bc0    000001e0             : Ipc.obj (.text:ti_sdo_ipc_GateMP_attach__F)
                  00819da0    000001e0             : Ipc.obj (.text:ti_sdo_ipc_GateMP_getFreeResource__I)
                  00819f80    000001e0     sysbios.lib : BIOS.obj (.text:ti_sysbios_knl_Task_postInit__I)
                  0081a160    000001e0                 : BIOS.obj (.text:ti_sysbios_timers_timer64_Timer_getFreq__E)
                  0081a340    000001c0     ipc.lib : Ipc.obj (.text:HeapMemMP_openByAddr)
                  0081a500    000001c0     rts6600_elf.lib : _printfi.obj (.text:_mcpy)
                  0081a6c0    000001c0     ipc.lib : Ipc.obj (.text:ti_sdo_ipc_notifyDrivers_NotifyDriverShm_registerEvent__E)
                  0081a880    000001c0     sysbios.lib : BIOS.obj (.text:ti_sysbios_knl_Swi_Instance_init__F)
                  0081aa40    000001c0                 : BIOS.obj (.text:ti_sysbios_knl_Task_checkStacks__E)
                  0081ac00    000001c0                 : BIOS.obj (.text:ti_sysbios_timers_timer64_Timer_setPeriodMicroSecs__E)
                  0081adc0    000001a0     rts6600_elf.lib : trgdrv.obj (.text:HOSTrename)
                  0081af60    000001a0     ipc.lib : Ipc.obj (.text:SharedRegion_getCacheLineSize)
                  0081b100    000001a0             : Ipc.obj (.text:SharedRegion_getHeap)
                  0081b2a0    000001a0             : Ipc.obj (.text:SharedRegion_isCacheEnabled)
                  0081b440    000001a0     rts6600_elf.lib : imath40.obj (.text:__c6xabi_divul)
                  0081b5e0    000001a0     multiplyMatrices.obj (.text)
                  0081b780    000001a0     ipc.lib : Ipc.obj (.text:ti_sdo_ipc_GateMP_openRegion0Reserved__F)
                  0081b920    000001a0             : Ipc.obj (.text:ti_sdo_ipc_notifyDrivers_NotifyDriverShm_enableEvent__E)
                  0081bac0    000001a0             : Ipc.obj (.text:ti_sdo_ipc_notifyDrivers_NotifyDriverShm_unregisterEvent__E)
                  0081bc60    000001a0             : Ipc.obj (.text:ti_sdo_ipc_nsremote_NameServerRemoteNotify_attach__E)
                  0081be00    000001a0     sysbios.lib : BIOS.obj (.text:ti_sysbios_gates_GateMutex_enter__E)
                  0081bfa0    000001a0                 : BIOS.obj (.text:ti_sysbios_timers_timer64_Timer_start__E)
                  0081c140    00000180     ipc.lib : Ipc.obj (.text:MultiProc_setLocalId)
                  0081c2c0    00000180             : Ipc.obj (.text:NameServer_getHandle)
                  0081c440    00000180             : Ipc.obj (.text:Notify_intLineRegistered)
                  0081c5c0    00000180     rts6600_elf.lib : copy_decompress_rle.obj (.text:__TI_decompress_rle_core)
                  0081c740    00000180                     : setvbuf.obj (.text:setvbuf)
                  0081c8c0    00000180     sysbios.lib : c64p_Exception_asm.obj (.text)
                  0081ca40    00000180     ipc.lib : Ipc.obj (.text:ti_sdo_ipc_MessageQ_registerTransport__F)
                  0081cbc0    00000180             : Ipc.obj (.text:ti_sdo_ipc_Notify_Module_startup__F)
                  0081cd40    00000180             : Ipc.obj (.text:ti_sdo_ipc_gates_GatePeterson_enter__E)
                  0081cec0    00000180             : Ipc.obj (.text:ti_sdo_utils_NameServer_Module_startup__F)
                  0081d040    00000180     sysbios.lib : BIOS.obj (.text:ti_sysbios_heaps_HeapMem_Instance_init__F)
                  0081d1c0    00000180                 : BIOS.obj (.text:ti_sysbios_knl_Swi_schedule__I)
                  0081d340    00000180                 : BIOS.obj (.text:ti_sysbios_knl_Task_unblockI__E)
                  0081d4c0    00000180     ti.targets.rts6000.ae66 : Text.oe66 (.text:xdc_runtime_Text_putSite__F)
                  0081d640    00000160     generateMatrices.obj (.text)
                  0081d7a0    00000160     ipc.lib : Ipc.obj (.text:ti_sdo_ipc_GateMP_createLocal__F)
                  0081d900    00000160             : Ipc.obj (.text:ti_sdo_ipc_MessageQ_unregisterTransport__F)
                  0081da60    00000160             : Ipc.obj (.text:ti_sdo_ipc_gates_GateHWSem_Instance_init__F)
                  0081dbc0    00000160             : Ipc.obj (.text:ti_sdo_ipc_transports_TransportShm_sharedMemReq__F)
                  0081dd20    00000160             : Ipc.obj (.text:ti_sdo_utils_NameServer_isRegistered__E)
                  0081de80    00000160             : Ipc.obj (.text:ti_sdo_utils_NameServer_registerRemoteDriver__E)
                  0081dfe0    00000160             : Ipc.obj (.text:ti_sdo_utils_NameServer_unregisterRemoteDriver__E)
                  0081e140    00000140             : Ipc.obj (.text:GateMP_close)
                  0081e280    00000140             : Ipc.obj (.text:Notify_attach)
                  0081e3c0    00000140     boot.ae66 : autoinit.oe66 (.text:_auto_init_elf)
                  0081e500    00000140     rts6600_elf.lib : _printfi.obj (.text:_pproc_fflags)
                  0081e640    00000140                     : fputc.obj (.text:fputc)
                  0081e780    00000140                     : lowlev.obj (.text:getdevice)
                  0081e8c0    00000140     ipc.lib : Ipc.obj (.text:ti_sdo_ipc_Notify_exec__F)
                  0081ea00    00000140     sysbios.lib : BIOS.obj (.text:ti_sysbios_family_c64p_Hwi_Module_startup__F)
                  0081eb40    00000140                 : BIOS.obj (.text:ti_sysbios_family_c66_Cache_Module_startup__F)
                  0081ec80    00000140                 : BIOS.obj (.text:ti_sysbios_gates_GateSwi_enter__E)
                  0081edc0    00000140                 : BIOS.obj (.text:ti_sysbios_knl_Clock_Instance_finalize__F)
                  0081ef00    00000140                 : BIOS.obj (.text:ti_sysbios_knl_Semaphore_Instance_init__F)
                  0081f040    00000140                 : BIOS.obj (.text:ti_sysbios_knl_Swi_post__E)
                  0081f180    00000140                 : BIOS.obj (.text:ti_sysbios_knl_Task_blockI__E)
                  0081f2c0    00000140                 : BIOS.obj (.text:ti_sysbios_knl_Task_yield__E)
                  0081f400    00000120     rts6600_elf.lib : _printfi.obj (.text:_ltostr)
                  0081f520    00000120                     : _io_perm.obj (.text:_wrt_ok)
                  0081f640    00000120     displayMatrix.obj (.text)
                  0081f760    00000120     rts6600_elf.lib : fclose.obj (.text:fclose)
                  0081f880    00000120     main.obj (.text)
                  0081f9a0    00000120     sysbios.lib : BIOS.obj (.text:rtsUnlock$0)
                  0081fac0    00000120     ipc.lib : Ipc.obj (.text:ti_sdo_ipc_MessageQ_Module_startup__F)
                  0081fbe0    00000120             : Ipc.obj (.text:ti_sdo_ipc_family_c647x_Interrupt_intRegister__E)
                  0081fd00    00000120             : Ipc.obj (.text:ti_sdo_ipc_nsremote_NameServerRemoteNotify_Instance_finalize__F)
                  0081fe20    00000100     rts6600_elf.lib : trgdrv.obj (.text:HOSTlseek)
                  0081ff20    00000100                     : fflush.obj (.text:fflush)
                  00820020    00000100     sysbios.lib : BIOS.obj (.text:initDevice$44)
                  00820120    00000100     ipc.lib : Ipc.obj (.text:ti_sdo_ipc_GateMP_start__F)
                  00820220    00000100             : Ipc.obj (.text:ti_sdo_ipc_Notify_Instance_finalize__F)
                  00820320    00000100     modelPreesm_pe66.oe66 (.text:ti_sdo_ipc_Notify_Object__create__S)
                  00820420    00000100     ipc.lib : Ipc.obj (.text:ti_sdo_ipc_SharedRegion_attach__F)
                  00820520    00000100             : Ipc.obj (.text:ti_sdo_ipc_SharedRegion_clearReservedMemory__F)
                  00820620    00000100             : Ipc.obj (.text:ti_sdo_ipc_family_c647x_Interrupt_Module_startup__F)
                  00820720    00000100             : Ipc.obj (.text:ti_sdo_ipc_gates_GateHWSem_Module_startup__F)
                  00820820    00000100             : Ipc.obj (.text:ti_sdo_ipc_gates_GateMPSupportNull_enter__E)
                  00820920    00000100             : Ipc.obj (.text:ti_sdo_ipc_gates_GateMPSupportNull_leave__E)
                  00820a20    00000100     modelPreesm_pe66.oe66 (.text:ti_sdo_ipc_gates_GatePeterson_Object__create__S)
                  00820b20    00000100     modelPreesm_pe66.oe66 (.text:ti_sdo_ipc_nsremote_NameServerRemoteNotify_Object__create__S)
                  00820c20    00000100     ipc.lib : Ipc.obj (.text:ti_sdo_ipc_transports_TransportShmSetup_attach__E)
                  00820d20    00000100     modelPreesm_pe66.oe66 (.text:ti_sdo_ipc_transports_TransportShm_Object__create__S)
                  00820e20    00000100     modelPreesm_pe66.oe66 (.text:ti_sysbios_family_c64p_Hwi_Object__create__S)
                  00820f20    00000100     sysbios.lib : BIOS.obj (.text:ti_sysbios_gates_GateMutexPri_leave__E)
                  00821020    00000100                 : BIOS.obj (.text:ti_sysbios_knl_Clock_startI__E)
                  00821120    00000100     modelPreesm_pe66.oe66 (.text:ti_sysbios_knl_Swi_Object__create__S)
                  00821220    00000100     sysbios.lib : BIOS.obj (.text:ti_sysbios_knl_Swi_restoreHwi__E)
                  00821320    00000100     ti.targets.rts6000.ae66 : Core-mem.oe66 (.text:xdc_runtime_Core_deleteObject__I)
                  00821420    00000100                             : Startup.oe66 (.text:xdc_runtime_Startup_exec__F)
                  00821520    00000100                             : Text.oe66 (.text:xdc_runtime_Text_putMod__F)
                  00821620    00000100                             : Text.oe66 (.text:xdc_runtime_Text_visitRope2__I)
                  00821720    000000e0     rts6600_elf.lib : trgdrv.obj (.text:HOSTopen)
                  00821800    000000e0                     : _printfi.obj (.text:_div)
                  008218e0    000000e0                     : atoi.obj (.text:atoi)
                  008219c0    000000e0                     : lowlev.obj (.text:close)
                  00821aa0    000000e0                     : copy_zero_init.obj (.text:decompress:ZI:__TI_zero_init)
                  00821b80    000000e0                     : exit.obj (.text:exit)
                  00821c60    000000e0                     : ltoa.obj (.text:ltoa)
                  00821d40    000000e0                     : memset.obj (.text:memset)
                  00821e20    000000e0     modelPreesm_pe66.oe66 (.text:ti_sdo_ipc_GateMP_Object__create__S)
                  00821f00    000000e0     modelPreesm_pe66.oe66 (.text:ti_sdo_ipc_ListMP_Object__create__S)
                  00821fe0    000000e0     ipc.lib : Ipc.obj (.text:ti_sdo_ipc_family_c647x_NotifySetup_attach__E)
                  008220c0    000000e0             : Ipc.obj (.text:ti_sdo_ipc_gates_GateHWSem_enter__E)
                  008221a0    000000e0     modelPreesm_pe66.oe66 (.text:ti_sdo_ipc_heaps_HeapMemMP_Object__create__S)
                  00822280    000000e0     modelPreesm_pe66.oe66 (.text:ti_sdo_ipc_notifyDrivers_NotifyDriverShm_Object__create__S)
                  00822360    000000e0     sysbios.lib : BIOS.obj (.text:ti_sysbios_family_c64p_Hwi_Instance_finalize__F)
                  00822440    000000e0                 : BIOS.obj (.text:ti_sysbios_family_c64p_Hwi_Instance_init__F)
                  00822520    000000e0                 : BIOS.obj (.text:ti_sysbios_knl_Clock_start__E)
                  00822600    000000e0                 : BIOS.obj (.text:ti_sysbios_timers_timer64_Timer_startup__E)
                  008226e0    000000e0     ti.targets.rts6000.ae66 : Error.oe66 (.text:xdc_runtime_Error_print__F)
                  008227c0    000000e0                             : Memory.oe66 (.text:xdc_runtime_Memory_alloc__F)
                  008228a0    000000e0     modelPreesm_pe66.oe66 (.text:xdc_runtime_knl_GateThread_Object__create__S)
                  00822980    000000c0     rts6600_elf.lib : trgdrv.obj (.text:HOSTread)
                  00822a40    000000c0                     : trgdrv.obj (.text:HOSTunlink)
                  00822b00    000000c0                     : trgdrv.obj (.text:HOSTwrite)
                  00822bc0    000000c0     ipc.lib : Ipc.obj (.text:HeapMemMP_create)
                  00822c80    000000c0             : Ipc.obj (.text:ListMP_create)
                  00822d40    000000c0     rts6600_elf.lib : dtor_list.obj (.text:__cxa_finalize)
                  00822e00    000000c0                     : divu.obj (.text:__divu)
                  00822ec0    000000c0                     : fopen.obj (.text:_cleanup)
                  00822f80    000000c0                     : fflush.obj (.text:_doflush)
                  00823040    000000c0                     : fseek.obj (.text:fseek)
                  00823100    000000c0                     : lowlev.obj (.text:lseek)
                  008231c0    000000c0     ipc.lib : Ipc.obj (.text:ti_sdo_ipc_GateMP_getRegion0ReservedSize__F)
                  00823280    000000c0             : Ipc.obj (.text:ti_sdo_ipc_Notify_execMany__I)
                  00823340    000000c0             : Ipc.obj (.text:ti_sdo_ipc_family_c647x_Interrupt_intShmStub__I)
                  00823400    000000c0     sysbios.lib : BIOS.obj (.text:ti_sysbios_BIOS_errorRaiseHook__I)
                  008234c0    000000c0                 : BIOS.obj (.text:ti_sysbios_gates_GateAll_leave__E)
                  00823580    000000c0                 : BIOS.obj (.text:ti_sysbios_heaps_HeapMem_getStats__E)
                  00823640    000000c0                 : BIOS.obj (.text:ti_sysbios_knl_Clock_logTick__E)
                  00823700    000000c0                 : BIOS.obj (.text:ti_sysbios_knl_Swi_Instance_finalize__F)
                  008237c0    000000c0                 : BIOS.obj (.text:ti_sysbios_timers_timer64_Timer_stop__E)
                  00823880    000000c0     rts6600_elf.lib : lowlev.obj (.text:write)
                  00823940    000000c0     ti.targets.rts6000.ae66 : System.oe66 (.text:xdc_runtime_System_formatNum__I)
                  00823a00    000000a0     Core1.obj (.text)
                  00823aa0    000000a0     Core2.obj (.text)
                  00823b40    000000a0     Core3.obj (.text)
                  00823be0    000000a0     Core4.obj (.text)
                  00823c80    000000a0     Core5.obj (.text)
                  00823d20    000000a0     Core6.obj (.text)
                  00823dc0    000000a0     Core7.obj (.text)
                  00823e60    000000a0     rts6600_elf.lib : trgdrv.obj (.text:HOSTclose)
                  00823f00    000000a0                     : remu.obj (.text:__remu)
                  00823fa0    000000a0     boot.ae66 : boot.oe66 (.text:_c_int00)
                  00824040    000000a0     rts6600_elf.lib : _printfi.obj (.text:_ecpy)
                  008240e0    000000a0                     : _printfi.obj (.text:_fcpy)
                  00824180    000000a0                     : _printfi.obj (.text:_pconv_f)
                  00824220    000000a0     sysbios.lib : c64p_Hwi_asm.obj (.text:_ti_sysbios_family_c64p_Hwi_plug__E)
                  008242c0    000000a0     rts6600_elf.lib : lowlev.obj (.text:finddevice)
                  00824360    000000a0                     : memcpy64.obj (.text:memcpy)
                  00824400    000000a0     ipc.lib : Ipc.obj (.text:ti_sdo_ipc_family_c647x_Interrupt_intUnregister__E)
                  008244a0    000000a0             : Ipc.obj (.text:ti_sdo_ipc_gates_GatePeterson_leave__E)
                  00824540    000000a0             : Ipc.obj (.text:ti_sdo_ipc_notifyDrivers_NotifyDriverShm_Instance_finalize__F)
                  008245e0    000000a0     sysbios.lib : BIOS.obj (.text:ti_sysbios_heaps_HeapMem_init__I)
                  00824680    000000a0     modelPreesm_pe66.oe66 (.text:ti_sysbios_knl_Clock_Object__create__S)
                  00824720    000000a0     ti.targets.rts6000.ae66 : Assert.oe66 (.text:xdc_runtime_Assert_raise__I)
                  008247c0    00000080     ipc.lib : Ipc.obj (.text:GateMP_create)
                  00824840    00000080     rts6600_elf.lib : dtor_list.obj (.text:_Z11__TI_atexitPFYvPvES_S_)
                  008248c0    00000080                     : fixdu.obj (.text:__c6xabi_fixdu)
                  00824940    00000080                     : llshift.obj (.text:__c6xabi_llshl)
                  008249c0    00000080     sysbios.lib : c62_TaskSupport_asm.obj (.text:_ti_sysbios_family_c62_TaskSupport_swap__E)
                  00824a40    00000080     modelPreesm_pe66.oe66 (.text:malloc)
                  00824ac0    00000080     rts6600_elf.lib : printf.obj (.text:printf)
                  00824b40    00000080                     : trgmsg.obj (.text:readmsg)
                  00824bc0    00000080     modelPreesm_pe66.oe66 (.text:ti_sdo_ipc_gates_GateHWSem_Object__create__S)
                  00824c40    00000080     modelPreesm_pe66.oe66 (.text:ti_sdo_ipc_gates_GateMPSupportNull_Object__create__S)
                  00824cc0    00000080     ipc.lib : Ipc.obj (.text:ti_sdo_ipc_nsremote_NameServerRemoteNotify_detach__E)
                  00824d40    00000080             : Ipc.obj (.text:ti_sdo_ipc_transports_TransportShm_swiFxn__I)
                  00824dc0    00000080     modelPreesm_pe66.oe66 (.text:ti_sdo_utils_List_Object__create__S)
                  00824e40    00000080     modelPreesm_pe66.oe66 (.text:ti_sysbios_BIOS_exitFunc__I)
                  00824ec0    00000080     sysbios.lib : BIOS.obj (.text:ti_sysbios_BIOS_exit__E)
                  00824f40    00000080                 : BIOS.obj (.text:ti_sysbios_family_c62_TaskSupport_start__E)
                  00824fc0    00000080                 : BIOS.obj (.text:ti_sysbios_family_c64p_Exception_Module_startup__F)
                  00825040    00000080                 : BIOS.obj (.text:ti_sysbios_family_c64p_Hwi_eventMap__E)
                  008250c0    00000080                 : BIOS.obj (.text:ti_sysbios_family_c66_Cache_invL1pAll__E)
                  00825140    00000080     modelPreesm_pe66.oe66 (.text:ti_sysbios_gates_GateAll_Object__create__S)
                  008251c0    00000080     modelPreesm_pe66.oe66 (.text:ti_sysbios_gates_GateHwi_Object__create__S)
                  00825240    00000080     modelPreesm_pe66.oe66 (.text:ti_sysbios_gates_GateMutexPri_Object__create__S)
                  008252c0    00000080     modelPreesm_pe66.oe66 (.text:ti_sysbios_gates_GateMutex_Object__create__S)
                  00825340    00000080     modelPreesm_pe66.oe66 (.text:ti_sysbios_gates_GateSwi_Object__create__S)
                  008253c0    00000080     sysbios.lib : BIOS.obj (.text:ti_sysbios_gates_GateSwi_leave__E)
                  00825440    00000080                 : BIOS.obj (.text:ti_sysbios_hal_Hwi_checkStack:ti_sysbios_hal_Hwi_checkStack)
                  008254c0    00000080     modelPreesm_pe66.oe66 (.text:ti_sysbios_heaps_HeapMem_Object__create__S)
                  00825540    00000080     sysbios.lib : BIOS.obj (.text:ti_sysbios_knl_Clock_Module_startup__F)
                  008255c0    00000080     modelPreesm_pe66.oe66 (.text:ti_sysbios_knl_Clock_doTick__I)
                  00825640    00000080     sysbios.lib : BIOS.obj (.text:ti_sysbios_knl_Clock_getTicks__E)
                  008256c0    00000080                 : BIOS.obj (.text:ti_sysbios_knl_Idle_loop__E)
                  00825740    00000080     modelPreesm_pe66.oe66 (.text:ti_sysbios_knl_Queue_Object__create__S)
                  008257c0    00000080     modelPreesm_pe66.oe66 (.text:ti_sysbios_knl_Semaphore_Object__create__S)
                  00825840    00000080     sysbios.lib : BIOS.obj (.text:ti_sysbios_knl_Semaphore_pendTimeout__I)
                  008258c0    00000080                 : BIOS.obj (.text:ti_sysbios_knl_Swi_startup__E)
                  00825940    00000080                 : BIOS.obj (.text:ti_sysbios_knl_Task_restore__E)
                  008259c0    00000080                 : BIOS.obj (.text:ti_sysbios_timers_timer64_Timer_getCount__E)
                  00825a40    00000080                 : BIOS.obj (.text:ti_sysbios_timers_timer64_Timer_getPeriod__E)
                  00825ac0    00000080     modelPreesm_pe66.oe66 (.text:ti_sysbios_xdcruntime_GateThreadSupport_Object__create__S)
                  00825b40    00000080     rts6600_elf.lib : lowlev.obj (.text:unlink)
                  00825bc0    00000080     ti.targets.rts6000.ae66 : Core-label.oe66 (.text:xdc_runtime_Core_assignLabel__I)
                  00825c40    00000080                             : Core-params.oe66 (.text:xdc_runtime_Core_assignParams__I)
                  00825cc0    00000080                             : System.oe66 (.text:xdc_runtime_System_atexit__F)
                  00825d40    00000080                             : System.oe66 (.text:xdc_runtime_System_rtsExit__I)
                  00825dc0    00000080                             : Text.oe66 (.text:xdc_runtime_Text_printVisFxn__I)
                  00825e40    00000080                             : Text.oe66 (.text:xdc_runtime_Text_xprintf__I)
                  00825ec0    00000060     ipc.lib : Ipc.obj (.text:GateMP_Params_init)
                  00825f20    00000060             : Ipc.obj (.text:HeapMemMP_Params_init)
                  00825f80    00000060     rts6600_elf.lib : frcmpyd_div.obj (.text:__c6xabi_frcmpyd_div)
                  00825fe0    00000060                     : llshift.obj (.text:__c6xabi_llshru)
                  00826040    00000060                     : imath64.obj (.text:_subcull)
                  008260a0    00000060                     : memccpy.obj (.text:memccpy)
                  00826100    00000060     modelPreesm_pe66.oe66 (.text:ti_sdo_ipc_GateMP_Object__delete__S)
                  00826160    00000060     modelPreesm_pe66.oe66 (.text:ti_sdo_ipc_ListMP_Object__delete__S)
                  008261c0    00000060     ipc.lib : Ipc.obj (.text:ti_sdo_ipc_family_c647x_NotifySetup_sharedMemReq__E)
                  00826220    00000060     modelPreesm_pe66.oe66 (.text:ti_sdo_ipc_gates_GateHWSem_Object__delete__S)
                  00826280    00000060     ipc.lib : Ipc.obj (.text:ti_sdo_ipc_gates_GateHWSem_leave__E)
                  008262e0    00000060     modelPreesm_pe66.oe66 (.text:ti_sdo_ipc_gates_GateMPSupportNull_Object__delete__S)
                  00826340    00000060     ipc.lib : Ipc.obj (.text:ti_sdo_ipc_gates_GatePeterson_Instance_finalize__F)
                  008263a0    00000060     modelPreesm_pe66.oe66 (.text:ti_sdo_ipc_gates_GatePeterson_Object__delete__S)
                  00826400    00000060     ipc.lib : Ipc.obj (.text:ti_sdo_ipc_gates_GatePeterson_sharedMemReq__E)
                  00826460    00000060     modelPreesm_pe66.oe66 (.text:ti_sdo_ipc_heaps_HeapMemMP_Object__delete__S)
                  008264c0    00000060     modelPreesm_pe66.oe66 (.text:ti_sdo_ipc_notifyDrivers_NotifyDriverShm_Object__delete__S)
                  00826520    00000060     ipc.lib : Ipc.obj (.text:ti_sdo_ipc_notifyDrivers_NotifyDriverShm_setNotifyHandle__E)
                  00826580    00000060     modelPreesm_pe66.oe66 (.text:ti_sdo_ipc_nsremote_NameServerRemoteNotify_Object__delete__S)
                  008265e0    00000060     ipc.lib : Ipc.obj (.text:ti_sdo_ipc_transports_TransportShmSetup_sharedMemReq__E)
                  00826640    00000060     modelPreesm_pe66.oe66 (.text:ti_sdo_ipc_transports_TransportShm_Object__delete__S)
                  008266a0    00000060     sysbios.lib : BIOS.obj (.text:ti_sysbios_BIOS_registerRTSLock__I)
                  00826700    00000060     modelPreesm_pe66.oe66 (.text:ti_sysbios_family_c64p_Hwi_Object__delete__S)
                  00826760    00000060     modelPreesm_pe66.oe66 (.text:ti_sysbios_gates_GateAll_Object__delete__S)
                  008267c0    00000060     sysbios.lib : BIOS.obj (.text:ti_sysbios_gates_GateAll_enter__E)
                  00826820    00000060     modelPreesm_pe66.oe66 (.text:ti_sysbios_gates_GateHwi_Object__delete__S)
                  00826880    00000060     modelPreesm_pe66.oe66 (.text:ti_sysbios_gates_GateMutexPri_Object__delete__S)
                  008268e0    00000060     sysbios.lib : BIOS.obj (.text:ti_sysbios_gates_GateMutex_Instance_init__F)
                  00826940    00000060     modelPreesm_pe66.oe66 (.text:ti_sysbios_gates_GateMutex_Object__delete__S)
                  008269a0    00000060     modelPreesm_pe66.oe66 (.text:ti_sysbios_gates_GateSwi_Object__delete__S)
                  00826a00    00000060     sysbios.lib : BIOS.obj (.text:ti_sysbios_hal_Hwi_initStack:ti_sysbios_hal_Hwi_initStack)
                  00826a60    00000060     modelPreesm_pe66.oe66 (.text:ti_sysbios_heaps_HeapMem_Object__delete__S)
                  00826ac0    00000060     sysbios.lib : BIOS.obj (.text:ti_sysbios_knl_Swi_Module_startup__F)
                  00826b20    00000060                 : BIOS.obj (.text:ti_sysbios_knl_Task_allBlockedFunction__I)
                  00826b80    00000060                 : BIOS.obj (.text:ti_sysbios_knl_Task_enter__I)
                  00826be0    00000060     modelPreesm_pe66.oe66 (.text:ti_sysbios_xdcruntime_GateThreadSupport_Object__delete__S)
                  00826c40    00000060     rts6600_elf.lib : trgmsg.obj (.text:writemsg)
                  00826ca0    00000060     modelPreesm_pe66.oe66 (.text:xdc_runtime_GateNull_Object__create__S)
                  00826d00    00000060     modelPreesm_pe66.oe66 (.text:xdc_runtime_GateNull_Object__delete__S)
                  00826d60    00000060     ti.targets.rts6000.ae66 : Memory.oe66 (.text:xdc_runtime_Memory_calloc__F)
                  00826dc0    00000060                             : Memory.oe66 (.text:xdc_runtime_Memory_valloc__F)
                  00826e20    00000060                             : SysStd.oe66 (.text:xdc_runtime_SysStd_abort__F)
                  00826e80    00000060                             : System.oe66 (.text:xdc_runtime_System_avprintf__F)
                  00826ee0    00000060                             : System.oe66 (.text:xdc_runtime_System_vprintf__F)
                  00826f40    00000060                             : Text.oe66 (.text:xdc_runtime_Text_cordText__F)
                  00826fa0    00000060     modelPreesm_pe66.oe66 (.text:xdc_runtime_knl_GateThread_Object__delete__S)
                  00827000    00000040     rts6600_elf.lib : isinf.obj (.text:__c6xabi_isinf)
                  00827040    00000040                     : _printfi.obj (.text:__c6xabi_isnan)
                  00827080    00000040                     : strasg.obj (.text:__strasgi_64plus)
                  008270c0    00000040                     : args_main.obj (.text:_args_main)
                  00827100    00000040     sysbios.lib : c62_TaskSupport_asm.obj (.text:_ti_sysbios_family_c62_TaskSupport_buildTaskStack)
                  00827140    00000040                 : c64p_Hwi_asm_switch.obj (.text:_ti_sysbios_family_xxx_Hwi_switchToIsrStack)
                  00827180    00000040     modelPreesm_pe66.oe66 (.text:free)
                  008271c0    00000040     sysbios.lib : BIOS.obj (.text:rtsLock$0)
                  00827200    00000040     ipc.lib : Ipc.obj (.text:ti_sdo_ipc_family_c647x_Interrupt_intClear__E)
                  00827240    00000040             : Ipc.obj (.text:ti_sdo_ipc_family_c647x_Interrupt_intSend__E)
                  00827280    00000040     modelPreesm_pe66.oe66 (.text:ti_sdo_ipc_gates_GateHWSem_Handle__label__S)
                  008272c0    00000040     modelPreesm_pe66.oe66 (.text:ti_sdo_ipc_gates_GateMPSupportNull_Handle__label__S)
                  00827300    00000040     modelPreesm_pe66.oe66 (.text:ti_sdo_ipc_gates_GatePeterson_Handle__label__S)
                  00827340    00000040     modelPreesm_pe66.oe66 (.text:ti_sdo_ipc_heaps_HeapMemMP_Handle__label__S)
                  00827380    00000040     modelPreesm_pe66.oe66 (.text:ti_sdo_ipc_notifyDrivers_NotifyDriverShm_Handle__label__S)
                  008273c0    00000040     ipc.lib : Ipc.obj (.text:ti_sdo_ipc_notifyDrivers_NotifyDriverShm_disable__E)
                  00827400    00000040             : Ipc.obj (.text:ti_sdo_ipc_notifyDrivers_NotifyDriverShm_enable__E)
                  00827440    00000040     modelPreesm_pe66.oe66 (.text:ti_sdo_ipc_nsremote_NameServerRemoteNotify_Handle__label__S)
                  00827480    00000040     ipc.lib : Ipc.obj (.text:ti_sdo_ipc_nsremote_NameServerRemoteNotify_sharedMemReq__E)
                  008274c0    00000040     modelPreesm_pe66.oe66 (.text:ti_sdo_ipc_transports_TransportShm_Handle__label__S)
                  00827500    00000040     modelPreesm_pe66.oe66 (.text:ti_sdo_utils_NameServer_Module__startupDone__F)
                  00827540    00000040     modelPreesm_pe66.oe66 (.text:ti_sdo_utils_NameServer_Object__get__S)
                  00827580    00000040     modelPreesm_pe66.oe66 (.text:ti_sysbios_BIOS_startFunc__I)
                  008275c0    00000040     sysbios.lib : BIOS.obj (.text:ti_sysbios_BIOS_start__E)
                  00827600    00000040     modelPreesm_pe66.oe66 (.text:ti_sysbios_family_c64p_Hwi_Module__startupDone__F)
                  00827640    00000040     sysbios.lib : BIOS.obj (.text:ti_sysbios_family_c64p_Hwi_disableInterrupt__E)
                  00827680    00000040                 : BIOS.obj (.text:ti_sysbios_family_c64p_Hwi_enableInterrupt__E)
                  008276c0    00000040     modelPreesm_pe66.oe66 (.text:ti_sysbios_gates_GateAll_Handle__label__S)
                  00827700    00000040     modelPreesm_pe66.oe66 (.text:ti_sysbios_gates_GateHwi_Handle__label__S)
                  00827740    00000040     modelPreesm_pe66.oe66 (.text:ti_sysbios_gates_GateMutexPri_Handle__label__S)
                  00827780    00000040     sysbios.lib : BIOS.obj (.text:ti_sysbios_gates_GateMutexPri_Instance_finalize__F)
                  008277c0    00000040                 : BIOS.obj (.text:ti_sysbios_gates_GateMutexPri_Instance_init__F)
                  00827800    00000040     modelPreesm_pe66.oe66 (.text:ti_sysbios_gates_GateMutexPri_Object__destruct__S)
                  00827840    00000040     modelPreesm_pe66.oe66 (.text:ti_sysbios_gates_GateMutex_Handle__label__S)
                  00827880    00000040     sysbios.lib : BIOS.obj (.text:ti_sysbios_gates_GateMutex_Instance_finalize__F)
                  008278c0    00000040                 : BIOS.obj (.text:ti_sysbios_gates_GateMutex_leave__E)
                  00827900    00000040     modelPreesm_pe66.oe66 (.text:ti_sysbios_gates_GateSwi_Handle__label__S)
                  00827940    00000040     modelPreesm_pe66.oe66 (.text:ti_sysbios_hal_Timer_Module__startupDone__F)
                  00827980    00000040     modelPreesm_pe66.oe66 (.text:ti_sysbios_heaps_HeapMem_Handle__label__S)
                  008279c0    00000040     modelPreesm_pe66.oe66 (.text:ti_sysbios_heaps_HeapMem_Object__get__S)
                  00827a00    00000040     modelPreesm_pe66.oe66 (.text:ti_sysbios_knl_Clock_Object__destruct__S)
                  00827a40    00000040     sysbios.lib : BIOS.obj (.text:ti_sysbios_knl_Semaphore_Instance_finalize__F)
                  00827a80    00000040     modelPreesm_pe66.oe66 (.text:ti_sysbios_knl_Semaphore_Object__destruct__S)
                  00827ac0    00000040     modelPreesm_pe66.oe66 (.text:ti_sysbios_knl_Swi_Object__destruct__S)
                  00827b00    00000040     modelPreesm_pe66.oe66 (.text:ti_sysbios_knl_Swi_Object__get__S)
                  00827b40    00000040     modelPreesm_pe66.oe66 (.text:ti_sysbios_knl_Task_Object__get__S)
                  00827b80    00000040     sysbios.lib : BIOS.obj (.text:ti_sysbios_knl_Task_sleepTimeout__I)
                  00827bc0    00000040     modelPreesm_pe66.oe66 (.text:ti_sysbios_timers_timer64_Timer_Module__startupDone__F)
                  00827c00    00000040     sysbios.lib : BIOS.obj (.text:ti_sysbios_xdcruntime_GateThreadSupport_Instance_finalize__F)
                  00827c40    00000040                 : BIOS.obj (.text:ti_sysbios_xdcruntime_GateThreadSupport_Instance_init__F)
                  00827c80    00000040                 : BIOS.obj (.text:ti_sysbios_xdcruntime_GateThreadSupport_enter__F)
                  00827cc0    00000040                 : BIOS.obj (.text:ti_sysbios_xdcruntime_GateThreadSupport_leave__F)
                  00827d00    00000040     ti.targets.rts6000.ae66 : Error.oe66 (.text:xdc_runtime_Error_check__F)
                  00827d40    00000040                             : Error.oe66 (.text:xdc_runtime_Error_init__F)
                  00827d80    00000040     modelPreesm_pe66.oe66 (.text:xdc_runtime_GateNull_Handle__label__S)
                  00827dc0    00000040     ti.targets.rts6000.ae66 : Gate.oe66 (.text:xdc_runtime_Gate_leaveSystem__F)
                  00827e00    00000040                             : Memory.oe66 (.text:xdc_runtime_Memory_free__F)
                  00827e40    00000040                             : Registry.oe66 (.text:xdc_runtime_Registry_findById__F)
                  00827e80    00000040                             : System.oe66 (.text:xdc_runtime_System_abort__F)
                  00827ec0    00000040     modelPreesm_pe66.oe66 (.text:xdc_runtime_System_aprintf__E)
                  00827f00    00000040     modelPreesm_pe66.oe66 (.text:xdc_runtime_System_printf__E)
                  00827f40    00000040     ti.targets.rts6000.ae66 : Text.oe66 (.text:xdc_runtime_Text_ropeText__F)
                  00827f80    00000040     modelPreesm_pe66.oe66 (.text:xdc_runtime_knl_GateThread_Handle__label__S)
                  00827fc0    00000040     ti.targets.rts6000.ae66 : GateThread.oe66 (.text:xdc_runtime_knl_GateThread_Instance_finalize__F)
                  00828000    00000040                             : GateThread.oe66 (.text:xdc_runtime_knl_GateThread_Instance_init__F)
                  00828040    00000020     ipc.lib : Ipc.obj (.text:GateMP_delete)
                  00828060    00000020             : Ipc.obj (.text:MultiProc_self)
                  00828080    00000020     rts6600_elf.lib : negll.obj (.text:__c6xabi_negll)
                  008280a0    00000020                     : dtor_list.obj (.text:__cxa_atexit)
                  008280c0    00000020                     : dtor_list.obj (.text:__cxa_ia64_exit)
                  008280e0    00000020     ti.targets.rts6000.ae66 : xdc_noinit.oe66 (.text:__xdc__init)
                  00828100    00000020     rts6600_elf.lib : _lock.obj (.text:_nop)
                  00828120    00000020                     : printf.obj (.text:_outc)
                  00828140    00000020                     : printf.obj (.text:_outs)
                  00828160    00000020                     : _lock.obj (.text:_register_lock)
                  00828180    00000020                     : _lock.obj (.text:_register_unlock)
                  008281a0    00000020     sysbios.lib : c62_TaskSupport_asm.obj (.text:_ti_sysbios_family_c62_TaskSupport_glue)
                  008281c0    00000020                 : c64p_Hwi_asm_switch.obj (.text:_ti_sysbios_family_xxx_Hwi_switchToTaskStack)
                  008281e0    00000020     rts6600_elf.lib : exit.obj (.text:abort)
                  00828200    00000020                     : dtor_list.obj (.text:atexit)
                  00828220    00000020                     : copy_decompress_none.obj (.text:decompress:none:__TI_decompress_none)
                  00828240    00000020                     : copy_decompress_rle.obj (.text:decompress:rle24:__TI_decompress_rle24)
                  00828260    00000020     sysbios.lib : BIOS.obj (.text:nullFunc$0)
                  00828280    00000020     rts6600_elf.lib : fputc.obj (.text:putc)
                  008282a0    00000020                     : fputc.obj (.text:putchar)
                  008282c0    00000020     modelPreesm_pe66.oe66 (.text:ti_sdo_ipc_GateMP_Params__init__S)
                  008282e0    00000020     modelPreesm_pe66.oe66 (.text:ti_sdo_ipc_GateMP_RemoteCustom1Proxy_Object__create__S)
                  00828300    00000020     modelPreesm_pe66.oe66 (.text:ti_sdo_ipc_GateMP_RemoteCustom1Proxy_Object__delete__S)
                  00828320    00000020     modelPreesm_pe66.oe66 (.text:ti_sdo_ipc_GateMP_RemoteCustom1Proxy_Params__init__S)
                  00828340    00000020     modelPreesm_pe66.oe66 (.text:ti_sdo_ipc_GateMP_RemoteCustom1Proxy_Proxy__abstract__S)
                  00828360    00000020     modelPreesm_pe66.oe66 (.text:ti_sdo_ipc_GateMP_RemoteCustom1Proxy_Proxy__delegate__S)
                  00828380    00000020     modelPreesm_pe66.oe66 (.text:ti_sdo_ipc_GateMP_RemoteCustom2Proxy_Object__create__S)
                  008283a0    00000020     modelPreesm_pe66.oe66 (.text:ti_sdo_ipc_GateMP_RemoteCustom2Proxy_Object__delete__S)
                  008283c0    00000020     modelPreesm_pe66.oe66 (.text:ti_sdo_ipc_GateMP_RemoteCustom2Proxy_Params__init__S)
                  008283e0    00000020     modelPreesm_pe66.oe66 (.text:ti_sdo_ipc_GateMP_RemoteCustom2Proxy_Proxy__abstract__S)
                  00828400    00000020     modelPreesm_pe66.oe66 (.text:ti_sdo_ipc_GateMP_RemoteCustom2Proxy_Proxy__delegate__S)
                  00828420    00000020     modelPreesm_pe66.oe66 (.text:ti_sdo_ipc_GateMP_RemoteSystemProxy_Object__create__S)
                  00828440    00000020     modelPreesm_pe66.oe66 (.text:ti_sdo_ipc_GateMP_RemoteSystemProxy_Object__delete__S)
                  00828460    00000020     modelPreesm_pe66.oe66 (.text:ti_sdo_ipc_GateMP_RemoteSystemProxy_Params__init__S)
                  00828480    00000020     modelPreesm_pe66.oe66 (.text:ti_sdo_ipc_GateMP_RemoteSystemProxy_Proxy__abstract__S)
                  008284a0    00000020     modelPreesm_pe66.oe66 (.text:ti_sdo_ipc_GateMP_RemoteSystemProxy_Proxy__delegate__S)
                  008284c0    00000020     ipc.lib : Ipc.obj (.text:ti_sdo_ipc_GateMP_getSharedAddr__F)
                  008284e0    00000020     modelPreesm_pe66.oe66 (.text:ti_sdo_ipc_ListMP_Params__init__S)
                  00828500    00000020     modelPreesm_pe66.oe66 (.text:ti_sdo_ipc_MessageQ_Object__get__S)
                  00828520    00000020     modelPreesm_pe66.oe66 (.text:ti_sdo_ipc_Notify_Module_GateProxy_enter__E)
                  00828540    00000020     modelPreesm_pe66.oe66 (.text:ti_sdo_ipc_Notify_Module_GateProxy_leave__E)
                  00828560    00000020     ipc.lib : Ipc.obj (.text:ti_sdo_ipc_family_c647x_Interrupt_intDisable__E)
                  00828580    00000020             : Ipc.obj (.text:ti_sdo_ipc_family_c647x_Interrupt_intEnable__E)
                  008285a0    00000020             : Ipc.obj (.text:ti_sdo_ipc_family_c647x_NotifySetup_numIntLines__E)
                  008285c0    00000020     modelPreesm_pe66.oe66 (.text:ti_sdo_ipc_gates_GateHWSem_Params__init__S)
                  008285e0    00000020     ipc.lib : Ipc.obj (.text:ti_sdo_ipc_gates_GateHWSem_getReservedMask__E)
                  00828600    00000020             : Ipc.obj (.text:ti_sdo_ipc_gates_GateHWSem_query__F)
                  00828620    00000020             : Ipc.obj (.text:ti_sdo_ipc_gates_GateHWSem_sharedMemReq__E)
                  00828640    00000020             : Ipc.obj (.text:ti_sdo_ipc_gates_GateMPSupportNull_Instance_init__F)
                  00828660    00000020     modelPreesm_pe66.oe66 (.text:ti_sdo_ipc_gates_GateMPSupportNull_Params__init__S)
                  00828680    00000020     ipc.lib : Ipc.obj (.text:ti_sdo_ipc_gates_GateMPSupportNull_getReservedMask__E)
                  008286a0    00000020             : Ipc.obj (.text:ti_sdo_ipc_gates_GateMPSupportNull_query__F)
                  008286c0    00000020             : Ipc.obj (.text:ti_sdo_ipc_gates_GateMPSupportNull_sharedMemReq__E)
                  008286e0    00000020     modelPreesm_pe66.oe66 (.text:ti_sdo_ipc_gates_GatePeterson_Params__init__S)
                  00828700    00000020     ipc.lib : Ipc.obj (.text:ti_sdo_ipc_gates_GatePeterson_getReservedMask__E)
                  00828720    00000020             : Ipc.obj (.text:ti_sdo_ipc_gates_GatePeterson_query__F)
                  00828740    00000020     modelPreesm_pe66.oe66 (.text:ti_sdo_ipc_heaps_HeapMemMP_Params__init__S)
                  00828760    00000020     ipc.lib : Ipc.obj (.text:ti_sdo_ipc_heaps_HeapMemMP_isBlocking__F)
                  00828780    00000020     modelPreesm_pe66.oe66 (.text:ti_sdo_ipc_notifyDrivers_NotifyDriverShm_Params__init__S)
                  008287a0    00000020     modelPreesm_pe66.oe66 (.text:ti_sdo_ipc_nsremote_NameServerRemoteNotify_Object__first__S)
                  008287c0    00000020     modelPreesm_pe66.oe66 (.text:ti_sdo_ipc_nsremote_NameServerRemoteNotify_Object__next__S)
                  008287e0    00000020     modelPreesm_pe66.oe66 (.text:ti_sdo_ipc_nsremote_NameServerRemoteNotify_Params__init__S)
                  00828800    00000020     ipc.lib : Ipc.obj (.text:ti_sdo_ipc_nsremote_NameServerRemoteNotify_cbFxn__I)
                  00828820    00000020             : Ipc.obj (.text:ti_sdo_ipc_transports_TransportShmSetup_isRegistered__E)
                  00828840    00000020     modelPreesm_pe66.oe66 (.text:ti_sdo_ipc_transports_TransportShm_Params__init__S)
                  00828860    00000020     ipc.lib : Ipc.obj (.text:ti_sdo_ipc_transports_TransportShm_control__E)
                  00828880    00000020             : Ipc.obj (.text:ti_sdo_ipc_transports_TransportShm_getStatus__E)
                  008288a0    00000020             : Ipc.obj (.text:ti_sdo_ipc_transports_TransportShm_notifyFxn__I)
                  008288c0    00000020             : Ipc.obj (.text:ti_sdo_ipc_transports_TransportShm_setErrFxn__F)
                  008288e0    00000020             : Ipc.obj (.text:ti_sdo_utils_List_Instance_init__F)
                  00828900    00000020     modelPreesm_pe66.oe66 (.text:ti_sdo_utils_List_Object__destruct__S)
                  00828920    00000020     modelPreesm_pe66.oe66 (.text:ti_sdo_utils_List_Object__get__S)
                  00828940    00000020     ipc.lib : Ipc.obj (.text:ti_sdo_utils_MultiProc_getClusterId__F)
                  00828960    00000020     modelPreesm_pe66.oe66 (.text:ti_sdo_utils_NameServer_Object__first__S)
                  00828980    00000020     modelPreesm_pe66.oe66 (.text:ti_sdo_utils_NameServer_Object__next__S)
                  008289a0    00000020     modelPreesm_pe66.oe66 (.text:ti_sysbios_BIOS_RtsGateProxy_enter__E)
                  008289c0    00000020     modelPreesm_pe66.oe66 (.text:ti_sysbios_BIOS_RtsGateProxy_leave__E)
                  008289e0    00000020     sysbios.lib : BIOS.obj (.text:ti_sysbios_BIOS_getThreadType__E)
                  00828a00    00000020                 : BIOS.obj (.text:ti_sysbios_BIOS_setThreadType__E)
                  00828a20    00000020     modelPreesm_pe66.oe66 (.text:ti_sysbios_family_c62_TaskSupport_Module__startupDone__S)
                  00828a40    00000020     sysbios.lib : BIOS.obj (.text:ti_sysbios_family_c62_TaskSupport_checkStack__E)
                  00828a60    00000020     modelPreesm_pe66.oe66 (.text:ti_sysbios_family_c64p_Hwi_Params__init__S)
                  00828a80    00000020     sysbios.lib : BIOS.obj (.text:ti_sysbios_family_c64p_Hwi_clearInterrupt__E)
                  00828aa0    00000020                 : BIOS.obj (.text:ti_sysbios_family_c64p_Hwi_getHandle__E)
                  00828ac0    00000020                 : BIOS.obj (.text:ti_sysbios_family_c64p_Hwi_startup__E)
                  00828ae0    00000020                 : BIOS.obj (.text:ti_sysbios_family_c64p_Hwi_switchFromBootStack__E)
                  00828b00    00000020                 : BIOS.obj (.text:ti_sysbios_family_c64p_Hwi_unPluggedInterrupt__I)
                  00828b20    00000020                 : BIOS.obj (.text:ti_sysbios_family_c64p_TimestampProvider_Module_startup__F)
                  00828b40    00000020                 : BIOS.obj (.text:ti_sysbios_family_c64p_TimestampProvider_get32__E)
                  00828b60    00000020                 : BIOS.obj (.text:ti_sysbios_family_c64p_tci6488_TimerSupport_enable__E)
                  00828b80    00000020                 : BIOS.obj (.text:ti_sysbios_family_c66_Cache_inv__E)
                  00828ba0    00000020                 : BIOS.obj (.text:ti_sysbios_family_c66_Cache_wbInv__E)
                  00828bc0    00000020                 : BIOS.obj (.text:ti_sysbios_gates_GateAll_Instance_init__F)
                  00828be0    00000020                 : BIOS.obj (.text:ti_sysbios_gates_GateAll_query__F)
                  00828c00    00000020                 : BIOS.obj (.text:ti_sysbios_gates_GateHwi_Instance_init__F)
                  00828c20    00000020                 : BIOS.obj (.text:ti_sysbios_gates_GateHwi_enter__E)
                  00828c40    00000020                 : BIOS.obj (.text:ti_sysbios_gates_GateHwi_leave__E)
                  00828c60    00000020                 : BIOS.obj (.text:ti_sysbios_gates_GateHwi_query__F)
                  00828c80    00000020                 : BIOS.obj (.text:ti_sysbios_gates_GateMutexPri_query__F)
                  00828ca0    00000020                 : BIOS.obj (.text:ti_sysbios_gates_GateMutex_query__F)
                  00828cc0    00000020                 : BIOS.obj (.text:ti_sysbios_gates_GateSwi_Instance_init__F)
                  00828ce0    00000020                 : BIOS.obj (.text:ti_sysbios_gates_GateSwi_query__F)
                  00828d00    00000020     modelPreesm_pe66.oe66 (.text:ti_sysbios_hal_Hwi_HwiProxy_Module__startupDone__S)
                  00828d20    00000020     sysbios.lib : BIOS.obj (.text:ti_sysbios_hal_Hwi_Module_startup__F)
                  00828d40    00000020                 : BIOS.obj (.text:ti_sysbios_hal_Timer_Module_startup__F)
                  00828d60    00000020     modelPreesm_pe66.oe66 (.text:ti_sysbios_hal_Timer_TimerProxy_Module__startupDone__S)
                  00828d80    00000020     modelPreesm_pe66.oe66 (.text:ti_sysbios_hal_Timer_TimerProxy_getExpiredCounts__E)
                  00828da0    00000020     modelPreesm_pe66.oe66 (.text:ti_sysbios_hal_Timer_TimerProxy_getPeriod__E)
                  00828dc0    00000020     modelPreesm_pe66.oe66 (.text:ti_sysbios_hal_Timer_TimerProxy_setNextTick__E)
                  00828de0    00000020     modelPreesm_pe66.oe66 (.text:ti_sysbios_heaps_HeapMem_Module_GateProxy_enter__E)
                  00828e00    00000020     modelPreesm_pe66.oe66 (.text:ti_sysbios_heaps_HeapMem_Module_GateProxy_leave__E)
                  00828e20    00000020     sysbios.lib : BIOS.obj (.text:ti_sysbios_heaps_HeapMem_isBlocking__E)
                  00828e40    00000020     modelPreesm_pe66.oe66 (.text:ti_sysbios_knl_Clock_Params__init__S)
                  00828e60    00000020     sysbios.lib : BIOS.obj (.text:ti_sysbios_knl_Queue_Instance_init__F)
                  00828e80    00000020     modelPreesm_pe66.oe66 (.text:ti_sysbios_knl_Queue_Object__destruct__S)
                  00828ea0    00000020     modelPreesm_pe66.oe66 (.text:ti_sysbios_knl_Queue_Object__get__S)
                  00828ec0    00000020     sysbios.lib : BIOS.obj (.text:ti_sysbios_knl_Queue_empty__E)
                  00828ee0    00000020     modelPreesm_pe66.oe66 (.text:ti_sysbios_knl_Semaphore_Params__init__S)
                  00828f00    00000020     modelPreesm_pe66.oe66 (.text:ti_sysbios_knl_Swi_Params__init__S)
                  00828f20    00000020     sysbios.lib : BIOS.obj (.text:ti_sysbios_knl_Swi_disable__E)
                  00828f40    00000020     modelPreesm_pe66.oe66 (.text:ti_sysbios_knl_Task_Object__first__S)
                  00828f60    00000020     modelPreesm_pe66.oe66 (.text:ti_sysbios_knl_Task_Object__next__S)
                  00828f80    00000020     modelPreesm_pe66.oe66 (.text:ti_sysbios_knl_Task_SupportProxy_Module__startupDone__S)
                  00828fa0    00000020     sysbios.lib : BIOS.obj (.text:ti_sysbios_knl_Task_disable__E)
                  00828fc0    00000020                 : BIOS.obj (.text:ti_sysbios_knl_Task_getPri__E)
                  00828fe0    00000020                 : BIOS.obj (.text:ti_sysbios_knl_Task_self__E)
                  00829000    00000020                 : BIOS.obj (.text:ti_sysbios_timers_timer64_Timer_setNextTick__E)
                  00829020    00000020     ti.targets.rts6000.ae66 : GateNull.oe66 (.text:xdc_runtime_GateNull_enter__F)
                  00829040    00000020                             : GateNull.oe66 (.text:xdc_runtime_GateNull_leave__F)
                  00829060    00000020                             : GateNull.oe66 (.text:xdc_runtime_GateNull_query__F)
                  00829080    00000020                             : Gate.oe66 (.text:xdc_runtime_Gate_enterSystem__F)
                  008290a0    00000020     modelPreesm_pe66.oe66 (.text:xdc_runtime_IHeap_alloc)
                  008290c0    00000020     modelPreesm_pe66.oe66 (.text:xdc_runtime_IHeap_free)
                  008290e0    00000020     modelPreesm_pe66.oe66 (.text:xdc_runtime_Memory_HeapProxy_alloc__E)
                  00829100    00000020     modelPreesm_pe66.oe66 (.text:xdc_runtime_Memory_HeapProxy_free__E)
                  00829120    00000020     ti.targets.rts6000.ae66 : Memory.oe66 (.text:xdc_runtime_Memory_getMaxDefaultTypeAlign__F)
                  00829140    00000020     modelPreesm_pe66.oe66 (.text:xdc_runtime_Startup_Module__startupDone__S)
                  00829160    00000020     modelPreesm_pe66.oe66 (.text:xdc_runtime_Startup_exec__I)
                  00829180    00000020     modelPreesm_pe66.oe66 (.text:xdc_runtime_Startup_reset__I)
                  008291a0    00000020     ti.targets.rts6000.ae66 : Startup.oe66 (.text:xdc_runtime_Startup_rtsDone__F)
                  008291c0    00000020                             : SysStd.oe66 (.text:xdc_runtime_SysStd_exit__F)
                  008291e0    00000020                             : SysStd.oe66 (.text:xdc_runtime_SysStd_putch__F)
                  00829200    00000020                             : SysStd.oe66 (.text:xdc_runtime_SysStd_ready__F)
                  00829220    00000020     modelPreesm_pe66.oe66 (.text:xdc_runtime_System_Module_GateProxy_enter__E)
                  00829240    00000020     modelPreesm_pe66.oe66 (.text:xdc_runtime_System_Module_GateProxy_leave__E)
                  00829260    00000020     ti.targets.rts6000.ae66 : System.oe66 (.text:xdc_runtime_System_Module_startup__F)
                  00829280    00000020                             : System.oe66 (.text:xdc_runtime_System_exit__F)
                  008292a0    00000020                             : System.oe66 (.text:xdc_runtime_System_lastFxn__I)
                  008292c0    00000020                             : System.oe66 (.text:xdc_runtime_System_vsprintf__F)
                  008292e0    00000020     modelPreesm_pe66.oe66 (.text:xdc_runtime_Text_visitRope__I)
                  00829300    00000020     modelPreesm_pe66.oe66 (.text:xdc_runtime_knl_GateThread_Module__startupDone__S)
                  00829320    00000020     modelPreesm_pe66.oe66 (.text:xdc_runtime_knl_GateThread_Proxy_Object__create__S)
                  00829340    00000020     modelPreesm_pe66.oe66 (.text:xdc_runtime_knl_GateThread_Proxy_Object__delete__S)
                  00829360    00000020     modelPreesm_pe66.oe66 (.text:xdc_runtime_knl_GateThread_Proxy_enter__E)
                  00829380    00000020     modelPreesm_pe66.oe66 (.text:xdc_runtime_knl_GateThread_Proxy_leave__E)
                  008293a0    00000020     ti.targets.rts6000.ae66 : GateThread.oe66 (.text:xdc_runtime_knl_GateThread_enter__F)
                  008293c0    00000020                             : GateThread.oe66 (.text:xdc_runtime_knl_GateThread_leave__F)

.far.1     0    008293e0    00009038     UNINITIALIZED
                  008293e0    00008034     modelPreesm_pe66.oe66 (.far)
                  00831414    00000004     --HOLE--
                  00831418    00001000     modelPreesm_pe66.oe66 (.far:taskStackSection)

.far.2     0    00832420    000003a8     UNINITIALIZED
                  00832420    00000190     semaphore6678.obj (.far)
                  008325b0    00000140     rts6600_elf.lib : defs.obj (.far)
                  008326f0    000000d8                     : trgdrv.obj (.far)

.far.3     0    008327d0    00000020     UNINITIALIZED
                  008327d0    00000020     communication.obj (.far)

.const     0    008327f0    0000426a     
                  008327f0    000025b8     modelPreesm_pe66.oe66 (.const:xdc_runtime_Text_charTab__A)
                  00834da8    0000042c     sysbios.lib : BIOS.obj (.const:.string)
                  008351d4    0000000c     modelPreesm_pe66.oe66 (.const:ti_sysbios_family_c66_Cache_initSize__C)
                  008351e0    00000400     modelPreesm_pe66.oe66 (.const:ti_sysbios_family_c66_Cache_marvalues__C)
                  008355e0    00000174     modelPreesm_pe66.oe66 (.const:xdc_runtime_Text_nodeTab__A)
                  00835754    00000008     ti.targets.rts6000.ae66 : System.oe66 (.const:.string)
                  0083575c    00000004                             : Assert.oe66 (.const:.string)
                  00835760    00000101     rts6600_elf.lib : ctype.obj (.const:_ctypes_)
                  00835861    00000003     --HOLE-- [fill = 0]
                  00835864    000000d7     modelPreesm_pe66.oe66 (.const:.string)
                  0083593b    00000001     --HOLE-- [fill = 0]
                  0083593c    0000006c     displayMatrix.obj (.const:.string)
                  008359a8    00000058     ti.targets.rts6000.ae66 : Error.oe66 (.const:.string)
                  00835a00    00000048     communication.obj (.const:.string)
                  00835a48    00000040     ti.targets.rts6000.ae66 : Text.oe66 (.const:.string)
                  00835a88    00000008     modelPreesm_pe66.oe66 (.const:ti_sysbios_knl_Idle_funcList__C)
                  00835a90    00000040     modelPreesm_pe66.oe66 (.const:xdc_runtime_Startup_sfxnTab__A)
                  00835ad0    00000038     modelPreesm_pe66.oe66 (.const:ti_sdo_ipc_notifyDrivers_NotifyDriverShm_Module__FXNS__C)
                  00835b08    00000034     semaphore6678.obj (.const:.string)
                  00835b3c    00000034     modelPreesm_pe66.oe66 (.const:ti_sdo_ipc_GateMP_Object__PARAMS__C)
                  00835b70    00000034     modelPreesm_pe66.oe66 (.const:ti_sdo_ipc_notifyDrivers_NotifyDriverShm_Object__PARAMS__C)
                  00835ba4    00000030     modelPreesm_pe66.oe66 (.const:ti_sdo_ipc_heaps_HeapMemMP_Object__PARAMS__C)
                  00835bd4    00000030     modelPreesm_pe66.oe66 (.const:ti_sysbios_family_c64p_Hwi_Object__PARAMS__C)
                  00835c04    0000002c     ti.targets.rts6000.ae66 : Startup.oe66 (.const:.string)
                  00835c30    0000002c     modelPreesm_pe66.oe66 (.const:ti_sdo_ipc_ListMP_Object__PARAMS__C)
                  00835c5c    0000002c     modelPreesm_pe66.oe66 (.const:ti_sdo_ipc_gates_GateHWSem_Module__FXNS__C)
                  00835c88    0000002c     modelPreesm_pe66.oe66 (.const:ti_sdo_ipc_gates_GateMPSupportNull_Module__FXNS__C)
                  00835cb4    0000002c     modelPreesm_pe66.oe66 (.const:ti_sdo_ipc_gates_GatePeterson_Module__FXNS__C)
                  00835ce0    00000028     modelPreesm_pe66.oe66 (.const:ti_sdo_ipc_heaps_HeapMemMP_Module__FXNS__C)
                  00835d08    00000028     modelPreesm_pe66.oe66 (.const:ti_sdo_ipc_nsremote_NameServerRemoteNotify_Module__FXNS__C)
                  00835d30    00000028     modelPreesm_pe66.oe66 (.const:ti_sdo_ipc_transports_TransportShm_Module__FXNS__C)
                  00835d58    00000028     modelPreesm_pe66.oe66 (.const:ti_sdo_ipc_transports_TransportShm_Object__PARAMS__C)
                  00835d80    00000028     modelPreesm_pe66.oe66 (.const:ti_sysbios_heaps_HeapMem_Module__FXNS__C)
                  00835da8    00000028     modelPreesm_pe66.oe66 (.const:ti_sysbios_knl_Swi_Object__PARAMS__C)
                  00835dd0    00000024     modelPreesm_pe66.oe66 (.const:ti_sdo_ipc_gates_GateHWSem_Object__PARAMS__C)
                  00835df4    00000024     modelPreesm_pe66.oe66 (.const:ti_sdo_ipc_gates_GateMPSupportNull_Object__PARAMS__C)
                  00835e18    00000024     modelPreesm_pe66.oe66 (.const:ti_sdo_ipc_gates_GatePeterson_Object__PARAMS__C)
                  00835e3c    00000024     modelPreesm_pe66.oe66 (.const:ti_sysbios_gates_GateAll_Module__FXNS__C)
                  00835e60    00000024     modelPreesm_pe66.oe66 (.const:ti_sysbios_gates_GateHwi_Module__FXNS__C)
                  00835e84    00000024     modelPreesm_pe66.oe66 (.const:ti_sysbios_gates_GateMutexPri_Module__FXNS__C)
                  00835ea8    00000024     modelPreesm_pe66.oe66 (.const:ti_sysbios_gates_GateMutex_Module__FXNS__C)
                  00835ecc    00000024     modelPreesm_pe66.oe66 (.const:ti_sysbios_gates_GateSwi_Module__FXNS__C)
                  00835ef0    00000024     modelPreesm_pe66.oe66 (.const:ti_sysbios_knl_Clock_Object__PARAMS__C)
                  00835f14    00000024     modelPreesm_pe66.oe66 (.const:ti_sysbios_knl_Semaphore_Object__PARAMS__C)
                  00835f38    00000024     modelPreesm_pe66.oe66 (.const:xdc_runtime_GateNull_Module__FXNS__C)
                  00835f5c    00000024     modelPreesm_pe66.oe66 (.const:xdc_runtime_knl_GateThread_Module__FXNS__C)
                  00835f80    00000023     rts6600_elf.lib : _printfi.obj (.const:.string)
                  00835fa3    00000001     --HOLE-- [fill = 0]
                  00835fa4    00000020     ti.targets.rts6000.ae66 : Core-mem.oe66 (.const:.string)
                  00835fc4    00000020     modelPreesm_pe66.oe66 (.const:ti_sdo_ipc_GateMP_Object__DESC__C)
                  00835fe4    00000020     modelPreesm_pe66.oe66 (.const:ti_sdo_ipc_ListMP_Object__DESC__C)
                  00836004    00000020     modelPreesm_pe66.oe66 (.const:ti_sdo_ipc_Notify_Object__DESC__C)
                  00836024    00000020     modelPreesm_pe66.oe66 (.const:ti_sdo_ipc_gates_GateHWSem_Object__DESC__C)
                  00836044    00000020     modelPreesm_pe66.oe66 (.const:ti_sdo_ipc_gates_GateMPSupportNull_Object__DESC__C)
                  00836064    00000020     modelPreesm_pe66.oe66 (.const:ti_sdo_ipc_gates_GatePeterson_Object__DESC__C)
                  00836084    00000020     modelPreesm_pe66.oe66 (.const:ti_sdo_ipc_heaps_HeapMemMP_Object__DESC__C)
                  008360a4    00000020     modelPreesm_pe66.oe66 (.const:ti_sdo_ipc_notifyDrivers_NotifyDriverShm_Object__DESC__C)
                  008360c4    00000020     modelPreesm_pe66.oe66 (.const:ti_sdo_ipc_nsremote_NameServerRemoteNotify_Object__DESC__C)
                  008360e4    00000020     modelPreesm_pe66.oe66 (.const:ti_sdo_ipc_nsremote_NameServerRemoteNotify_Object__PARAMS__C)
                  00836104    00000020     modelPreesm_pe66.oe66 (.const:ti_sdo_ipc_transports_TransportShm_Object__DESC__C)
                  00836124    00000020     modelPreesm_pe66.oe66 (.const:ti_sdo_utils_List_Object__DESC__C)
                  00836144    00000020     modelPreesm_pe66.oe66 (.const:ti_sysbios_family_c64p_Hwi_Object__DESC__C)
                  00836164    00000020     modelPreesm_pe66.oe66 (.const:ti_sysbios_gates_GateAll_Object__DESC__C)
                  00836184    00000020     modelPreesm_pe66.oe66 (.const:ti_sysbios_gates_GateHwi_Object__DESC__C)
                  008361a4    00000020     modelPreesm_pe66.oe66 (.const:ti_sysbios_gates_GateMutexPri_Object__DESC__C)
                  008361c4    00000020     modelPreesm_pe66.oe66 (.const:ti_sysbios_gates_GateMutex_Object__DESC__C)
                  008361e4    00000020     modelPreesm_pe66.oe66 (.const:ti_sysbios_gates_GateSwi_Object__DESC__C)
                  00836204    00000020     modelPreesm_pe66.oe66 (.const:ti_sysbios_heaps_HeapMem_Object__DESC__C)
                  00836224    00000020     modelPreesm_pe66.oe66 (.const:ti_sysbios_heaps_HeapMem_Object__PARAMS__C)
                  00836244    00000020     modelPreesm_pe66.oe66 (.const:ti_sysbios_knl_Clock_Object__DESC__C)
                  00836264    00000020     modelPreesm_pe66.oe66 (.const:ti_sysbios_knl_Queue_Object__DESC__C)
                  00836284    00000020     modelPreesm_pe66.oe66 (.const:ti_sysbios_knl_Semaphore_Object__DESC__C)
                  008362a4    00000020     modelPreesm_pe66.oe66 (.const:ti_sysbios_knl_Swi_Object__DESC__C)
                  008362c4    00000020     modelPreesm_pe66.oe66 (.const:ti_sysbios_xdcruntime_GateThreadSupport_Object__DESC__C)
                  008362e4    00000020     modelPreesm_pe66.oe66 (.const:xdc_runtime_GateNull_Object__DESC__C)
                  00836304    00000008     modelPreesm_pe66.oe66 (.const:ti_sysbios_knl_Task_hooks__C)
                  0083630c    00000004     modelPreesm_pe66.oe66 (.const:ti_sdo_ipc_GateMP_A_invalidClose__C)
                  00836310    00000020     modelPreesm_pe66.oe66 (.const:xdc_runtime_Startup_sfxnRts__A)
                  00836330    00000020     modelPreesm_pe66.oe66 (.const:xdc_runtime_knl_GateThread_Object__DESC__C)
                  00836350    00000018     main.obj (.const:.string)
                  00836368    00000018     modelPreesm_pe66.oe66 (.const:ti_sdo_ipc_Notify_Object__PARAMS__C)
                  00836380    00000018     modelPreesm_pe66.oe66 (.const:ti_sdo_utils_List_Object__PARAMS__C)
                  00836398    00000018     modelPreesm_pe66.oe66 (.const:ti_sysbios_gates_GateAll_Object__PARAMS__C)
                  008363b0    00000018     modelPreesm_pe66.oe66 (.const:ti_sysbios_gates_GateHwi_Object__PARAMS__C)
                  008363c8    00000018     modelPreesm_pe66.oe66 (.const:ti_sysbios_gates_GateMutexPri_Object__PARAMS__C)
                  008363e0    00000018     modelPreesm_pe66.oe66 (.const:ti_sysbios_gates_GateMutex_Object__PARAMS__C)
                  008363f8    00000018     modelPreesm_pe66.oe66 (.const:ti_sysbios_gates_GateSwi_Object__PARAMS__C)
                  00836410    00000018     modelPreesm_pe66.oe66 (.const:ti_sysbios_knl_Queue_Object__PARAMS__C)
                  00836428    00000008     modelPreesm_pe66.oe66 (.const:xdc_runtime_Startup_firstFxns__C)
                  00836430    00000018     modelPreesm_pe66.oe66 (.const:ti_sysbios_knl_Task_hooks__A)
                  00836448    00000018     modelPreesm_pe66.oe66 (.const:ti_sysbios_xdcruntime_GateThreadSupport_Object__PARAMS__C)
                  00836460    00000018     modelPreesm_pe66.oe66 (.const:xdc_runtime_GateNull_Object__PARAMS__C)
                  00836478    00000018     modelPreesm_pe66.oe66 (.const:xdc_runtime_knl_GateThread_Object__PARAMS__C)
                  00836490    00000011     ti.targets.rts6000.ae66 : System.oe66 (.const:digtohex)
                  008364a1    00000003     --HOLE-- [fill = 0]
                  008364a4    00000008     modelPreesm_pe66.oe66 (.const:xdc_runtime_Startup_lastFxns__C)
                  008364ac    00000004     modelPreesm_pe66.oe66 (.const:ti_sdo_ipc_GateMP_A_invalidDelete__C)
                  008364b0    00000010     modelPreesm_pe66.oe66 (.const:ti_sdo_ipc_family_c647x_MultiProcSetup_procMap__A)
                  008364c0    00000010     modelPreesm_pe66.oe66 (.const:ti_sdo_utils_MultiProc_procIdList__A)
                  008364d0    0000000c     modelPreesm_pe66.oe66 (.const:xdc_runtime_Startup_firstFxns__A)
                  008364dc    00000004     modelPreesm_pe66.oe66 (.const:ti_sdo_ipc_GateMP_E_gateUnavailable__C)
                  008364e0    00000004     modelPreesm_pe66.oe66 (.const:ti_sdo_ipc_GateMP_E_localGate__C)
                  008364e4    00000004     modelPreesm_pe66.oe66 (.const:ti_sdo_ipc_GateMP_LM_create__C)
                  008364e8    00000004     modelPreesm_pe66.oe66 (.const:ti_sdo_ipc_GateMP_LM_delete__C)
                  008364ec    00000004     modelPreesm_pe66.oe66 (.const:ti_sdo_ipc_GateMP_LM_enter__C)
                  008364f0    00000004     modelPreesm_pe66.oe66 (.const:ti_sdo_ipc_GateMP_LM_leave__C)
[...]
00836728   ti_sysbios_BIOS_Module__diagsMask__C
0083672c   ti_sysbios_BIOS_installedErrorHook__C
00836730   ti_sysbios_family_c64p_Exception_E_exceptionMin__C
00836734   ti_sysbios_family_c64p_Exception_exceptionHook__C
00836738   ti_sysbios_family_c64p_Exception_externalHook__C
0083673c   ti_sysbios_family_c64p_Exception_internalHook__C
00836740   ti_sysbios_family_c64p_Exception_nmiHook__C
00836744   ti_sysbios_family_c64p_Hwi_E_alreadyDefined__C
00836748   ti_sysbios_family_c64p_Hwi_E_handleNotFound__C
0083674c   ti_sysbios_family_c64p_Hwi_LD_end__C
00836750   ti_sysbios_family_c64p_Hwi_LM_begin__C
00836754   ti_sysbios_family_c64p_Hwi_Module__diagsEnabled__C
00836758   ti_sysbios_family_c64p_Hwi_Module__diagsIncluded__C
0083675c   ti_sysbios_family_c64p_Hwi_Module__diagsMask__C
00836760   ti_sysbios_family_c64p_Hwi_Module__loggerFxn1__C
00836764   ti_sysbios_family_c64p_Hwi_Module__loggerFxn8__C
00836768   ti_sysbios_family_c64p_Hwi_Module__loggerObj__C
0083676c   ti_sysbios_family_c66_Cache_atomicBlockSize__C
00836770   ti_sysbios_gates_GateMutexPri_A_badContext__C
00836774   ti_sysbios_gates_GateMutexPri_Instance_State_pendQ__O
00836778   ti_sysbios_gates_GateMutexPri_Module__diagsEnabled__C
0083677c   ti_sysbios_gates_GateMutexPri_Module__diagsIncluded__C
00836780   ti_sysbios_gates_GateMutexPri_Module__diagsMask__C
00836784   ti_sysbios_gates_GateMutex_A_badContext__C
00836788   ti_sysbios_gates_GateMutex_Instance_State_sem__O
0083678c   ti_sysbios_gates_GateMutex_Module__diagsEnabled__C
00836790   ti_sysbios_gates_GateMutex_Module__diagsIncluded__C
00836794   ti_sysbios_gates_GateMutex_Module__diagsMask__C
00836798   ti_sysbios_gates_GateSwi_A_badContext__C
0083679c   ti_sysbios_gates_GateSwi_Module__diagsEnabled__C
008367a0   ti_sysbios_gates_GateSwi_Module__diagsIncluded__C
008367a4   ti_sysbios_gates_GateSwi_Module__diagsMask__C
008367a8   ti_sysbios_hal_Hwi_E_stackOverflow__C
008367ac   ti_sysbios_heaps_HeapMem_A_align__C
008367b0   ti_sysbios_heaps_HeapMem_A_heapSize__C
008367b4   ti_sysbios_heaps_HeapMem_A_invalidFree__C
008367b8   ti_sysbios_heaps_HeapMem_A_zeroBlock__C
008367bc   ti_sysbios_heaps_HeapMem_E_memory__C
008367c0   ti_sysbios_heaps_HeapMem_Module__diagsEnabled__C
008367c4   ti_sysbios_heaps_HeapMem_Module__diagsIncluded__C
008367c8   ti_sysbios_heaps_HeapMem_Module__diagsMask__C
008367cc   ti_sysbios_heaps_HeapMem_Module__gateObj__C
008367d0   ti_sysbios_heaps_HeapMem_Object__count__C
008367d4   ti_sysbios_heaps_HeapMem_reqAlignMask__C
008367d8   ti_sysbios_heaps_HeapMem_reqAlign__C
008367dc   ti_sysbios_knl_Clock_A_badThreadType__C
008367e0   ti_sysbios_knl_Clock_LM_begin__C
008367e4   ti_sysbios_knl_Clock_LM_tick__C
008367e8   ti_sysbios_knl_Clock_LW_delayed__C
008367ec   ti_sysbios_knl_Clock_Module_State_clockQ__O
008367f0   ti_sysbios_knl_Clock_Module__diagsEnabled__C
008367f4   ti_sysbios_knl_Clock_Module__diagsIncluded__C
008367f8   ti_sysbios_knl_Clock_Module__diagsMask__C
008367fc   ti_sysbios_knl_Clock_Module__loggerFxn1__C
00836800   ti_sysbios_knl_Clock_Module__loggerFxn2__C
00836804   ti_sysbios_knl_Clock_Module__loggerObj__C
00836808   ti_sysbios_knl_Clock_tickMode__C
0083680c   ti_sysbios_knl_Clock_tickSource__C
00836810   ti_sysbios_knl_Idle_funcList__A
00836814   ti_sysbios_knl_Semaphore_A_badContext__C
00836818   ti_sysbios_knl_Semaphore_A_noEvents__C
0083681c   ti_sysbios_knl_Semaphore_A_overflow__C
00836820   ti_sysbios_knl_Semaphore_Instance_State_pendQ__O
00836824   ti_sysbios_knl_Semaphore_LM_pend__C
00836828   ti_sysbios_knl_Semaphore_LM_post__C
0083682c   ti_sysbios_knl_Semaphore_Module__diagsEnabled__C
00836830   ti_sysbios_knl_Semaphore_Module__diagsIncluded__C
00836834   ti_sysbios_knl_Semaphore_Module__diagsMask__C
00836838   ti_sysbios_knl_Semaphore_Module__loggerFxn2__C
0083683c   ti_sysbios_knl_Semaphore_Module__loggerFxn4__C
00836840   ti_sysbios_knl_Semaphore_Module__loggerObj__C
00836844   ti_sysbios_knl_Swi_A_badPriority__C
00836848   ti_sysbios_knl_Swi_LD_end__C
0083684c   ti_sysbios_knl_Swi_LM_begin__C
00836850   ti_sysbios_knl_Swi_LM_post__C
00836854   ti_sysbios_knl_Swi_Module__diagsEnabled__C
00836858   ti_sysbios_knl_Swi_Module__diagsIncluded__C
0083685c   ti_sysbios_knl_Swi_Module__diagsMask__C
00836860   ti_sysbios_knl_Swi_Module__loggerFxn1__C
00836864   ti_sysbios_knl_Swi_Module__loggerFxn4__C
00836868   ti_sysbios_knl_Swi_Module__loggerObj__C
0083686c   ti_sysbios_knl_Swi_Object__count__C
00836870   ti_sysbios_knl_Task_A_badPriority__C
00836874   ti_sysbios_knl_Task_A_badTimeout__C
00836878   ti_sysbios_knl_Task_E_spOutOfBounds__C
0083687c   ti_sysbios_knl_Task_E_stackOverflow__C
00836880   ti_sysbios_knl_Task_LD_block__C
00836884   ti_sysbios_knl_Task_LD_exit__C
00836888   ti_sysbios_knl_Task_LD_ready__C
0083688c   ti_sysbios_knl_Task_LM_setPri__C
00836890   ti_sysbios_knl_Task_LM_sleep__C
00836894   ti_sysbios_knl_Task_LM_switch__C
00836898   ti_sysbios_knl_Task_LM_yield__C
0083689c   ti_sysbios_knl_Task_Module_State_inactiveQ__O
008368a0   ti_sysbios_knl_Task_Module_State_terminatedQ__O
008368a4   ti_sysbios_knl_Task_Module__diagsEnabled__C
008368a8   ti_sysbios_knl_Task_Module__diagsIncluded__C
008368ac   ti_sysbios_knl_Task_Module__diagsMask__C
008368b0   ti_sysbios_knl_Task_Module__loggerFxn2__C
008368b4   ti_sysbios_knl_Task_Module__loggerFxn4__C
008368b8   ti_sysbios_knl_Task_Module__loggerObj__C
008368bc   ti_sysbios_knl_Task_Object__count__C
008368c0   ti_sysbios_knl_Task_allBlockedFunc__C
008368c4   ti_sysbios_knl_Task_numConstructedTasks__C
008368c8   ti_sysbios_knl_Task_numPriorities__C
008368cc   ti_sysbios_timers_timer64_Timer_A_notAvailable__C
008368d0   ti_sysbios_timers_timer64_Timer_E_cannotSupport__C
008368d4   ti_sysbios_timers_timer64_Timer_Module__diagsEnabled__C
008368d8   ti_sysbios_timers_timer64_Timer_Module__diagsIncluded__C
008368dc   ti_sysbios_timers_timer64_Timer_Module__diagsMask__C
008368e0   ti_sysbios_timers_timer64_Timer_anyMask__C
008368e4   ti_sysbios_timers_timer64_Timer_freqDivisor__C
008368e8   ti_sysbios_timers_timer64_Timer_numLocalTimers__C
008368ec   ti_sysbios_timers_timer64_Timer_numTimerDevices__C
008368f0   ti_sysbios_xdcruntime_GateThreadSupport_Instance_State_gate__O
008368f4   xdc_runtime_Assert_E_assertFailed__C
008368f8   xdc_runtime_Core_A_initializedParams__C
008368fc   xdc_runtime_Core_Module__diagsEnabled__C
00836900   xdc_runtime_Core_Module__diagsIncluded__C
00836904   xdc_runtime_Core_Module__diagsMask__C
00836908   xdc_runtime_Error_E_generic__C
0083690c   xdc_runtime_Error_E_memory__C
00836910   xdc_runtime_Error_Module__diagsEnabled__C
00836914   xdc_runtime_Error_Module__diagsIncluded__C
00836918   xdc_runtime_Error_Module__diagsMask__C
0083691c   xdc_runtime_Error_Module__loggerFxn8__C
00836920   xdc_runtime_Error_Module__loggerObj__C
00836924   xdc_runtime_Error_policy__C
00836928   xdc_runtime_Error_raiseHook__C
0083692c   xdc_runtime_IGateProvider_Interface__BASE__C
00836930   xdc_runtime_IHeap_Interface__BASE__C
00836934   xdc_runtime_IModule_Interface__BASE__C
00836938   xdc_runtime_Log_L_error__C
0083693c   xdc_runtime_Memory_defaultHeapInstance__C
00836940   xdc_runtime_Startup_execImpl__C
00836944   xdc_runtime_Startup_maxPasses__C
00836948   xdc_runtime_Startup_sfxnRts__C
0083694c   xdc_runtime_Startup_sfxnTab__C
00836950   xdc_runtime_Startup_lastFxns__A
00836954   xdc_runtime_System_Module__gateObj__C
00836958   xdc_runtime_System_extendFxn__C
0083695c   xdc_runtime_System_maxAtexitHandlers__C
00836960   xdc_runtime_Text_charTab__C
00836964   xdc_runtime_Text_nameEmpty__C
00836968   xdc_runtime_Text_nameStatic__C
0083696c   xdc_runtime_Text_nameUnknown__C
00836970   xdc_runtime_Text_nodeTab__C
00836974   xdc_runtime_Text_visitRopeFxn__C
00836978   ti_sdo_ipc_GateMP_Module__id__C
0083697c   ti_sdo_ipc_GateMP_Module__loggerDefined__C
00836980   ti_sdo_ipc_Ipc_Module__id__C
00836984   ti_sdo_ipc_Ipc_generateSlaveDataForHost__C
00836988   ti_sdo_ipc_ListMP_Module__id__C
0083698c   ti_sdo_ipc_MessageQ_Module__id__C
00836990   ti_sdo_ipc_MessageQ_Module__loggerDefined__C
00836994   ti_sdo_ipc_Notify_Module__id__C
00836998   ti_sdo_ipc_Notify_numLines__C
0083699c   ti_sdo_ipc_Notify_reservedEvents__C
008369a0   ti_sdo_ipc_SharedRegion_Module__id__C
008369a4   ti_sdo_ipc_SharedRegion_numEntries__C
008369a8   ti_sdo_ipc_SharedRegion_translate__C
008369ac   ti_sdo_ipc_family_c647x_Interrupt_enableKick__C
008369b0   ti_sdo_ipc_family_c647x_MultiProcSetup_Module__id__C
008369b4   ti_sdo_ipc_gates_GateHWSem_Module__id__C
008369b8   ti_sdo_ipc_gates_GateMPSupportNull_Module__id__C
008369bc   ti_sdo_ipc_gates_GatePeterson_Module__id__C
008369c0   ti_sdo_ipc_heaps_HeapMemMP_Module__id__C
008369c4   ti_sdo_ipc_notifyDrivers_NotifyDriverShm_Module__id__C
008369c8   ti_sdo_ipc_nsremote_NameServerRemoteNotify_Module__id__C
008369cc   ti_sdo_ipc_transports_TransportShm_Module__id__C
008369d0   ti_sdo_ipc_transports_TransportShm_notifyEventId__C
008369d4   ti_sdo_utils_MultiProc_Module__id__C
008369d8   ti_sdo_utils_MultiProc_numProcessors__C
008369dc   ti_sdo_utils_MultiProc_numProcsInCluster__C
008369e0   ti_sdo_utils_NameServer_Module__id__C
008369e4   ti_sdo_utils_NameServer_singleProcessor__C
008369e8   ti_sysbios_BIOS_Module__id__C
008369ec   ti_sysbios_family_c64p_Exception_Module__id__C
008369f0   ti_sysbios_family_c64p_Hwi_Module__id__C
008369f4   ti_sysbios_family_c64p_Hwi_Module__loggerDefined__C
008369f8   ti_sysbios_gates_GateMutexPri_Module__id__C
008369fc   ti_sysbios_gates_GateMutex_Module__id__C
00836a00   ti_sysbios_gates_GateSwi_Module__id__C
00836a04   ti_sysbios_hal_Hwi_Module__id__C
00836a08   ti_sysbios_heaps_HeapMem_Module__id__C
00836a0c   ti_sysbios_knl_Clock_Module__id__C
00836a10   ti_sysbios_knl_Clock_Module__loggerDefined__C
00836a14   ti_sysbios_knl_Semaphore_Module__id__C
00836a18   ti_sysbios_knl_Semaphore_Module__loggerDefined__C
00836a1c   ti_sysbios_knl_Swi_Module__id__C
00836a20   ti_sysbios_knl_Swi_Module__loggerDefined__C
00836a24   ti_sysbios_knl_Task_Module__id__C
00836a28   ti_sysbios_knl_Task_Module__loggerDefined__C
00836a2c   ti_sysbios_knl_Task_deleteTerminatedTasks__C
00836a30   ti_sysbios_knl_Task_initStackFlag__C
00836a34   ti_sysbios_timers_timer64_Timer_Module__id__C
00836a38   ti_sysbios_timers_timer64_Timer_startupNeeded__C
00836a3c   xdc_runtime_Core_Module__id__C
00836a40   xdc_runtime_Error_Module__loggerDefined__C
00836a44   xdc_runtime_Error_maxDepth__C
00836a48   xdc_runtime_Memory_Module__id__C
00836a4c   xdc_runtime_Text_charCnt__C
00836a50   xdc_runtime_Text_isLoaded__C
00836a54   xdc_runtime_Text_registryModsLastId__C
00836a58   xdc_runtime_Text_unnamedModsLastId__C
00836a60   ti_sdo_ipc_GateMP_Module_State_0_remoteCustom1Gates__A
00837260   ti_sdo_ipc_GateMP_Module__root__V
00837268   ti_sdo_ipc_GateMP_Module__state__V
008372b0   ti_sdo_ipc_Ipc_Module__state__V
008372bc   ti_sdo_ipc_ListMP_Module__root__V
008372c4   ti_sdo_ipc_ListMP_Module__state__V
008372c8   ti_sdo_ipc_MessageQ_Module__root__V
008372d0   ti_sdo_ipc_MessageQ_Module__state__V
008372ec   ti_sdo_ipc_Notify_Module__root__V
008372f4   ti_sdo_ipc_Notify_Module__state__V
008372fc   ti_sdo_ipc_SharedRegion_Module__state__V
00837300   ti_sdo_ipc_family_c647x_Interrupt_Module__state__V
00837308   ti_sdo_ipc_gates_GateHWSem_Module__root__V
00837310   ti_sdo_ipc_gates_GateMPSupportNull_Module__root__V
00837318   ti_sdo_ipc_gates_GatePeterson_Module__root__V
00837320   ti_sdo_ipc_heaps_HeapBufMP_Module__root__V
00837328   ti_sdo_ipc_heaps_HeapBufMP_Module__state__V
0083732c   ti_sdo_ipc_heaps_HeapMemMP_Module__root__V
00837334   ti_sdo_ipc_heaps_HeapMemMP_Module__state__V
00837338   ti_sdo_ipc_notifyDrivers_NotifyDriverShm_Module__root__V
00837340   ti_sdo_ipc_nsremote_NameServerRemoteNotify_Module__root__V
00837348   ti_sdo_ipc_transports_TransportShm_Module__root__V
00837350   ti_sdo_ipc_transports_TransportShmSetup_Module__state__V
00837354   ti_sdo_utils_List_Module__root__V
0083735c   ti_sdo_utils_MultiProc_Module__state__V
00837360   ti_sdo_utils_NameServer_Module__root__V
00837368   ti_sdo_utils_NameServer_Module__state__V
00837370   ti_sdo_utils_NameServerRemoteNull_Module__root__V
00837378   ti_sysbios_BIOS_Module__state__V
00837394   ti_sysbios_family_c64p_Exception_Module__state__V
008373c0   ti_sysbios_family_c64p_Hwi_Module__root__V
008373c8   ti_sysbios_family_c64p_Hwi_Module__state__V
00837430   ti_sysbios_gates_GateAll_Module__root__V
00837438   ti_sysbios_gates_GateHwi_Module__root__V
00837440   ti_sysbios_gates_GateMutex_Module__root__V
00837448   ti_sysbios_gates_GateMutexPri_Module__root__V
00837450   ti_sysbios_gates_GateSwi_Module__root__V
00837458   ti_sysbios_hal_Hwi_Module__root__V
00837460   ti_sysbios_hal_Timer_Module__root__V
00837468   ti_sysbios_heaps_HeapMem_Module__root__V
00837470   ti_sysbios_knl_Clock_Module__root__V
00837478   ti_sysbios_knl_Clock_Module__state__V
008374a4   ti_sysbios_knl_Queue_Module__root__V
008374ac   ti_sysbios_knl_Semaphore_Module__root__V
008374b4   ti_sysbios_knl_Swi_Module__root__V
008374bc   ti_sysbios_knl_Swi_Module__state__V
008374d8   ti_sysbios_knl_Task_Module__root__V
008374e0   ti_sysbios_knl_Task_Module__state__V
00837514   ti_sysbios_syncs_SyncSem_Module__root__V
0083751c   ti_sysbios_timers_timer64_Timer_Module__root__V
00837524   ti_sysbios_timers_timer64_Timer_Module__state__V
00837538   ti_sysbios_xdcruntime_GateThreadSupport_Module__root__V
00837540   xdc_runtime_Error_Module__state__V
00837544   xdc_runtime_GateNull_Module__root__V
0083754c   xdc_runtime_Memory_Module__state__V
00837550   xdc_runtime_Registry_Module__state__V
00837558   xdc_runtime_Startup_Module__state__V
00837560   xdc_runtime_System_Module__state__V
0083756c   xdc_runtime_Text_Module__state__V
00837574   xdc_runtime_knl_GateThread_Module__root__V
0083757c   __xdc__init__addr
00837580   _ftable
00837760   ti_sysbios_timers_timer64_Timer_Module_State_0_device__A
008378e0   ti_sdo_utils_NameServer_Object__table__V
008379f8   _lock
008379fc   _unlock
00837aa0   ti_sdo_ipc_Ipc_Module_State_0_procEntry__A
00837b40   ti_sdo_ipc_SharedRegion_Module_State_0_regions__A
00837bd0   ti_sysbios_knl_Task_Object__table__V
00837c14   TSK_idle
00837c58   _ft_end
00837c60   ti_sdo_ipc_GateMP_Module_State_0_remoteSystemGates__A
00837ce0   ti_sysbios_knl_Swi_Module_State_0_readyQ__A
00837d60   ti_sysbios_knl_Task_Module_State_0_readyQ__A
00837de0   ti_sysbios_timers_timer64_Timer_Module_State_0_gctrl__A
00837e60   ti_sysbios_timers_timer64_Timer_Module_State_0_handles__A
00837ee0   ti_sysbios_timers_timer64_Timer_Module_State_0_intFreqs__A
00837fe0   ti_sysbios_timers_timer64_Timer_Object__table__V
00838030   ti_sdo_ipc_MessageQ_Module_State_0_transports__A
00838070   ti_sdo_ipc_family_c647x_Interrupt_Module_State_0_fxnTable__A
008380b0   ti_sysbios_gates_GateMutex_Object__table__V
008380f0   ti_sysbios_knl_Swi_Object__table__V
00838120   ti_sdo_ipc_MessageQ_Module_State_0_heaps__A
00838140   ti_sdo_ipc_Notify_Module_State_0_notifyHandles__A
00838160   ti_sdo_ipc_transports_TransportShmSetup_Module_State_0_handles__A
00838180   xdc_runtime_System_Module_State_0_atexitHandlers__A
008381a0   ti_sysbios_family_c64p_Hwi_Object__table__V
008381c0   ti_sysbios_gates_GateMutexPri_Object__table__V
008381e0   ti_sysbios_heaps_HeapMem_Object__table__V
008381f4   _cleanup_ptr
008381f8   _dtors_ptr
008381fc   __TI_enable_exit_profile_output
00838200   ti_sysbios_gates_GateAll_Object__table__V
00838210   ti_sysbios_gates_GateSwi_Object__table__V
00838220   ti_sysbios_hal_Hwi_Object__table__V
00838230   ti_sysbios_hal_Timer_Object__table__V
00838240   ti_sdo_ipc_GateMP_Module_State_0_remoteCustom2Gates__A
00838250   ti_sdo_ipc_Notify_Module_State_0_notifyHandles_0__A
00838260   ti_sdo_ipc_Notify_Module_State_0_notifyHandles_1__A
00838270   ti_sdo_ipc_Notify_Module_State_0_notifyHandles_2__A
00838280   ti_sdo_ipc_Notify_Module_State_0_notifyHandles_3__A
00838290   ti_sdo_ipc_Notify_Module_State_0_notifyHandles_4__A
008382a0   ti_sdo_ipc_Notify_Module_State_0_notifyHandles_5__A
008382b0   ti_sdo_ipc_Notify_Module_State_0_notifyHandles_6__A
008382c0   ti_sdo_ipc_Notify_Module_State_0_notifyHandles_7__A
008382d0   ti_sysbios_gates_GateHwi_Object__table__V
008382e0   xdc_runtime_GateNull_Object__table__V
008382e8   _stack
008392e8   Ipc_sr0MemorySetup
008392e8   __TI_STACK_END
008392ec   __TI_STATIC_BASE
008392ec   nbSemaphoresToClean
008392f0   broadcastArrayB__multiplyMat__0
008392f4   explode_generateMatricies_ar__6
008392f8   multiplyMatricies_1__implode__0
008392fc   explode_generateMatricies_ar__3
00839300   multiplyMatricies_0__implode__0
00839304   multiplyMatricies_5__implode__0
00839308   implode_displayMatrix_arrayC__0
0083930c   broadcastArrayB__multiplyMat__5
00839310   explode_generateMatricies_ar__4
00839314   explode_generateMatricies_ar__2
00839318   multiplyMatricies_6__implode__0
0083931c   generateMatricies__broadcast__0
00839320   multiplyMatricies_3__implode__0
00839324   broadcastArrayB__multiplyMat__3
00839328   broadcastArrayB__multiplyMat__6
0083932c   explode_generateMatricies_ar__7
00839330   broadcastArrayB__multiplyMat__4
00839334   multiplyMatricies_7__implode__0
00839338   explode_generateMatricies_ar__0
0083933c   generateMatricies__displayMa__0
00839340   generateMatricies__explode_g__0
00839344   broadcastArrayB__multiplyMat__1
00839348   explode_generateMatricies_ar__5
0083934c   broadcastArrayB__multiplyMat__7
00839350   multiplyMatricies_4__implode__0
00839354   multiplyMatricies_2__implode__0
00839358   broadcastArrayB__multiplyMat__2
0083935c   explode_generateMatricies_ar__1
00839360   arrayA_200__arrayA__0
00839364   arrayA_600__arrayA__0
00839368   output__arrayC__0
0083936c   arrayA_800__arrayA__0
00839370   output__arrayC_200__0
00839374   arrayBOut_0__arrayB__0
00839378   output__arrayC_0__0
0083937c   output__arrayC_400__0
00839380   arrayBOut_6400__arrayB__0
00839384   arrayB__arrayBIn__0
00839388   output__arrayC_1200__0
0083938c   arrayBOut_4800__arrayB__0
00839390   arrayBOut_1600__arrayB__0
00839394   arrayBOut_8000__arrayB__0
00839398   arrayA__arrayA__0
0083939c   arrayA_400__arrayA__0
008393a0   arrayA_1400__arrayA__0
008393a4   arrayA_0__arrayA__0
008393a8   output__arrayC_1000__0
008393ac   output__arrayC_600__0
008393b0   arrayA_1200__arrayA__0
008393b4   arrayA_1000__arrayA__0
008393b8   output__arrayC_1400__0
008393bc   arrayBOut_9600__arrayB__0
008393c0   generateTime__generateTime__0
008393c4   startTime__startTime__0
008393c8   arrayBOut_11200__arrayB__0
008393cc   output__arrayC_800__0
008393d0   arrayBOut_3200__arrayB__0
00839400   ti_sysbios_family_c64p_Hwi0
00839420   ti_sysbios_family_c64p_Hwi1
00839440   ti_sysbios_family_c64p_Hwi2
00839460   ti_sysbios_family_c64p_Hwi3
00839480   ti_sysbios_family_c64p_Hwi4
008394a0   ti_sysbios_family_c64p_Hwi5
008394c0   ti_sysbios_family_c64p_Hwi6
008394e0   ti_sysbios_family_c64p_Hwi7
00839500   ti_sysbios_family_c64p_Hwi8
00839520   ti_sysbios_family_c64p_Hwi9
00839540   ti_sysbios_family_c64p_Hwi10
00839560   ti_sysbios_family_c64p_Hwi11
00839580   ti_sysbios_family_c64p_Hwi12
008395a0   ti_sysbios_family_c64p_Hwi13
008395c0   ti_sysbios_family_c64p_Hwi14
008395e0   ti_sysbios_family_c64p_Hwi15
00839600   __CIOBUF_
0083a088   __TI_Handler_Table_Base
0083a094   __TI_Handler_Table_Limit
0083a154   __TI_CINIT_Base
0083a214   __TI_CINIT_Limit
0c0ffffc   barrier
80000000   SharedMem
ffffffff   __TI_pprof_out_hndl
ffffffff   __TI_prof_data_size
ffffffff   __TI_prof_data_start
ffffffff   __binit__
ffffffff   __c_args__
ffffffff   binit

[1366 symbols]
