******************************************************************************
               TMS320C6x Linker PC v7.3.4                      
******************************************************************************
>> Linked Wed Dec 17 20:26:24 2014

OUTPUT FILE NAME:   <crossCoreMultiplcationUsingAddition.out>
ENTRY POINT SYMBOL: "_c_int00"  address: 00824440


MEMORY CONFIGURATION

         name            origin    length      used     unused   attr    fill
----------------------  --------  ---------  --------  --------  ----  --------
  L2SRAM                00800000   00080000  0003a6da  00045926  RW X
  MSMCSRAM              0c000000   00200000  000ffffd  00100003  RW X
  DDR3                  80000000   80000000  00001608  7fffe9f8  RW X


SEGMENT ALLOCATION MAP

run origin  load origin   length   init length attrs members
----------  ----------- ---------- ----------- ----- -------
00800000    00800000    00029920   00029920    r-x
  00800000    00800000    00029920   00029920    r-x .text
00829920    00829920    00009038   00000000    rw-
  00829920    00829920    00009038   00000000    rw- .far.1
00832960    00832960    000003a8   00000000    rw-
  00832960    00832960    000003a8   00000000    rw- .far.2
00832d10    00832d10    00000020   00000000    rw-
  00832d10    00832d10    00000020   00000000    rw- .far.3
00832d30    00832d30    0000429a   0000429a    r--
  00832d30    00832d30    0000429a   0000429a    r-- .const
00836fd0    00836fd0    00001578   00001578    rw-
  00836fd0    00836fd0    00001578   00001578    rw- .fardata.1
00838550    00838550    000001d8   000001d8    rw-
  00838550    00838550    000001d8   000001d8    rw- .fardata.2
00838730    00838730    00000018   00000018    rw-
  00838730    00838730    00000018   00000018    rw- .fardata.3
00838750    00838750    00000048   00000048    rw-
  00838750    00838750    00000048   00000048    rw- .fardata.4
008387a0    008387a0    00000008   00000008    rw-
  008387a0    008387a0    00000008   00000008    rw- .fardata.5
008387b0    008387b0    00000004   00000004    rw-
  008387b0    008387b0    00000004   00000004    rw- .fardata.6
008387c0    008387c0    00000004   00000004    rw-
  008387c0    008387c0    00000004   00000004    rw- .fardata.7
008387d0    008387d0    00000004   00000004    rw-
  008387d0    008387d0    00000004   00000004    rw- .fardata.8
008387e0    008387e0    00000004   00000004    rw-
  008387e0    008387e0    00000004   00000004    rw- .fardata.9
008387f0    008387f0    00000004   00000004    rw-
  008387f0    008387f0    00000004   00000004    rw- .fardata.10
00838800    00838800    00000004   00000004    rw-
  00838800    00838800    00000004   00000004    rw- .fardata.11
00838810    00838810    00000004   00000004    rw-
  00838810    00838810    00000004   00000004    rw- .fardata.12
00838820    00838820    00000004   00000004    rw-
  00838820    00838820    00000004   00000004    rw- .fardata.13
00838830    00838830    00000004   00000004    rw-
  00838830    00838830    00000004   00000004    rw- .fardata.14
00838840    00838840    00000004   00000004    rw-
  00838840    00838840    00000004   00000004    rw- .fardata.15
00838850    00838850    00000004   00000004    rw-
  00838850    00838850    00000004   00000004    rw- .fardata.16
00838858    00838858    00001124   00000000    rw-
  00838858    00838858    00001000   00000000    rw- .stack
  00839858    00839858    00000120   00000000    rw- .cio
  00839978    00839978    00000004   00000000    rw- .bss
0083997c    0083997c    00000004   00000004    rw-
  0083997c    0083997c    00000004   00000004    rw- .neardata
00839980    00839980    000000f4   000000f4    r--
  00839980    00839980    000000f4   000000f4    r-- .rodata
00839a74    00839a74    00000030   00000030    r--
  00839a74    00839a74    00000030   00000030    r-- .switch
00839c00    00839c00    00000cf0   00000cf0    r-x
  00839c00    00839c00    00000200   00000200    r-x .vecs
  00839e00    00839e00    00000af0   00000af0    r-- .cinit
0c0ffffc    0c0ffffc    00000001   00000001    rw-
  0c0ffffc    0c0ffffc    00000001   00000001    rw- .MSMCSRAM
80000000    80000000    00001608   00000000    rw-
  80000000    80000000    00001608   00000000    rw- .mySharedMem


SECTION ALLOCATION MAP

 output                                  attributes/
section   page    origin      length       input sections
--------  ----  ----------  ----------   ----------------
.init_array 
*          0    00800000    00000000     UNINITIALIZED

xdc.meta   0    00800000    00000138     COPY SECTION
                  00800000    00000138     modelPreesm_pe66.oe66 (xdc.meta)

.text      0    00800000    00029920     
                  00800000    000011c0     ipc.lib : Ipc.obj (.text:ti_sdo_ipc_GateMP_Instance_init__F)
                  008011c0    00000a60             : Ipc.obj (.text:ti_sdo_ipc_heaps_HeapMemMP_alloc__E)
                  00801c20    000009e0             : Ipc.obj (.text:ti_sdo_ipc_heaps_HeapMemMP_free__E)
                  00802600    000009a0             : Ipc.obj (.text:Ipc_attach)
                  00802fa0    000009a0     ti.targets.rts6000.ae66 : System.oe66 (.text:xdc_runtime_System_doPrint__I)
                  00803940    00000920     ipc.lib : Ipc.obj (.text:ti_sdo_ipc_transports_TransportShm_Instance_init__F)
                  00804260    000008a0             : Ipc.obj (.text:ti_sdo_ipc_ListMP_Instance_init__F)
                  00804b00    00000860             : Ipc.obj (.text:ti_sdo_ipc_GateMP_Instance_finalize__F)
                  00805360    00000840             : Ipc.obj (.text:MessageQ_put)
                  00805ba0    00000780             : Ipc.obj (.text:ti_sdo_ipc_heaps_HeapMemMP_Instance_init__F)
                  00806320    00000780     sysbios.lib : BIOS.obj (.text:ti_sysbios_family_c64p_Exception_handler__I)
                  00806aa0    00000760     Core0.obj (.text)
                  00807200    00000700     ipc.lib : Ipc.obj (.text:Notify_registerEvent)
                  00807900    000006c0             : Ipc.obj (.text:ti_sdo_ipc_nsremote_NameServerRemoteNotify_Instance_init__F)
                  00807fc0    000006a0             : Ipc.obj (.text:NameServer_add)
                  00808660    00000660     sysbios.lib : BIOS.obj (.text:ti_sysbios_heaps_HeapMem_free__E)
                  00808cc0    00000620     ipc.lib : Ipc.obj (.text:Notify_sendEvent)
                  008092e0    00000620     sysbios.lib : BIOS.obj (.text:ti_sysbios_heaps_HeapMem_alloc__E)
                  00809900    000005e0     ipc.lib : Ipc.obj (.text:Notify_registerEventSingle)
                  00809ee0    000005c0             : Ipc.obj (.text:ListMP_getHead)
                  0080a4a0    000005c0             : Ipc.obj (.text:Notify_unregisterEventSingle)
                  0080aa60    000005c0     rts6600_elf.lib : divd.obj (.text:__c6xabi_divd)
                  0080b020    000005c0                     : _printfi.obj (.text:_getarg_diouxp)
                  0080b5e0    000005c0     ipc.lib : Ipc.obj (.text:ti_sdo_ipc_SharedRegion_start__F)
                  0080bba0    000005c0     sysbios.lib : BIOS.obj (.text:ti_sysbios_timers_timer64_Timer_Module_startup__F)
                  0080c160    00000580     ipc.lib : Ipc.obj (.text:ti_sdo_ipc_nsremote_NameServerRemoteNotify_get__F)
                  0080c6e0    00000580             : Ipc.obj (.text:ti_sdo_ipc_transports_TransportShm_put__E)
                  0080cc60    00000560             : Ipc.obj (.text:NameServer_get)
                  0080d1c0    00000540             : Ipc.obj (.text:ti_sdo_ipc_Ipc_procSyncStart__I)
                  0080d700    000004e0             : Ipc.obj (.text:ti_sdo_ipc_notifyDrivers_NotifyDriverShm_Instance_init__F)
                  0080dbe0    000004a0     cache.obj (.text)
                  0080e080    000004a0     semaphore6678.obj (.text)
                  0080e520    000004a0     ipc.lib : Ipc.obj (.text:ti_sdo_ipc_gates_GatePeterson_Instance_init__F)
                  0080e9c0    00000480     rts6600_elf.lib : _printfi.obj (.text:_setfield)
                  0080ee40    00000460                     : _printfi.obj (.text:_printfi)
                  0080f2a0    00000460     ipc.lib : Ipc.obj (.text:ti_sdo_ipc_GateMP_setRegion0Reserved__F)
                  0080f700    00000460             : Ipc.obj (.text:ti_sdo_ipc_Ipc_procSyncFinish__I)
                  0080fb60    00000440             : Ipc.obj (.text:ListMP_putTail)
                  0080ffa0    00000440             : Ipc.obj (.text:ti_sdo_ipc_heaps_HeapMemMP_getStats__E)
                  008103e0    00000440             : Ipc.obj (.text:ti_sdo_ipc_heaps_HeapMemMP_postInit__I)
                  00810820    00000400             : Ipc.obj (.text:ti_sdo_ipc_Notify_Instance_init__F)
                  00810c20    00000400     sysbios.lib : BIOS.obj (.text:ti_sysbios_knl_Semaphore_pend__E)
                  00811020    000003c0     ipc.lib : Ipc.obj (.text:ti_sdo_ipc_SharedRegion_reserveMemory__F)
                  008113e0    000003c0     sysbios.lib : BIOS.obj (.text:ti_sysbios_knl_Task_setPri__E)
                  008117a0    00000380     ipc.lib : Ipc.obj (.text:HeapMemMP_sharedMemReq)
                  00811b20    00000380     communication.obj (.text)
                  00811ea0    00000340     ipc.lib : Ipc.obj (.text:GateMP_sharedMemReq)
                  008121e0    00000340             : Ipc.obj (.text:ti_sdo_ipc_nsremote_NameServerRemoteNotify_swiFxn__I)
                  00812520    00000300             : Ipc.obj (.text:GateMP_openByAddr)
                  00812820    00000300     rts6600_elf.lib : fputs.obj (.text:fputs)
                  00812b20    00000300     ipc.lib : Ipc.obj (.text:ti_sdo_ipc_transports_TransportShm_openByAddr__F)
                  00812e20    00000300     sysbios.lib : BIOS.obj (.text:ti_sysbios_family_c64p_Hwi_dispatchC__I)
                  00813120    000002e0     ipc.lib : Ipc.obj (.text:SharedRegion_getEntry)
                  00813400    000002e0             : Ipc.obj (.text:SharedRegion_getPtr)
                  008136e0    000002e0     rts6600_elf.lib : _printfi.obj (.text:_pproc_fwp)
                  008139c0    000002e0     sysbios.lib : BIOS.obj (.text:ti_sysbios_gates_GateMutexPri_enter__E)
                  00813ca0    000002e0                 : BIOS.obj (.text:ti_sysbios_knl_Task_Module_startup__F)
                  00813f80    000002c0     rts6600_elf.lib : _printfi.obj (.text:_pproc_fge)
                  00814240    000002c0     generateMatrices.obj (.text)
                  00814500    000002c0     ipc.lib : Ipc.obj (.text:ti_sdo_ipc_notifyDrivers_NotifyDriverShm_isr__I)
                  008147c0    000002a0             : Ipc.obj (.text:Ipc_start)
                  00814a60    000002a0             : Ipc.obj (.text:NameServer_getLocal)
                  00814d00    000002a0     rts6600_elf.lib : _printfi.obj (.text:fcvt)
                  00814fa0    000002a0     sysbios.lib : BIOS.obj (.text:ti_sysbios_knl_Clock_workFunc__E)
                  00815240    000002a0                 : BIOS.obj (.text:ti_sysbios_knl_Task_sleep__E)
                  008154e0    00000280     ipc.lib : Ipc.obj (.text:SharedRegion_getSRPtr)
                  00815760    00000280     sysbios.lib : BIOS.obj (.text:deviceConfig$44)
                  008159e0    00000280     rts6600_elf.lib : _printfi.obj (.text:ecvt)
                  00815c60    00000280     ipc.lib : Ipc.obj (.text:ti_sdo_ipc_notifyDrivers_NotifyDriverShm_sharedMemReq__F)
                  00815ee0    00000280     sysbios.lib : BIOS.obj (.text:ti_sysbios_knl_Clock_Instance_init__F)
                  00816160    00000280                 : BIOS.obj (.text:ti_sysbios_knl_Task_exit__E)
                  008163e0    00000280     ti.targets.rts6000.ae66 : Core-mem.oe66 (.text:xdc_runtime_Core_createObject__I)
                  00816660    00000280                             : Error.oe66 (.text:xdc_runtime_Error_raiseX__F)
                  008168e0    00000260     ipc.lib : Ipc.obj (.text:ListMP_sharedMemReq)
                  00816b40    00000260             : Ipc.obj (.text:ti_sdo_ipc_ListMP_Instance_finalize__F)
                  00816da0    00000260             : Ipc.obj (.text:ti_sdo_ipc_heaps_HeapMemMP_Instance_finalize__F)
                  00817000    00000260             : Ipc.obj (.text:ti_sdo_ipc_notifyDrivers_NotifyDriverShm_disableEvent__E)
                  00817260    00000260     ti.targets.rts6000.ae66 : Startup.oe66 (.text:xdc_runtime_Startup_startMods__I)
                  008174c0    00000260     modelPreesm_pe66.oe66 (.text:xdc_runtime_System_printfExtend__I)
                  00817720    00000240     rts6600_elf.lib : imath64.obj (.text:__c6xabi_divull)
                  00817960    00000240                     : _printfi.obj (.text:_pconv_e)
                  00817ba0    00000240                     : _printfi.obj (.text:_pproc_diouxp)
                  00817de0    00000240     sysbios.lib : BIOS.obj (.text:ti_sysbios_family_c64p_Exception_internalHandler__I)
                  00818020    00000240                 : BIOS.obj (.text:ti_sysbios_knl_Semaphore_post__E)
                  00818260    00000220     rts6600_elf.lib : _printfi.obj (.text:_pproc_str)
                  00818480    00000220     sysbios.lib : BIOS.obj (.text:ti_sysbios_family_c64p_Hwi_reconfig__E)
                  008186a0    00000220                 : BIOS.obj (.text:ti_sysbios_knl_Swi_run__I)
                  008188c0    00000220                 : BIOS.obj (.text:ti_sysbios_knl_Task_schedule__I)
                  00818ae0    00000220                 : BIOS.obj (.text:ti_sysbios_knl_Task_startup__E)
                  00818d00    00000200     ipc.lib : Ipc.obj (.text:GateMP_enter)
                  00818f00    00000200             : Ipc.obj (.text:GateMP_leave)
                  00819100    00000200             : Ipc.obj (.text:ListMP_openByAddr)
                  00819300    00000200     rts6600_elf.lib : _printfi.obj (.text:_pconv_g)
                  00819500    00000200     sysbios.lib : c64p_Hwi_disp_always.obj (.text:_ti_sysbios_family_c64p_Hwi_dispatchAlways)
                  00819700    00000200                 : BIOS.obj (.text:block$56)
                  00819900    00000200     ipc.lib : Ipc.obj (.text:ti_sdo_ipc_family_c647x_MultiProcSetup_init__I)
                  00819b00    00000200             : Ipc.obj (.text:ti_sdo_ipc_notifyDrivers_NotifyDriverShm_sendEvent__E)
                  00819d00    00000200             : Ipc.obj (.text:ti_sdo_ipc_transports_TransportShm_Instance_finalize__F)
                  00819f00    000001e0             : Ipc.obj (.text:GateMP_open)
                  0081a0e0    000001e0             : Ipc.obj (.text:ti_sdo_ipc_GateMP_attach__F)
                  0081a2c0    000001e0             : Ipc.obj (.text:ti_sdo_ipc_GateMP_getFreeResource__I)
                  0081a4a0    000001e0     sysbios.lib : BIOS.obj (.text:ti_sysbios_knl_Task_postInit__I)
                  0081a680    000001e0                 : BIOS.obj (.text:ti_sysbios_timers_timer64_Timer_getFreq__E)
                  0081a860    000001c0     ipc.lib : Ipc.obj (.text:HeapMemMP_openByAddr)
                  0081aa20    000001c0     rts6600_elf.lib : _printfi.obj (.text:_mcpy)
                  0081abe0    000001c0     ipc.lib : Ipc.obj (.text:ti_sdo_ipc_notifyDrivers_NotifyDriverShm_registerEvent__E)
                  0081ada0    000001c0     sysbios.lib : BIOS.obj (.text:ti_sysbios_knl_Swi_Instance_init__F)
                  0081af60    000001c0                 : BIOS.obj (.text:ti_sysbios_knl_Task_checkStacks__E)
                  0081b120    000001c0                 : BIOS.obj (.text:ti_sysbios_timers_timer64_Timer_setPeriodMicroSecs__E)
                  0081b2e0    000001a0     rts6600_elf.lib : trgdrv.obj (.text:HOSTrename)
                  0081b480    000001a0     ipc.lib : Ipc.obj (.text:SharedRegion_getCacheLineSize)
                  0081b620    000001a0             : Ipc.obj (.text:SharedRegion_getHeap)
                  0081b7c0    000001a0             : Ipc.obj (.text:SharedRegion_isCacheEnabled)
                  0081b960    000001a0     rts6600_elf.lib : imath40.obj (.text:__c6xabi_divul)
                  0081bb00    000001a0     ipc.lib : Ipc.obj (.text:ti_sdo_ipc_GateMP_openRegion0Reserved__F)
                  0081bca0    000001a0             : Ipc.obj (.text:ti_sdo_ipc_notifyDrivers_NotifyDriverShm_enableEvent__E)
                  0081be40    000001a0             : Ipc.obj (.text:ti_sdo_ipc_notifyDrivers_NotifyDriverShm_unregisterEvent__E)
                  0081bfe0    000001a0             : Ipc.obj (.text:ti_sdo_ipc_nsremote_NameServerRemoteNotify_attach__E)
                  0081c180    000001a0     sysbios.lib : BIOS.obj (.text:ti_sysbios_gates_GateMutex_enter__E)
                  0081c320    000001a0                 : BIOS.obj (.text:ti_sysbios_timers_timer64_Timer_start__E)
                  0081c4c0    00000180     ipc.lib : Ipc.obj (.text:MultiProc_setLocalId)
                  0081c640    00000180             : Ipc.obj (.text:NameServer_getHandle)
                  0081c7c0    00000180             : Ipc.obj (.text:Notify_intLineRegistered)
                  0081c940    00000180     rts6600_elf.lib : copy_decompress_rle.obj (.text:__TI_decompress_rle_core)
                  0081cac0    00000180                     : setvbuf.obj (.text:setvbuf)
                  0081cc40    00000180     sysbios.lib : c64p_Exception_asm.obj (.text)
                  0081cdc0    00000180     ipc.lib : Ipc.obj (.text:ti_sdo_ipc_MessageQ_registerTransport__F)
                  0081cf40    00000180             : Ipc.obj (.text:ti_sdo_ipc_Notify_Module_startup__F)
                  0081d0c0    00000180             : Ipc.obj (.text:ti_sdo_ipc_gates_GatePeterson_enter__E)
                  0081d240    00000180             : Ipc.obj (.text:ti_sdo_utils_NameServer_Module_startup__F)
                  0081d3c0    00000180     sysbios.lib : BIOS.obj (.text:ti_sysbios_heaps_HeapMem_Instance_init__F)
                  0081d540    00000180                 : BIOS.obj (.text:ti_sysbios_knl_Swi_schedule__I)
                  0081d6c0    00000180                 : BIOS.obj (.text:ti_sysbios_knl_Task_unblockI__E)
                  0081d840    00000180     ti.targets.rts6000.ae66 : Text.oe66 (.text:xdc_runtime_Text_putSite__F)
                  0081d9c0    00000160     multiplyMatrices.obj (.text)
                  0081db20    00000160     ipc.lib : Ipc.obj (.text:ti_sdo_ipc_GateMP_createLocal__F)
                  0081dc80    00000160             : Ipc.obj (.text:ti_sdo_ipc_MessageQ_unregisterTransport__F)
                  0081dde0    00000160             : Ipc.obj (.text:ti_sdo_ipc_gates_GateHWSem_Instance_init__F)
                  0081df40    00000160             : Ipc.obj (.text:ti_sdo_ipc_transports_TransportShm_sharedMemReq__F)
                  0081e0a0    00000160             : Ipc.obj (.text:ti_sdo_utils_NameServer_isRegistered__E)
                  0081e200    00000160             : Ipc.obj (.text:ti_sdo_utils_NameServer_registerRemoteDriver__E)
                  0081e360    00000160             : Ipc.obj (.text:ti_sdo_utils_NameServer_unregisterRemoteDriver__E)
                  0081e4c0    00000140             : Ipc.obj (.text:GateMP_close)
                  0081e600    00000140             : Ipc.obj (.text:Notify_attach)
                  0081e740    00000140     boot.ae66 : autoinit.oe66 (.text:_auto_init_elf)
                  0081e880    00000140     rts6600_elf.lib : _printfi.obj (.text:_pproc_fflags)
                  0081e9c0    00000140                     : fputc.obj (.text:fputc)
                  0081eb00    00000140                     : lowlev.obj (.text:getdevice)
                  0081ec40    00000140     ipc.lib : Ipc.obj (.text:ti_sdo_ipc_Notify_exec__F)
                  0081ed80    00000140     sysbios.lib : BIOS.obj (.text:ti_sysbios_family_c64p_Hwi_Module_startup__F)
                  0081eec0    00000140                 : BIOS.obj (.text:ti_sysbios_family_c66_Cache_Module_startup__F)
                  0081f000    00000140                 : BIOS.obj (.text:ti_sysbios_gates_GateSwi_enter__E)
                  0081f140    00000140                 : BIOS.obj (.text:ti_sysbios_knl_Clock_Instance_finalize__F)
                  0081f280    00000140                 : BIOS.obj (.text:ti_sysbios_knl_Semaphore_Instance_init__F)
                  0081f3c0    00000140                 : BIOS.obj (.text:ti_sysbios_knl_Swi_post__E)
                  0081f500    00000140                 : BIOS.obj (.text:ti_sysbios_knl_Task_blockI__E)
                  0081f640    00000140                 : BIOS.obj (.text:ti_sysbios_knl_Task_yield__E)
                  0081f780    00000120     rts6600_elf.lib : _printfi.obj (.text:_ltostr)
                  0081f8a0    00000120                     : _io_perm.obj (.text:_wrt_ok)
                  0081f9c0    00000120     displayMatrix.obj (.text)
                  0081fae0    00000120     rts6600_elf.lib : fclose.obj (.text:fclose)
                  0081fc00    00000120     main.obj (.text)
                  0081fd20    00000120     sysbios.lib : BIOS.obj (.text:rtsUnlock$0)
                  0081fe40    00000120     sumResults.obj (.text)
                  0081ff60    00000120     ipc.lib : Ipc.obj (.text:ti_sdo_ipc_MessageQ_Module_startup__F)
                  00820080    00000120             : Ipc.obj (.text:ti_sdo_ipc_family_c647x_Interrupt_intRegister__E)
                  008201a0    00000120             : Ipc.obj (.text:ti_sdo_ipc_nsremote_NameServerRemoteNotify_Instance_finalize__F)
                  008202c0    00000100     rts6600_elf.lib : trgdrv.obj (.text:HOSTlseek)
                  008203c0    00000100                     : fflush.obj (.text:fflush)
                  008204c0    00000100     sysbios.lib : BIOS.obj (.text:initDevice$44)
                  008205c0    00000100     ipc.lib : Ipc.obj (.text:ti_sdo_ipc_GateMP_start__F)
                  008206c0    00000100             : Ipc.obj (.text:ti_sdo_ipc_Notify_Instance_finalize__F)
                  008207c0    00000100     modelPreesm_pe66.oe66 (.text:ti_sdo_ipc_Notify_Object__create__S)
                  008208c0    00000100     ipc.lib : Ipc.obj (.text:ti_sdo_ipc_SharedRegion_attach__F)
                  008209c0    00000100             : Ipc.obj (.text:ti_sdo_ipc_SharedRegion_clearReservedMemory__F)
                  00820ac0    00000100             : Ipc.obj (.text:ti_sdo_ipc_family_c647x_Interrupt_Module_startup__F)
                  00820bc0    00000100             : Ipc.obj (.text:ti_sdo_ipc_gates_GateHWSem_Module_startup__F)
                  00820cc0    00000100             : Ipc.obj (.text:ti_sdo_ipc_gates_GateMPSupportNull_enter__E)
                  00820dc0    00000100             : Ipc.obj (.text:ti_sdo_ipc_gates_GateMPSupportNull_leave__E)
                  00820ec0    00000100     modelPreesm_pe66.oe66 (.text:ti_sdo_ipc_gates_GatePeterson_Object__create__S)
                  00820fc0    00000100     modelPreesm_pe66.oe66 (.text:ti_sdo_ipc_nsremote_NameServerRemoteNotify_Object__create__S)
                  008210c0    00000100     ipc.lib : Ipc.obj (.text:ti_sdo_ipc_transports_TransportShmSetup_attach__E)
                  008211c0    00000100     modelPreesm_pe66.oe66 (.text:ti_sdo_ipc_transports_TransportShm_Object__create__S)
                  008212c0    00000100     modelPreesm_pe66.oe66 (.text:ti_sysbios_family_c64p_Hwi_Object__create__S)
                  008213c0    00000100     sysbios.lib : BIOS.obj (.text:ti_sysbios_gates_GateMutexPri_leave__E)
                  008214c0    00000100                 : BIOS.obj (.text:ti_sysbios_knl_Clock_startI__E)
                  008215c0    00000100     modelPreesm_pe66.oe66 (.text:ti_sysbios_knl_Swi_Object__create__S)
                  008216c0    00000100     sysbios.lib : BIOS.obj (.text:ti_sysbios_knl_Swi_restoreHwi__E)
                  008217c0    00000100     ti.targets.rts6000.ae66 : Core-mem.oe66 (.text:xdc_runtime_Core_deleteObject__I)
                  008218c0    00000100                             : Startup.oe66 (.text:xdc_runtime_Startup_exec__F)
                  008219c0    00000100                             : Text.oe66 (.text:xdc_runtime_Text_putMod__F)
                  00821ac0    00000100                             : Text.oe66 (.text:xdc_runtime_Text_visitRope2__I)
                  00821bc0    000000e0     rts6600_elf.lib : trgdrv.obj (.text:HOSTopen)
                  00821ca0    000000e0                     : _printfi.obj (.text:_div)
                  00821d80    000000e0                     : atoi.obj (.text:atoi)
                  00821e60    000000e0                     : lowlev.obj (.text:close)
                  00821f40    000000e0                     : copy_zero_init.obj (.text:decompress:ZI:__TI_zero_init)
                  00822020    000000e0                     : exit.obj (.text:exit)
                  00822100    000000e0                     : ltoa.obj (.text:ltoa)
                  008221e0    000000e0                     : memset.obj (.text:memset)
                  008222c0    000000e0     modelPreesm_pe66.oe66 (.text:ti_sdo_ipc_GateMP_Object__create__S)
                  008223a0    000000e0     modelPreesm_pe66.oe66 (.text:ti_sdo_ipc_ListMP_Object__create__S)
                  00822480    000000e0     ipc.lib : Ipc.obj (.text:ti_sdo_ipc_family_c647x_NotifySetup_attach__E)
                  00822560    000000e0             : Ipc.obj (.text:ti_sdo_ipc_gates_GateHWSem_enter__E)
                  00822640    000000e0     modelPreesm_pe66.oe66 (.text:ti_sdo_ipc_heaps_HeapMemMP_Object__create__S)
                  00822720    000000e0     modelPreesm_pe66.oe66 (.text:ti_sdo_ipc_notifyDrivers_NotifyDriverShm_Object__create__S)
                  00822800    000000e0     sysbios.lib : BIOS.obj (.text:ti_sysbios_family_c64p_Hwi_Instance_finalize__F)
                  008228e0    000000e0                 : BIOS.obj (.text:ti_sysbios_family_c64p_Hwi_Instance_init__F)
                  008229c0    000000e0                 : BIOS.obj (.text:ti_sysbios_knl_Clock_start__E)
                  00822aa0    000000e0                 : BIOS.obj (.text:ti_sysbios_timers_timer64_Timer_startup__E)
                  00822b80    000000e0     ti.targets.rts6000.ae66 : Error.oe66 (.text:xdc_runtime_Error_print__F)
                  00822c60    000000e0                             : Memory.oe66 (.text:xdc_runtime_Memory_alloc__F)
                  00822d40    000000e0     modelPreesm_pe66.oe66 (.text:xdc_runtime_knl_GateThread_Object__create__S)
                  00822e20    000000c0     rts6600_elf.lib : trgdrv.obj (.text:HOSTread)
                  00822ee0    000000c0                     : trgdrv.obj (.text:HOSTunlink)
                  00822fa0    000000c0                     : trgdrv.obj (.text:HOSTwrite)
                  00823060    000000c0     ipc.lib : Ipc.obj (.text:HeapMemMP_create)
                  00823120    000000c0             : Ipc.obj (.text:ListMP_create)
                  008231e0    000000c0     rts6600_elf.lib : dtor_list.obj (.text:__cxa_finalize)
                  008232a0    000000c0                     : divu.obj (.text:__divu)
                  00823360    000000c0                     : fopen.obj (.text:_cleanup)
                  00823420    000000c0                     : fflush.obj (.text:_doflush)
                  008234e0    000000c0                     : fseek.obj (.text:fseek)
                  008235a0    000000c0                     : lowlev.obj (.text:lseek)
                  00823660    000000c0     ipc.lib : Ipc.obj (.text:ti_sdo_ipc_GateMP_getRegion0ReservedSize__F)
                  00823720    000000c0             : Ipc.obj (.text:ti_sdo_ipc_Notify_execMany__I)
                  008237e0    000000c0             : Ipc.obj (.text:ti_sdo_ipc_family_c647x_Interrupt_intShmStub__I)
                  008238a0    000000c0     sysbios.lib : BIOS.obj (.text:ti_sysbios_BIOS_errorRaiseHook__I)
                  00823960    000000c0                 : BIOS.obj (.text:ti_sysbios_gates_GateAll_leave__E)
                  00823a20    000000c0                 : BIOS.obj (.text:ti_sysbios_heaps_HeapMem_getStats__E)
                  00823ae0    000000c0                 : BIOS.obj (.text:ti_sysbios_knl_Clock_logTick__E)
                  00823ba0    000000c0                 : BIOS.obj (.text:ti_sysbios_knl_Swi_Instance_finalize__F)
                  00823c60    000000c0                 : BIOS.obj (.text:ti_sysbios_timers_timer64_Timer_stop__E)
                  00823d20    000000c0     rts6600_elf.lib : lowlev.obj (.text:write)
                  00823de0    000000c0     ti.targets.rts6000.ae66 : System.oe66 (.text:xdc_runtime_System_formatNum__I)
                  00823ea0    000000a0     Core1.obj (.text)
                  00823f40    000000a0     Core2.obj (.text)
                  00823fe0    000000a0     Core3.obj (.text)
                  00824080    000000a0     Core4.obj (.text)
                  00824120    000000a0     Core5.obj (.text)
                  008241c0    000000a0     Core6.obj (.text)
                  00824260    000000a0     Core7.obj (.text)
                  00824300    000000a0     rts6600_elf.lib : trgdrv.obj (.text:HOSTclose)
                  008243a0    000000a0                     : remu.obj (.text:__remu)
                  00824440    000000a0     boot.ae66 : boot.oe66 (.text:_c_int00)
                  008244e0    000000a0     rts6600_elf.lib : _printfi.obj (.text:_ecpy)
                  00824580    000000a0                     : _printfi.obj (.text:_fcpy)
                  00824620    000000a0                     : _printfi.obj (.text:_pconv_f)
                  008246c0    000000a0     sysbios.lib : c64p_Hwi_asm.obj (.text:_ti_sysbios_family_c64p_Hwi_plug__E)
                  00824760    000000a0     rts6600_elf.lib : lowlev.obj (.text:finddevice)
                  00824800    000000a0                     : memcpy64.obj (.text:memcpy)
                  008248a0    000000a0     ipc.lib : Ipc.obj (.text:ti_sdo_ipc_family_c647x_Interrupt_intUnregister__E)
                  00824940    000000a0             : Ipc.obj (.text:ti_sdo_ipc_gates_GatePeterson_leave__E)
                  008249e0    000000a0             : Ipc.obj (.text:ti_sdo_ipc_notifyDrivers_NotifyDriverShm_Instance_finalize__F)
                  00824a80    000000a0     sysbios.lib : BIOS.obj (.text:ti_sysbios_heaps_HeapMem_init__I)
                  00824b20    000000a0     modelPreesm_pe66.oe66 (.text:ti_sysbios_knl_Clock_Object__create__S)
                  00824bc0    000000a0     transposeMatrix.obj (.text)
                  00824c60    000000a0     ti.targets.rts6000.ae66 : Assert.oe66 (.text:xdc_runtime_Assert_raise__I)
                  00824d00    00000080     ipc.lib : Ipc.obj (.text:GateMP_create)
                  00824d80    00000080     rts6600_elf.lib : dtor_list.obj (.text:_Z11__TI_atexitPFYvPvES_S_)
                  00824e00    00000080                     : fixdu.obj (.text:__c6xabi_fixdu)
                  00824e80    00000080                     : llshift.obj (.text:__c6xabi_llshl)
                  00824f00    00000080     sysbios.lib : c62_TaskSupport_asm.obj (.text:_ti_sysbios_family_c62_TaskSupport_swap__E)
                  00824f80    00000080     modelPreesm_pe66.oe66 (.text:malloc)
                  00825000    00000080     rts6600_elf.lib : printf.obj (.text:printf)
                  00825080    00000080                     : trgmsg.obj (.text:readmsg)
                  00825100    00000080     modelPreesm_pe66.oe66 (.text:ti_sdo_ipc_gates_GateHWSem_Object__create__S)
                  00825180    00000080     modelPreesm_pe66.oe66 (.text:ti_sdo_ipc_gates_GateMPSupportNull_Object__create__S)
                  00825200    00000080     ipc.lib : Ipc.obj (.text:ti_sdo_ipc_nsremote_NameServerRemoteNotify_detach__E)
                  00825280    00000080             : Ipc.obj (.text:ti_sdo_ipc_transports_TransportShm_swiFxn__I)
                  00825300    00000080     modelPreesm_pe66.oe66 (.text:ti_sdo_utils_List_Object__create__S)
                  00825380    00000080     modelPreesm_pe66.oe66 (.text:ti_sysbios_BIOS_exitFunc__I)
                  00825400    00000080     sysbios.lib : BIOS.obj (.text:ti_sysbios_BIOS_exit__E)
                  00825480    00000080                 : BIOS.obj (.text:ti_sysbios_family_c62_TaskSupport_start__E)
                  00825500    00000080                 : BIOS.obj (.text:ti_sysbios_family_c64p_Exception_Module_startup__F)
                  00825580    00000080                 : BIOS.obj (.text:ti_sysbios_family_c64p_Hwi_eventMap__E)
                  00825600    00000080                 : BIOS.obj (.text:ti_sysbios_family_c66_Cache_invL1pAll__E)
                  00825680    00000080     modelPreesm_pe66.oe66 (.text:ti_sysbios_gates_GateAll_Object__create__S)
                  00825700    00000080     modelPreesm_pe66.oe66 (.text:ti_sysbios_gates_GateHwi_Object__create__S)
                  00825780    00000080     modelPreesm_pe66.oe66 (.text:ti_sysbios_gates_GateMutexPri_Object__create__S)
                  00825800    00000080     modelPreesm_pe66.oe66 (.text:ti_sysbios_gates_GateMutex_Object__create__S)
                  00825880    00000080     modelPreesm_pe66.oe66 (.text:ti_sysbios_gates_GateSwi_Object__create__S)
                  00825900    00000080     sysbios.lib : BIOS.obj (.text:ti_sysbios_gates_GateSwi_leave__E)
                  00825980    00000080                 : BIOS.obj (.text:ti_sysbios_hal_Hwi_checkStack:ti_sysbios_hal_Hwi_checkStack)
                  00825a00    00000080     modelPreesm_pe66.oe66 (.text:ti_sysbios_heaps_HeapMem_Object__create__S)
                  00825a80    00000080     sysbios.lib : BIOS.obj (.text:ti_sysbios_knl_Clock_Module_startup__F)
                  00825b00    00000080     modelPreesm_pe66.oe66 (.text:ti_sysbios_knl_Clock_doTick__I)
                  00825b80    00000080     sysbios.lib : BIOS.obj (.text:ti_sysbios_knl_Clock_getTicks__E)
                  00825c00    00000080                 : BIOS.obj (.text:ti_sysbios_knl_Idle_loop__E)
                  00825c80    00000080     modelPreesm_pe66.oe66 (.text:ti_sysbios_knl_Queue_Object__create__S)
                  00825d00    00000080     modelPreesm_pe66.oe66 (.text:ti_sysbios_knl_Semaphore_Object__create__S)
                  00825d80    00000080     sysbios.lib : BIOS.obj (.text:ti_sysbios_knl_Semaphore_pendTimeout__I)
                  00825e00    00000080                 : BIOS.obj (.text:ti_sysbios_knl_Swi_startup__E)
                  00825e80    00000080                 : BIOS.obj (.text:ti_sysbios_knl_Task_restore__E)
                  00825f00    00000080                 : BIOS.obj (.text:ti_sysbios_timers_timer64_Timer_getCount__E)
                  00825f80    00000080                 : BIOS.obj (.text:ti_sysbios_timers_timer64_Timer_getPeriod__E)
                  00826000    00000080     modelPreesm_pe66.oe66 (.text:ti_sysbios_xdcruntime_GateThreadSupport_Object__create__S)
                  00826080    00000080     rts6600_elf.lib : lowlev.obj (.text:unlink)
                  00826100    00000080     ti.targets.rts6000.ae66 : Core-label.oe66 (.text:xdc_runtime_Core_assignLabel__I)
                  00826180    00000080                             : Core-params.oe66 (.text:xdc_runtime_Core_assignParams__I)
                  00826200    00000080                             : System.oe66 (.text:xdc_runtime_System_atexit__F)
                  00826280    00000080                             : System.oe66 (.text:xdc_runtime_System_rtsExit__I)
                  00826300    00000080                             : Text.oe66 (.text:xdc_runtime_Text_printVisFxn__I)
                  00826380    00000080                             : Text.oe66 (.text:xdc_runtime_Text_xprintf__I)
                  00826400    00000060     ipc.lib : Ipc.obj (.text:GateMP_Params_init)
                  00826460    00000060             : Ipc.obj (.text:HeapMemMP_Params_init)
                  008264c0    00000060     rts6600_elf.lib : frcmpyd_div.obj (.text:__c6xabi_frcmpyd_div)
                  00826520    00000060                     : llshift.obj (.text:__c6xabi_llshru)
                  00826580    00000060                     : imath64.obj (.text:_subcull)
                  008265e0    00000060                     : memccpy.obj (.text:memccpy)
                  00826640    00000060     modelPreesm_pe66.oe66 (.text:ti_sdo_ipc_GateMP_Object__delete__S)
                  008266a0    00000060     modelPreesm_pe66.oe66 (.text:ti_sdo_ipc_ListMP_Object__delete__S)
                  00826700    00000060     ipc.lib : Ipc.obj (.text:ti_sdo_ipc_family_c647x_NotifySetup_sharedMemReq__E)
                  00826760    00000060     modelPreesm_pe66.oe66 (.text:ti_sdo_ipc_gates_GateHWSem_Object__delete__S)
                  008267c0    00000060     ipc.lib : Ipc.obj (.text:ti_sdo_ipc_gates_GateHWSem_leave__E)
                  00826820    00000060     modelPreesm_pe66.oe66 (.text:ti_sdo_ipc_gates_GateMPSupportNull_Object__delete__S)
                  00826880    00000060     ipc.lib : Ipc.obj (.text:ti_sdo_ipc_gates_GatePeterson_Instance_finalize__F)
                  008268e0    00000060     modelPreesm_pe66.oe66 (.text:ti_sdo_ipc_gates_GatePeterson_Object__delete__S)
                  00826940    00000060     ipc.lib : Ipc.obj (.text:ti_sdo_ipc_gates_GatePeterson_sharedMemReq__E)
                  008269a0    00000060     modelPreesm_pe66.oe66 (.text:ti_sdo_ipc_heaps_HeapMemMP_Object__delete__S)
                  00826a00    00000060     modelPreesm_pe66.oe66 (.text:ti_sdo_ipc_notifyDrivers_NotifyDriverShm_Object__delete__S)
                  00826a60    00000060     ipc.lib : Ipc.obj (.text:ti_sdo_ipc_notifyDrivers_NotifyDriverShm_setNotifyHandle__E)
                  00826ac0    00000060     modelPreesm_pe66.oe66 (.text:ti_sdo_ipc_nsremote_NameServerRemoteNotify_Object__delete__S)
                  00826b20    00000060     ipc.lib : Ipc.obj (.text:ti_sdo_ipc_transports_TransportShmSetup_sharedMemReq__E)
                  00826b80    00000060     modelPreesm_pe66.oe66 (.text:ti_sdo_ipc_transports_TransportShm_Object__delete__S)
                  00826be0    00000060     sysbios.lib : BIOS.obj (.text:ti_sysbios_BIOS_registerRTSLock__I)
                  00826c40    00000060     modelPreesm_pe66.oe66 (.text:ti_sysbios_family_c64p_Hwi_Object__delete__S)
                  00826ca0    00000060     modelPreesm_pe66.oe66 (.text:ti_sysbios_gates_GateAll_Object__delete__S)
                  00826d00    00000060     sysbios.lib : BIOS.obj (.text:ti_sysbios_gates_GateAll_enter__E)
                  00826d60    00000060     modelPreesm_pe66.oe66 (.text:ti_sysbios_gates_GateHwi_Object__delete__S)
                  00826dc0    00000060     modelPreesm_pe66.oe66 (.text:ti_sysbios_gates_GateMutexPri_Object__delete__S)
                  00826e20    00000060     sysbios.lib : BIOS.obj (.text:ti_sysbios_gates_GateMutex_Instance_init__F)
                  00826e80    00000060     modelPreesm_pe66.oe66 (.text:ti_sysbios_gates_GateMutex_Object__delete__S)
                  00826ee0    00000060     modelPreesm_pe66.oe66 (.text:ti_sysbios_gates_GateSwi_Object__delete__S)
                  00826f40    00000060     sysbios.lib : BIOS.obj (.text:ti_sysbios_hal_Hwi_initStack:ti_sysbios_hal_Hwi_initStack)
                  00826fa0    00000060     modelPreesm_pe66.oe66 (.text:ti_sysbios_heaps_HeapMem_Object__delete__S)
                  00827000    00000060     sysbios.lib : BIOS.obj (.text:ti_sysbios_knl_Swi_Module_startup__F)
                  00827060    00000060                 : BIOS.obj (.text:ti_sysbios_knl_Task_allBlockedFunction__I)
                  008270c0    00000060                 : BIOS.obj (.text:ti_sysbios_knl_Task_enter__I)
                  00827120    00000060     modelPreesm_pe66.oe66 (.text:ti_sysbios_xdcruntime_GateThreadSupport_Object__delete__S)
                  00827180    00000060     rts6600_elf.lib : trgmsg.obj (.text:writemsg)
                  008271e0    00000060     modelPreesm_pe66.oe66 (.text:xdc_runtime_GateNull_Object__create__S)
                  00827240    00000060     modelPreesm_pe66.oe66 (.text:xdc_runtime_GateNull_Object__delete__S)
                  008272a0    00000060     ti.targets.rts6000.ae66 : Memory.oe66 (.text:xdc_runtime_Memory_calloc__F)
                  00827300    00000060                             : Memory.oe66 (.text:xdc_runtime_Memory_valloc__F)
                  00827360    00000060                             : SysStd.oe66 (.text:xdc_runtime_SysStd_abort__F)
                  008273c0    00000060                             : System.oe66 (.text:xdc_runtime_System_avprintf__F)
                  00827420    00000060                             : System.oe66 (.text:xdc_runtime_System_vprintf__F)
                  00827480    00000060                             : Text.oe66 (.text:xdc_runtime_Text_cordText__F)
                  008274e0    00000060     modelPreesm_pe66.oe66 (.text:xdc_runtime_knl_GateThread_Object__delete__S)
                  00827540    00000040     rts6600_elf.lib : isinf.obj (.text:__c6xabi_isinf)
                  00827580    00000040                     : _printfi.obj (.text:__c6xabi_isnan)
                  008275c0    00000040                     : strasg.obj (.text:__strasgi_64plus)
                  00827600    00000040                     : args_main.obj (.text:_args_main)
                  00827640    00000040     sysbios.lib : c62_TaskSupport_asm.obj (.text:_ti_sysbios_family_c62_TaskSupport_buildTaskStack)
                  00827680    00000040                 : c64p_Hwi_asm_switch.obj (.text:_ti_sysbios_family_xxx_Hwi_switchToIsrStack)
                  008276c0    00000040     modelPreesm_pe66.oe66 (.text:free)
                  00827700    00000040     sysbios.lib : BIOS.obj (.text:rtsLock$0)
                  00827740    00000040     ipc.lib : Ipc.obj (.text:ti_sdo_ipc_family_c647x_Interrupt_intClear__E)
                  00827780    00000040             : Ipc.obj (.text:ti_sdo_ipc_family_c647x_Interrupt_intSend__E)
                  008277c0    00000040     modelPreesm_pe66.oe66 (.text:ti_sdo_ipc_gates_GateHWSem_Handle__label__S)
                  00827800    00000040     modelPreesm_pe66.oe66 (.text:ti_sdo_ipc_gates_GateMPSupportNull_Handle__label__S)
                  00827840    00000040     modelPreesm_pe66.oe66 (.text:ti_sdo_ipc_gates_GatePeterson_Handle__label__S)
                  00827880    00000040     modelPreesm_pe66.oe66 (.text:ti_sdo_ipc_heaps_HeapMemMP_Handle__label__S)
                  008278c0    00000040     modelPreesm_pe66.oe66 (.text:ti_sdo_ipc_notifyDrivers_NotifyDriverShm_Handle__label__S)
                  00827900    00000040     ipc.lib : Ipc.obj (.text:ti_sdo_ipc_notifyDrivers_NotifyDriverShm_disable__E)
                  00827940    00000040             : Ipc.obj (.text:ti_sdo_ipc_notifyDrivers_NotifyDriverShm_enable__E)
                  00827980    00000040     modelPreesm_pe66.oe66 (.text:ti_sdo_ipc_nsremote_NameServerRemoteNotify_Handle__label__S)
                  008279c0    00000040     ipc.lib : Ipc.obj (.text:ti_sdo_ipc_nsremote_NameServerRemoteNotify_sharedMemReq__E)
                  00827a00    00000040     modelPreesm_pe66.oe66 (.text:ti_sdo_ipc_transports_TransportShm_Handle__label__S)
                  00827a40    00000040     modelPreesm_pe66.oe66 (.text:ti_sdo_utils_NameServer_Module__startupDone__F)
                  00827a80    00000040     modelPreesm_pe66.oe66 (.text:ti_sdo_utils_NameServer_Object__get__S)
                  00827ac0    00000040     modelPreesm_pe66.oe66 (.text:ti_sysbios_BIOS_startFunc__I)
                  00827b00    00000040     sysbios.lib : BIOS.obj (.text:ti_sysbios_BIOS_start__E)
                  00827b40    00000040     modelPreesm_pe66.oe66 (.text:ti_sysbios_family_c64p_Hwi_Module__startupDone__F)
                  00827b80    00000040     sysbios.lib : BIOS.obj (.text:ti_sysbios_family_c64p_Hwi_disableInterrupt__E)
                  00827bc0    00000040                 : BIOS.obj (.text:ti_sysbios_family_c64p_Hwi_enableInterrupt__E)
                  00827c00    00000040     modelPreesm_pe66.oe66 (.text:ti_sysbios_gates_GateAll_Handle__label__S)
                  00827c40    00000040     modelPreesm_pe66.oe66 (.text:ti_sysbios_gates_GateHwi_Handle__label__S)
                  00827c80    00000040     modelPreesm_pe66.oe66 (.text:ti_sysbios_gates_GateMutexPri_Handle__label__S)
                  00827cc0    00000040     sysbios.lib : BIOS.obj (.text:ti_sysbios_gates_GateMutexPri_Instance_finalize__F)
                  00827d00    00000040                 : BIOS.obj (.text:ti_sysbios_gates_GateMutexPri_Instance_init__F)
                  00827d40    00000040     modelPreesm_pe66.oe66 (.text:ti_sysbios_gates_GateMutexPri_Object__destruct__S)
                  00827d80    00000040     modelPreesm_pe66.oe66 (.text:ti_sysbios_gates_GateMutex_Handle__label__S)
                  00827dc0    00000040     sysbios.lib : BIOS.obj (.text:ti_sysbios_gates_GateMutex_Instance_finalize__F)
                  00827e00    00000040                 : BIOS.obj (.text:ti_sysbios_gates_GateMutex_leave__E)
                  00827e40    00000040     modelPreesm_pe66.oe66 (.text:ti_sysbios_gates_GateSwi_Handle__label__S)
                  00827e80    00000040     modelPreesm_pe66.oe66 (.text:ti_sysbios_hal_Timer_Module__startupDone__F)
                  00827ec0    00000040     modelPreesm_pe66.oe66 (.text:ti_sysbios_heaps_HeapMem_Handle__label__S)
                  00827f00    00000040     modelPreesm_pe66.oe66 (.text:ti_sysbios_heaps_HeapMem_Object__get__S)
                  00827f40    00000040     modelPreesm_pe66.oe66 (.text:ti_sysbios_knl_Clock_Object__destruct__S)
                  00827f80    00000040     sysbios.lib : BIOS.obj (.text:ti_sysbios_knl_Semaphore_Instance_finalize__F)
                  00827fc0    00000040     modelPreesm_pe66.oe66 (.text:ti_sysbios_knl_Semaphore_Object__destruct__S)
                  00828000    00000040     modelPreesm_pe66.oe66 (.text:ti_sysbios_knl_Swi_Object__destruct__S)
                  00828040    00000040     modelPreesm_pe66.oe66 (.text:ti_sysbios_knl_Swi_Object__get__S)
                  00828080    00000040     modelPreesm_pe66.oe66 (.text:ti_sysbios_knl_Task_Object__get__S)
                  008280c0    00000040     sysbios.lib : BIOS.obj (.text:ti_sysbios_knl_Task_sleepTimeout__I)
                  00828100    00000040     modelPreesm_pe66.oe66 (.text:ti_sysbios_timers_timer64_Timer_Module__startupDone__F)
                  00828140    00000040     sysbios.lib : BIOS.obj (.text:ti_sysbios_xdcruntime_GateThreadSupport_Instance_finalize__F)
                  00828180    00000040                 : BIOS.obj (.text:ti_sysbios_xdcruntime_GateThreadSupport_Instance_init__F)
                  008281c0    00000040                 : BIOS.obj (.text:ti_sysbios_xdcruntime_GateThreadSupport_enter__F)
                  00828200    00000040                 : BIOS.obj (.text:ti_sysbios_xdcruntime_GateThreadSupport_leave__F)
                  00828240    00000040     ti.targets.rts6000.ae66 : Error.oe66 (.text:xdc_runtime_Error_check__F)
                  00828280    00000040                             : Error.oe66 (.text:xdc_runtime_Error_init__F)
                  008282c0    00000040     modelPreesm_pe66.oe66 (.text:xdc_runtime_GateNull_Handle__label__S)
                  00828300    00000040     ti.targets.rts6000.ae66 : Gate.oe66 (.text:xdc_runtime_Gate_leaveSystem__F)
                  00828340    00000040                             : Memory.oe66 (.text:xdc_runtime_Memory_free__F)
                  00828380    00000040                             : Registry.oe66 (.text:xdc_runtime_Registry_findById__F)
                  008283c0    00000040                             : System.oe66 (.text:xdc_runtime_System_abort__F)
                  00828400    00000040     modelPreesm_pe66.oe66 (.text:xdc_runtime_System_aprintf__E)
                  00828440    00000040     modelPreesm_pe66.oe66 (.text:xdc_runtime_System_printf__E)
                  00828480    00000040     ti.targets.rts6000.ae66 : Text.oe66 (.text:xdc_runtime_Text_ropeText__F)
                  008284c0    00000040     modelPreesm_pe66.oe66 (.text:xdc_runtime_knl_GateThread_Handle__label__S)
                  00828500    00000040     ti.targets.rts6000.ae66 : GateThread.oe66 (.text:xdc_runtime_knl_GateThread_Instance_finalize__F)
                  00828540    00000040                             : GateThread.oe66 (.text:xdc_runtime_knl_GateThread_Instance_init__F)
                  00828580    00000020     ipc.lib : Ipc.obj (.text:GateMP_delete)
                  008285a0    00000020             : Ipc.obj (.text:MultiProc_self)
                  008285c0    00000020     rts6600_elf.lib : negll.obj (.text:__c6xabi_negll)
                  008285e0    00000020                     : dtor_list.obj (.text:__cxa_atexit)
                  00828600    00000020                     : dtor_list.obj (.text:__cxa_ia64_exit)
                  00828620    00000020     ti.targets.rts6000.ae66 : xdc_noinit.oe66 (.text:__xdc__init)
                  00828640    00000020     rts6600_elf.lib : _lock.obj (.text:_nop)
                  00828660    00000020                     : printf.obj (.text:_outc)
                  00828680    00000020                     : printf.obj (.text:_outs)
                  008286a0    00000020                     : _lock.obj (.text:_register_lock)
                  008286c0    00000020                     : _lock.obj (.text:_register_unlock)
                  008286e0    00000020     sysbios.lib : c62_TaskSupport_asm.obj (.text:_ti_sysbios_family_c62_TaskSupport_glue)
                  00828700    00000020                 : c64p_Hwi_asm_switch.obj (.text:_ti_sysbios_family_xxx_Hwi_switchToTaskStack)
                  00828720    00000020     rts6600_elf.lib : exit.obj (.text:abort)
                  00828740    00000020                     : dtor_list.obj (.text:atexit)
                  00828760    00000020                     : copy_decompress_none.obj (.text:decompress:none:__TI_decompress_none)
                  00828780    00000020                     : copy_decompress_rle.obj (.text:decompress:rle24:__TI_decompress_rle24)
                  008287a0    00000020     sysbios.lib : BIOS.obj (.text:nullFunc$0)
                  008287c0    00000020     rts6600_elf.lib : fputc.obj (.text:putc)
                  008287e0    00000020                     : fputc.obj (.text:putchar)
                  00828800    00000020     modelPreesm_pe66.oe66 (.text:ti_sdo_ipc_GateMP_Params__init__S)
                  00828820    00000020     modelPreesm_pe66.oe66 (.text:ti_sdo_ipc_GateMP_RemoteCustom1Proxy_Object__create__S)
                  00828840    00000020     modelPreesm_pe66.oe66 (.text:ti_sdo_ipc_GateMP_RemoteCustom1Proxy_Object__delete__S)
                  00828860    00000020     modelPreesm_pe66.oe66 (.text:ti_sdo_ipc_GateMP_RemoteCustom1Proxy_Params__init__S)
                  00828880    00000020     modelPreesm_pe66.oe66 (.text:ti_sdo_ipc_GateMP_RemoteCustom1Proxy_Proxy__abstract__S)
                  008288a0    00000020     modelPreesm_pe66.oe66 (.text:ti_sdo_ipc_GateMP_RemoteCustom1Proxy_Proxy__delegate__S)
                  008288c0    00000020     modelPreesm_pe66.oe66 (.text:ti_sdo_ipc_GateMP_RemoteCustom2Proxy_Object__create__S)
                  008288e0    00000020     modelPreesm_pe66.oe66 (.text:ti_sdo_ipc_GateMP_RemoteCustom2Proxy_Object__delete__S)
                  00828900    00000020     modelPreesm_pe66.oe66 (.text:ti_sdo_ipc_GateMP_RemoteCustom2Proxy_Params__init__S)
                  00828920    00000020     modelPreesm_pe66.oe66 (.text:ti_sdo_ipc_GateMP_RemoteCustom2Proxy_Proxy__abstract__S)
                  00828940    00000020     modelPreesm_pe66.oe66 (.text:ti_sdo_ipc_GateMP_RemoteCustom2Proxy_Proxy__delegate__S)
                  00828960    00000020     modelPreesm_pe66.oe66 (.text:ti_sdo_ipc_GateMP_RemoteSystemProxy_Object__create__S)
                  00828980    00000020     modelPreesm_pe66.oe66 (.text:ti_sdo_ipc_GateMP_RemoteSystemProxy_Object__delete__S)
                  008289a0    00000020     modelPreesm_pe66.oe66 (.text:ti_sdo_ipc_GateMP_RemoteSystemProxy_Params__init__S)
                  008289c0    00000020     modelPreesm_pe66.oe66 (.text:ti_sdo_ipc_GateMP_RemoteSystemProxy_Proxy__abstract__S)
                  008289e0    00000020     modelPreesm_pe66.oe66 (.text:ti_sdo_ipc_GateMP_RemoteSystemProxy_Proxy__delegate__S)
                  00828a00    00000020     ipc.lib : Ipc.obj (.text:ti_sdo_ipc_GateMP_getSharedAddr__F)
                  00828a20    00000020     modelPreesm_pe66.oe66 (.text:ti_sdo_ipc_ListMP_Params__init__S)
                  00828a40    00000020     modelPreesm_pe66.oe66 (.text:ti_sdo_ipc_MessageQ_Object__get__S)
                  00828a60    00000020     modelPreesm_pe66.oe66 (.text:ti_sdo_ipc_Notify_Module_GateProxy_enter__E)
                  00828a80    00000020     modelPreesm_pe66.oe66 (.text:ti_sdo_ipc_Notify_Module_GateProxy_leave__E)
                  00828aa0    00000020     ipc.lib : Ipc.obj (.text:ti_sdo_ipc_family_c647x_Interrupt_intDisable__E)
                  00828ac0    00000020             : Ipc.obj (.text:ti_sdo_ipc_family_c647x_Interrupt_intEnable__E)
                  00828ae0    00000020             : Ipc.obj (.text:ti_sdo_ipc_family_c647x_NotifySetup_numIntLines__E)
                  00828b00    00000020     modelPreesm_pe66.oe66 (.text:ti_sdo_ipc_gates_GateHWSem_Params__init__S)
                  00828b20    00000020     ipc.lib : Ipc.obj (.text:ti_sdo_ipc_gates_GateHWSem_getReservedMask__E)
                  00828b40    00000020             : Ipc.obj (.text:ti_sdo_ipc_gates_GateHWSem_query__F)
                  00828b60    00000020             : Ipc.obj (.text:ti_sdo_ipc_gates_GateHWSem_sharedMemReq__E)
                  00828b80    00000020             : Ipc.obj (.text:ti_sdo_ipc_gates_GateMPSupportNull_Instance_init__F)
                  00828ba0    00000020     modelPreesm_pe66.oe66 (.text:ti_sdo_ipc_gates_GateMPSupportNull_Params__init__S)
                  00828bc0    00000020     ipc.lib : Ipc.obj (.text:ti_sdo_ipc_gates_GateMPSupportNull_getReservedMask__E)
                  00828be0    00000020             : Ipc.obj (.text:ti_sdo_ipc_gates_GateMPSupportNull_query__F)
                  00828c00    00000020             : Ipc.obj (.text:ti_sdo_ipc_gates_GateMPSupportNull_sharedMemReq__E)
                  00828c20    00000020     modelPreesm_pe66.oe66 (.text:ti_sdo_ipc_gates_GatePeterson_Params__init__S)
                  00828c40    00000020     ipc.lib : Ipc.obj (.text:ti_sdo_ipc_gates_GatePeterson_getReservedMask__E)
                  00828c60    00000020             : Ipc.obj (.text:ti_sdo_ipc_gates_GatePeterson_query__F)
                  00828c80    00000020     modelPreesm_pe66.oe66 (.text:ti_sdo_ipc_heaps_HeapMemMP_Params__init__S)
                  00828ca0    00000020     ipc.lib : Ipc.obj (.text:ti_sdo_ipc_heaps_HeapMemMP_isBlocking__F)
                  00828cc0    00000020     modelPreesm_pe66.oe66 (.text:ti_sdo_ipc_notifyDrivers_NotifyDriverShm_Params__init__S)
                  00828ce0    00000020     modelPreesm_pe66.oe66 (.text:ti_sdo_ipc_nsremote_NameServerRemoteNotify_Object__first__S)
                  00828d00    00000020     modelPreesm_pe66.oe66 (.text:ti_sdo_ipc_nsremote_NameServerRemoteNotify_Object__next__S)
                  00828d20    00000020     modelPreesm_pe66.oe66 (.text:ti_sdo_ipc_nsremote_NameServerRemoteNotify_Params__init__S)
                  00828d40    00000020     ipc.lib : Ipc.obj (.text:ti_sdo_ipc_nsremote_NameServerRemoteNotify_cbFxn__I)
                  00828d60    00000020             : Ipc.obj (.text:ti_sdo_ipc_transports_TransportShmSetup_isRegistered__E)
                  00828d80    00000020     modelPreesm_pe66.oe66 (.text:ti_sdo_ipc_transports_TransportShm_Params__init__S)
                  00828da0    00000020     ipc.lib : Ipc.obj (.text:ti_sdo_ipc_transports_TransportShm_control__E)
                  00828dc0    00000020             : Ipc.obj (.text:ti_sdo_ipc_transports_TransportShm_getStatus__E)
                  00828de0    00000020             : Ipc.obj (.text:ti_sdo_ipc_transports_TransportShm_notifyFxn__I)
                  00828e00    00000020             : Ipc.obj (.text:ti_sdo_ipc_transports_TransportShm_setErrFxn__F)
                  00828e20    00000020             : Ipc.obj (.text:ti_sdo_utils_List_Instance_init__F)
                  00828e40    00000020     modelPreesm_pe66.oe66 (.text:ti_sdo_utils_List_Object__destruct__S)
                  00828e60    00000020     modelPreesm_pe66.oe66 (.text:ti_sdo_utils_List_Object__get__S)
                  00828e80    00000020     ipc.lib : Ipc.obj (.text:ti_sdo_utils_MultiProc_getClusterId__F)
                  00828ea0    00000020     modelPreesm_pe66.oe66 (.text:ti_sdo_utils_NameServer_Object__first__S)
                  00828ec0    00000020     modelPreesm_pe66.oe66 (.text:ti_sdo_utils_NameServer_Object__next__S)
                  00828ee0    00000020     modelPreesm_pe66.oe66 (.text:ti_sysbios_BIOS_RtsGateProxy_enter__E)
                  00828f00    00000020     modelPreesm_pe66.oe66 (.text:ti_sysbios_BIOS_RtsGateProxy_leave__E)
                  00828f20    00000020     sysbios.lib : BIOS.obj (.text:ti_sysbios_BIOS_getThreadType__E)
                  00828f40    00000020                 : BIOS.obj (.text:ti_sysbios_BIOS_setThreadType__E)
                  00828f60    00000020     modelPreesm_pe66.oe66 (.text:ti_sysbios_family_c62_TaskSupport_Module__startupDone__S)
                  00828f80    00000020     sysbios.lib : BIOS.obj (.text:ti_sysbios_family_c62_TaskSupport_checkStack__E)
                  00828fa0    00000020     modelPreesm_pe66.oe66 (.text:ti_sysbios_family_c64p_Hwi_Params__init__S)
                  00828fc0    00000020     sysbios.lib : BIOS.obj (.text:ti_sysbios_family_c64p_Hwi_clearInterrupt__E)
                  00828fe0    00000020                 : BIOS.obj (.text:ti_sysbios_family_c64p_Hwi_getHandle__E)
                  00829000    00000020                 : BIOS.obj (.text:ti_sysbios_family_c64p_Hwi_startup__E)
                  00829020    00000020                 : BIOS.obj (.text:ti_sysbios_family_c64p_Hwi_switchFromBootStack__E)
                  00829040    00000020                 : BIOS.obj (.text:ti_sysbios_family_c64p_Hwi_unPluggedInterrupt__I)
                  00829060    00000020                 : BIOS.obj (.text:ti_sysbios_family_c64p_TimestampProvider_Module_startup__F)
                  00829080    00000020                 : BIOS.obj (.text:ti_sysbios_family_c64p_TimestampProvider_get32__E)
                  008290a0    00000020                 : BIOS.obj (.text:ti_sysbios_family_c64p_tci6488_TimerSupport_enable__E)
                  008290c0    00000020                 : BIOS.obj (.text:ti_sysbios_family_c66_Cache_inv__E)
                  008290e0    00000020                 : BIOS.obj (.text:ti_sysbios_family_c66_Cache_wbInv__E)
                  00829100    00000020                 : BIOS.obj (.text:ti_sysbios_gates_GateAll_Instance_init__F)
                  00829120    00000020                 : BIOS.obj (.text:ti_sysbios_gates_GateAll_query__F)
                  00829140    00000020                 : BIOS.obj (.text:ti_sysbios_gates_GateHwi_Instance_init__F)
                  00829160    00000020                 : BIOS.obj (.text:ti_sysbios_gates_GateHwi_enter__E)
                  00829180    00000020                 : BIOS.obj (.text:ti_sysbios_gates_GateHwi_leave__E)
                  008291a0    00000020                 : BIOS.obj (.text:ti_sysbios_gates_GateHwi_query__F)
                  008291c0    00000020                 : BIOS.obj (.text:ti_sysbios_gates_GateMutexPri_query__F)
                  008291e0    00000020                 : BIOS.obj (.text:ti_sysbios_gates_GateMutex_query__F)
                  00829200    00000020                 : BIOS.obj (.text:ti_sysbios_gates_GateSwi_Instance_init__F)
                  00829220    00000020                 : BIOS.obj (.text:ti_sysbios_gates_GateSwi_query__F)
                  00829240    00000020     modelPreesm_pe66.oe66 (.text:ti_sysbios_hal_Hwi_HwiProxy_Module__startupDone__S)
                  00829260    00000020     sysbios.lib : BIOS.obj (.text:ti_sysbios_hal_Hwi_Module_startup__F)
                  00829280    00000020                 : BIOS.obj (.text:ti_sysbios_hal_Timer_Module_startup__F)
                  008292a0    00000020     modelPreesm_pe66.oe66 (.text:ti_sysbios_hal_Timer_TimerProxy_Module__startupDone__S)
                  008292c0    00000020     modelPreesm_pe66.oe66 (.text:ti_sysbios_hal_Timer_TimerProxy_getExpiredCounts__E)
                  008292e0    00000020     modelPreesm_pe66.oe66 (.text:ti_sysbios_hal_Timer_TimerProxy_getPeriod__E)
                  00829300    00000020     modelPreesm_pe66.oe66 (.text:ti_sysbios_hal_Timer_TimerProxy_setNextTick__E)
                  00829320    00000020     modelPreesm_pe66.oe66 (.text:ti_sysbios_heaps_HeapMem_Module_GateProxy_enter__E)
                  00829340    00000020     modelPreesm_pe66.oe66 (.text:ti_sysbios_heaps_HeapMem_Module_GateProxy_leave__E)
                  00829360    00000020     sysbios.lib : BIOS.obj (.text:ti_sysbios_heaps_HeapMem_isBlocking__E)
                  00829380    00000020     modelPreesm_pe66.oe66 (.text:ti_sysbios_knl_Clock_Params__init__S)
                  008293a0    00000020     sysbios.lib : BIOS.obj (.text:ti_sysbios_knl_Queue_Instance_init__F)
                  008293c0    00000020     modelPreesm_pe66.oe66 (.text:ti_sysbios_knl_Queue_Object__destruct__S)
                  008293e0    00000020     modelPreesm_pe66.oe66 (.text:ti_sysbios_knl_Queue_Object__get__S)
                  00829400    00000020     sysbios.lib : BIOS.obj (.text:ti_sysbios_knl_Queue_empty__E)
                  00829420    00000020     modelPreesm_pe66.oe66 (.text:ti_sysbios_knl_Semaphore_Params__init__S)
                  00829440    00000020     modelPreesm_pe66.oe66 (.text:ti_sysbios_knl_Swi_Params__init__S)
                  00829460    00000020     sysbios.lib : BIOS.obj (.text:ti_sysbios_knl_Swi_disable__E)
                  00829480    00000020     modelPreesm_pe66.oe66 (.text:ti_sysbios_knl_Task_Object__first__S)
                  008294a0    00000020     modelPreesm_pe66.oe66 (.text:ti_sysbios_knl_Task_Object__next__S)
                  008294c0    00000020     modelPreesm_pe66.oe66 (.text:ti_sysbios_knl_Task_SupportProxy_Module__startupDone__S)
                  008294e0    00000020     sysbios.lib : BIOS.obj (.text:ti_sysbios_knl_Task_disable__E)
                  00829500    00000020                 : BIOS.obj (.text:ti_sysbios_knl_Task_getPri__E)
                  00829520    00000020                 : BIOS.obj (.text:ti_sysbios_knl_Task_self__E)
                  00829540    00000020                 : BIOS.obj (.text:ti_sysbios_timers_timer64_Timer_setNextTick__E)
                  00829560    00000020     ti.targets.rts6000.ae66 : GateNull.oe66 (.text:xdc_runtime_GateNull_enter__F)
                  00829580    00000020                             : GateNull.oe66 (.text:xdc_runtime_GateNull_leave__F)
                  008295a0    00000020                             : GateNull.oe66 (.text:xdc_runtime_GateNull_query__F)
                  008295c0    00000020                             : Gate.oe66 (.text:xdc_runtime_Gate_enterSystem__F)
                  008295e0    00000020     modelPreesm_pe66.oe66 (.text:xdc_runtime_IHeap_alloc)
                  00829600    00000020     modelPreesm_pe66.oe66 (.text:xdc_runtime_IHeap_free)
                  00829620    00000020     modelPreesm_pe66.oe66 (.text:xdc_runtime_Memory_HeapProxy_alloc__E)
                  00829640    00000020     modelPreesm_pe66.oe66 (.text:xdc_runtime_Memory_HeapProxy_free__E)
                  00829660    00000020     ti.targets.rts6000.ae66 : Memory.oe66 (.text:xdc_runtime_Memory_getMaxDefaultTypeAlign__F)
                  00829680    00000020     modelPreesm_pe66.oe66 (.text:xdc_runtime_Startup_Module__startupDone__S)
                  008296a0    00000020     modelPreesm_pe66.oe66 (.text:xdc_runtime_Startup_exec__I)
                  008296c0    00000020     modelPreesm_pe66.oe66 (.text:xdc_runtime_Startup_reset__I)
                  008296e0    00000020     ti.targets.rts6000.ae66 : Startup.oe66 (.text:xdc_runtime_Startup_rtsDone__F)
                  00829700    00000020                             : SysStd.oe66 (.text:xdc_runtime_SysStd_exit__F)
                  00829720    00000020                             : SysStd.oe66 (.text:xdc_runtime_SysStd_putch__F)
                  00829740    00000020                             : SysStd.oe66 (.text:xdc_runtime_SysStd_ready__F)
                  00829760    00000020     modelPreesm_pe66.oe66 (.text:xdc_runtime_System_Module_GateProxy_enter__E)
                  00829780    00000020     modelPreesm_pe66.oe66 (.text:xdc_runtime_System_Module_GateProxy_leave__E)
                  008297a0    00000020     ti.targets.rts6000.ae66 : System.oe66 (.text:xdc_runtime_System_Module_startup__F)
                  008297c0    00000020                             : System.oe66 (.text:xdc_runtime_System_exit__F)
                  008297e0    00000020                             : System.oe66 (.text:xdc_runtime_System_lastFxn__I)
                  00829800    00000020                             : System.oe66 (.text:xdc_runtime_System_vsprintf__F)
                  00829820    00000020     modelPreesm_pe66.oe66 (.text:xdc_runtime_Text_visitRope__I)
                  00829840    00000020     modelPreesm_pe66.oe66 (.text:xdc_runtime_knl_GateThread_Module__startupDone__S)
                  00829860    00000020     modelPreesm_pe66.oe66 (.text:xdc_runtime_knl_GateThread_Proxy_Object__create__S)
                  00829880    00000020     modelPreesm_pe66.oe66 (.text:xdc_runtime_knl_GateThread_Proxy_Object__delete__S)
                  008298a0    00000020     modelPreesm_pe66.oe66 (.text:xdc_runtime_knl_GateThread_Proxy_enter__E)
                  008298c0    00000020     modelPreesm_pe66.oe66 (.text:xdc_runtime_knl_GateThread_Proxy_leave__E)
                  008298e0    00000020     ti.targets.rts6000.ae66 : GateThread.oe66 (.text:xdc_runtime_knl_GateThread_enter__F)
                  00829900    00000020                             : GateThread.oe66 (.text:xdc_runtime_knl_GateThread_leave__F)

.far.1     0    00829920    00009038     UNINITIALIZED
                  00829920    00008034     modelPreesm_pe66.oe66 (.far)
                  00831954    00000004     --HOLE--
                  00831958    00001000     modelPreesm_pe66.oe66 (.far:taskStackSection)

.far.2     0    00832960    000003a8     UNINITIALIZED
                  00832960    00000190     semaphore6678.obj (.far)
                  00832af0    00000140     rts6600_elf.lib : defs.obj (.far)
                  00832c30    000000d8                     : trgdrv.obj (.far)

.far.3     0    00832d10    00000020     UNINITIALIZED
                  00832d10    00000020     communication.obj (.far)

.const     0    00832d30    0000429a     
                  00832d30    000025b8     modelPreesm_pe66.oe66 (.const:xdc_runtime_Text_charTab__A)
                  008352e8    0000042c     sysbios.lib : BIOS.obj (.const:.string)
                  00835714    0000000c     modelPreesm_pe66.oe66 (.const:ti_sysbios_family_c66_Cache_initSize__C)
                  00835720    00000400     modelPreesm_pe66.oe66 (.const:ti_sysbios_family_c66_Cache_marvalues__C)
                  00835b20    00000174     modelPreesm_pe66.oe66 (.const:xdc_runtime_Text_nodeTab__A)
                  00835c94    00000008     ti.targets.rts6000.ae66 : System.oe66 (.const:.string)
                  00835c9c    00000004                             : Assert.oe66 (.const:.string)
                  00835ca0    00000101     rts6600_elf.lib : ctype.obj (.const:_ctypes_)
                  00835da1    00000003     --HOLE-- [fill = 0]
                  00835da4    000000d7     modelPreesm_pe66.oe66 (.const:.string)
                  00835e7b    00000001     --HOLE-- [fill = 0]
                  00835e7c    0000006c     displayMatrix.obj (.const:.string)
                  00835ee8    00000058     ti.targets.rts6000.ae66 : Error.oe66 (.const:.string)
                  00835f40    00000048     communication.obj (.const:.string)
                  00835f88    00000040     ti.targets.rts6000.ae66 : Text.oe66 (.const:.string)
                  00835fc8    00000008     modelPreesm_pe66.oe66 (.const:ti_sysbios_knl_Idle_funcList__C)
                  00835fd0    00000040     modelPreesm_pe66.oe66 (.const:xdc_runtime_Startup_sfxnTab__A)
                  00836010    00000038     modelPreesm_pe66.oe66 (.const:ti_sdo_ipc_notifyDrivers_NotifyDriverShm_Module__FXNS__C)
                  00836048    00000034     semaphore6678.obj (.const:.string)
                  0083607c    00000034     modelPreesm_pe66.oe66 (.const:ti_sdo_ipc_GateMP_Object__PARAMS__C)
                  008360b0    00000034     modelPreesm_pe66.oe66 (.const:ti_sdo_ipc_notifyDrivers_NotifyDriverShm_Object__PARAMS__C)
                  008360e4    00000030     generateMatrices.obj (.const:.string)
                  00836114    00000030     modelPreesm_pe66.oe66 (.const:ti_sdo_ipc_heaps_HeapMemMP_Object__PARAMS__C)
                  00836144    00000030     modelPreesm_pe66.oe66 (.const:ti_sysbios_family_c64p_Hwi_Object__PARAMS__C)
                  00836174    0000002c     ti.targets.rts6000.ae66 : Startup.oe66 (.const:.string)
                  008361a0    0000002c     modelPreesm_pe66.oe66 (.const:ti_sdo_ipc_ListMP_Object__PARAMS__C)
                  008361cc    0000002c     modelPreesm_pe66.oe66 (.const:ti_sdo_ipc_gates_GateHWSem_Module__FXNS__C)
                  008361f8    0000002c     modelPreesm_pe66.oe66 (.const:ti_sdo_ipc_gates_GateMPSupportNull_Module__FXNS__C)
                  00836224    0000002c     modelPreesm_pe66.oe66 (.const:ti_sdo_ipc_gates_GatePeterson_Module__FXNS__C)
                  00836250    00000028     modelPreesm_pe66.oe66 (.const:ti_sdo_ipc_heaps_HeapMemMP_Module__FXNS__C)
                  00836278    00000028     modelPreesm_pe66.oe66 (.const:ti_sdo_ipc_nsremote_NameServerRemoteNotify_Module__FXNS__C)
                  008362a0    00000028     modelPreesm_pe66.oe66 (.const:ti_sdo_ipc_transports_TransportShm_Module__FXNS__C)
                  008362c8    00000028     modelPreesm_pe66.oe66 (.const:ti_sdo_ipc_transports_TransportShm_Object__PARAMS__C)
                  008362f0    00000028     modelPreesm_pe66.oe66 (.const:ti_sysbios_heaps_HeapMem_Module__FXNS__C)
                  00836318    00000028     modelPreesm_pe66.oe66 (.const:ti_sysbios_knl_Swi_Object__PARAMS__C)
                  00836340    00000024     modelPreesm_pe66.oe66 (.const:ti_sdo_ipc_gates_GateHWSem_Object__PARAMS__C)
                  00836364    00000024     modelPreesm_pe66.oe66 (.const:ti_sdo_ipc_gates_GateMPSupportNull_Object__PARAMS__C)
                  00836388    00000024     modelPreesm_pe66.oe66 (.const:ti_sdo_ipc_gates_GatePeterson_Object__PARAMS__C)
                  008363ac    00000024     modelPreesm_pe66.oe66 (.const:ti_sysbios_gates_GateAll_Module__FXNS__C)
                  008363d0    00000024     modelPreesm_pe66.oe66 (.const:ti_sysbios_gates_GateHwi_Module__FXNS__C)
                  008363f4    00000024     modelPreesm_pe66.oe66 (.const:ti_sysbios_gates_GateMutexPri_Module__FXNS__C)
                  00836418    00000024     modelPreesm_pe66.oe66 (.const:ti_sysbios_gates_GateMutex_Module__FXNS__C)
                  0083643c    00000024     modelPreesm_pe66.oe66 (.const:ti_sysbios_gates_GateSwi_Module__FXNS__C)
                  00836460    00000024     modelPreesm_pe66.oe66 (.const:ti_sysbios_knl_Clock_Object__PARAMS__C)
                  00836484    00000024     modelPreesm_pe66.oe66 (.const:ti_sysbios_knl_Semaphore_Object__PARAMS__C)
                  008364a8    00000024     modelPreesm_pe66.oe66 (.const:xdc_runtime_GateNull_Module__FXNS__C)
                  008364cc    00000024     modelPreesm_pe66.oe66 (.const:xdc_runtime_knl_GateThread_Module__FXNS__C)
                  008364f0    00000023     rts6600_elf.lib : _printfi.obj (.const:.string)
                  00836513    00000001     --HOLE-- [fill = 0]
                  00836514    00000020     ti.targets.rts6000.ae66 : Core-mem.oe66 (.const:.string)
                  00836534    00000020     modelPreesm_pe66.oe66 (.const:ti_sdo_ipc_GateMP_Object__DESC__C)
                  00836554    00000020     modelPreesm_pe66.oe66 (.const:ti_sdo_ipc_ListMP_Object__DESC__C)
                  00836574    00000020     modelPreesm_pe66.oe66 (.const:ti_sdo_ipc_Notify_Object__DESC__C)
                  00836594    00000020     modelPreesm_pe66.oe66 (.const:ti_sdo_ipc_gates_GateHWSem_Object__DESC__C)
                  008365b4    00000020     modelPreesm_pe66.oe66 (.const:ti_sdo_ipc_gates_GateMPSupportNull_Object__DESC__C)
                  008365d4    00000020     modelPreesm_pe66.oe66 (.const:ti_sdo_ipc_gates_GatePeterson_Object__DESC__C)
                  008365f4    00000020     modelPreesm_pe66.oe66 (.const:ti_sdo_ipc_heaps_HeapMemMP_Object__DESC__C)
                  00836614    00000020     modelPreesm_pe66.oe66 (.const:ti_sdo_ipc_notifyDrivers_NotifyDriverShm_Object__DESC__C)
                  00836634    00000020     modelPreesm_pe66.oe66 (.const:ti_sdo_ipc_nsremote_NameServerRemoteNotify_Object__DESC__C)
                  00836654    00000020     modelPreesm_pe66.oe66 (.const:ti_sdo_ipc_nsremote_NameServerRemoteNotify_Object__PARAMS__C)
                  00836674    00000020     modelPreesm_pe66.oe66 (.const:ti_sdo_ipc_transports_TransportShm_Object__DESC__C)
                  00836694    00000020     modelPreesm_pe66.oe66 (.const:ti_sdo_utils_List_Object__DESC__C)
                  008366b4    00000020     modelPreesm_pe66.oe66 (.const:ti_sysbios_family_c64p_Hwi_Object__DESC__C)
                  008366d4    00000020     modelPreesm_pe66.oe66 (.const:ti_sysbios_gates_GateAll_Object__DESC__C)
                  008366f4    00000020     modelPreesm_pe66.oe66 (.const:ti_sysbios_gates_GateHwi_Object__DESC__C)
                  00836714    00000020     modelPreesm_pe66.oe66 (.const:ti_sysbios_gates_GateMutexPri_Object__DESC__C)
                  00836734    00000020     modelPreesm_pe66.oe66 (.const:ti_sysbios_gates_GateMutex_Object__DESC__C)
                  00836754    00000020     modelPreesm_pe66.oe66 (.const:ti_sysbios_gates_GateSwi_Object__DESC__C)
                  00836774    00000020     modelPreesm_pe66.oe66 (.const:ti_sysbios_heaps_HeapMem_Object__DESC__C)
                  00836794    00000020     modelPreesm_pe66.oe66 (.const:ti_sysbios_heaps_HeapMem_Object__PARAMS__C)
                  008367b4    00000020     modelPreesm_pe66.oe66 (.const:ti_sysbios_knl_Clock_Object__DESC__C)
                  008367d4    00000020     modelPreesm_pe66.oe66 (.const:ti_sysbios_knl_Queue_Object__DESC__C)
                  008367f4    00000020     modelPreesm_pe66.oe66 (.const:ti_sysbios_knl_Semaphore_Object__DESC__C)
                  00836814    00000020     modelPreesm_pe66.oe66 (.const:ti_sysbios_knl_Swi_Object__DESC__C)
                  00836834    00000020     modelPreesm_pe66.oe66 (.const:ti_sysbios_xdcruntime_GateThreadSupport_Object__DESC__C)
                  00836854    00000020     modelPreesm_pe66.oe66 (.const:xdc_runtime_GateNull_Object__DESC__C)
                  00836874    00000008     modelPreesm_pe66.oe66 (.const:ti_sysbios_knl_Task_hooks__C)
                  0083687c    00000004     modelPreesm_pe66.oe66 (.const:ti_sdo_ipc_GateMP_A_invalidClose__C)
                  00836880    00000020     modelPreesm_pe66.oe66 (.const:xdc_runtime_Startup_sfxnRts__A)
                  008368a0    00000020     modelPreesm_pe66.oe66 (.const:xdc_runtime_knl_GateThread_Object__DESC__C)
                  008368c0    00000018     main.obj (.const:.string)
                  008368d8    00000018     modelPreesm_pe66.oe66 (.const:ti_sdo_ipc_Notify_Object__PARAMS__C)
                  008368f0    00000018     modelPreesm_pe66.oe66 (.const:ti_sdo_utils_List_Object__PARAMS__C)
                  00836908    00000018     modelPreesm_pe66.oe66 (.const:ti_sysbios_gates_GateAll_Object__PARAMS__C)
                  00836920    00000018     modelPreesm_pe66.oe66 (.const:ti_sysbios_gates_GateHwi_Object__PARAMS__C)
                  00836938    00000018     modelPreesm_pe66.oe66 (.const:ti_sysbios_gates_GateMutexPri_Object__PARAMS__C)
                  00836950    00000018     modelPreesm_pe66.oe66 (.const:ti_sysbios_gates_GateMutex_Object__PARAMS__C)
                  00836968    00000018     modelPreesm_pe66.oe66 (.const:ti_sysbios_gates_GateSwi_Object__PARAMS__C)
                  00836980    00000018     modelPreesm_pe66.oe66 (.const:ti_sysbios_knl_Queue_Object__PARAMS__C)
                  00836998    00000008     modelPreesm_pe66.oe66 (.const:xdc_runtime_Startup_firstFxns__C)
                  008369a0    00000018     modelPreesm_pe66.oe66 (.const:ti_sysbios_knl_Task_hooks__A)
                  008369b8    00000018     modelPreesm_pe66.oe66 (.const:ti_sysbios_xdcruntime_GateThreadSupport_Object__PARAMS__C)
                  008369d0    00000018     modelPreesm_pe66.oe66 (.const:xdc_runtime_GateNull_Object__PARAMS__C)
                  008369e8    00000018     modelPreesm_pe66.oe66 (.const:xdc_runtime_knl_GateThread_Object__PARAMS__C)
                  00836a00    00000011     ti.targets.rts6000.ae66 : System.oe66 (.const:digtohex)
                  00836a11    00000003     --HOLE-- [fill = 0]
                  00836a14    00000008     modelPreesm_pe66.oe66 (.const:xdc_runtime_Startup_lastFxns__C)
                  00836a1c    00000004     modelPreesm_pe66.oe66 (.const:ti_sdo_ipc_GateMP_A_invalidDelete__C)
                  00836a20    00000010     modelPreesm_pe66.oe66 (.const:ti_sdo_ipc_family_c647x_MultiProcSetup_procMap__A)
                  00836a30    00000010     modelPreesm_pe66.oe66 (.const:ti_sdo_utils_MultiProc_procIdList__A)
                  00836a40    0000000c     modelPreesm_pe66.oe66 (.const:xdc_runtime_Startup_firstFxns__A)
                  00836a4c    00000004     modelPreesm_pe66.oe66 (.const:ti_sdo_ipc_GateMP_E_gateUnavailable__C)
                  00836a50    00000004     modelPreesm_pe66.oe66 (.const:ti_sdo_ipc_GateMP_E_localGate__C)
                  00836a54    00000004     modelPreesm_pe66.oe66 (.const:ti_sdo_ipc_GateMP_LM_create__C)
                  00836a58    00000004     modelPreesm_pe66.oe66 (.const:ti_sdo_ipc_GateMP_LM_delete__C)
                  00836a5c    00000004     modelPreesm_pe66.oe66 (.const:ti_sdo_ipc_GateMP_LM_enter__C)
[...]
00836ca0   ti_sysbios_family_c64p_Exception_E_exceptionMin__C
00836ca4   ti_sysbios_family_c64p_Exception_exceptionHook__C
00836ca8   ti_sysbios_family_c64p_Exception_externalHook__C
00836cac   ti_sysbios_family_c64p_Exception_internalHook__C
00836cb0   ti_sysbios_family_c64p_Exception_nmiHook__C
00836cb4   ti_sysbios_family_c64p_Hwi_E_alreadyDefined__C
00836cb8   ti_sysbios_family_c64p_Hwi_E_handleNotFound__C
00836cbc   ti_sysbios_family_c64p_Hwi_LD_end__C
00836cc0   ti_sysbios_family_c64p_Hwi_LM_begin__C
00836cc4   ti_sysbios_family_c64p_Hwi_Module__diagsEnabled__C
00836cc8   ti_sysbios_family_c64p_Hwi_Module__diagsIncluded__C
00836ccc   ti_sysbios_family_c64p_Hwi_Module__diagsMask__C
00836cd0   ti_sysbios_family_c64p_Hwi_Module__loggerFxn1__C
00836cd4   ti_sysbios_family_c64p_Hwi_Module__loggerFxn8__C
00836cd8   ti_sysbios_family_c64p_Hwi_Module__loggerObj__C
00836cdc   ti_sysbios_family_c66_Cache_atomicBlockSize__C
00836ce0   ti_sysbios_gates_GateMutexPri_A_badContext__C
00836ce4   ti_sysbios_gates_GateMutexPri_Instance_State_pendQ__O
00836ce8   ti_sysbios_gates_GateMutexPri_Module__diagsEnabled__C
00836cec   ti_sysbios_gates_GateMutexPri_Module__diagsIncluded__C
00836cf0   ti_sysbios_gates_GateMutexPri_Module__diagsMask__C
00836cf4   ti_sysbios_gates_GateMutex_A_badContext__C
00836cf8   ti_sysbios_gates_GateMutex_Instance_State_sem__O
00836cfc   ti_sysbios_gates_GateMutex_Module__diagsEnabled__C
00836d00   ti_sysbios_gates_GateMutex_Module__diagsIncluded__C
00836d04   ti_sysbios_gates_GateMutex_Module__diagsMask__C
00836d08   ti_sysbios_gates_GateSwi_A_badContext__C
00836d0c   ti_sysbios_gates_GateSwi_Module__diagsEnabled__C
00836d10   ti_sysbios_gates_GateSwi_Module__diagsIncluded__C
00836d14   ti_sysbios_gates_GateSwi_Module__diagsMask__C
00836d18   ti_sysbios_hal_Hwi_E_stackOverflow__C
00836d1c   ti_sysbios_heaps_HeapMem_A_align__C
00836d20   ti_sysbios_heaps_HeapMem_A_heapSize__C
00836d24   ti_sysbios_heaps_HeapMem_A_invalidFree__C
00836d28   ti_sysbios_heaps_HeapMem_A_zeroBlock__C
00836d2c   ti_sysbios_heaps_HeapMem_E_memory__C
00836d30   ti_sysbios_heaps_HeapMem_Module__diagsEnabled__C
00836d34   ti_sysbios_heaps_HeapMem_Module__diagsIncluded__C
00836d38   ti_sysbios_heaps_HeapMem_Module__diagsMask__C
00836d3c   ti_sysbios_heaps_HeapMem_Module__gateObj__C
00836d40   ti_sysbios_heaps_HeapMem_Object__count__C
00836d44   ti_sysbios_heaps_HeapMem_reqAlignMask__C
00836d48   ti_sysbios_heaps_HeapMem_reqAlign__C
00836d4c   ti_sysbios_knl_Clock_A_badThreadType__C
00836d50   ti_sysbios_knl_Clock_LM_begin__C
00836d54   ti_sysbios_knl_Clock_LM_tick__C
00836d58   ti_sysbios_knl_Clock_LW_delayed__C
00836d5c   ti_sysbios_knl_Clock_Module_State_clockQ__O
00836d60   ti_sysbios_knl_Clock_Module__diagsEnabled__C
00836d64   ti_sysbios_knl_Clock_Module__diagsIncluded__C
00836d68   ti_sysbios_knl_Clock_Module__diagsMask__C
00836d6c   ti_sysbios_knl_Clock_Module__loggerFxn1__C
00836d70   ti_sysbios_knl_Clock_Module__loggerFxn2__C
00836d74   ti_sysbios_knl_Clock_Module__loggerObj__C
00836d78   ti_sysbios_knl_Clock_tickMode__C
00836d7c   ti_sysbios_knl_Clock_tickSource__C
00836d80   ti_sysbios_knl_Idle_funcList__A
00836d84   ti_sysbios_knl_Semaphore_A_badContext__C
00836d88   ti_sysbios_knl_Semaphore_A_noEvents__C
00836d8c   ti_sysbios_knl_Semaphore_A_overflow__C
00836d90   ti_sysbios_knl_Semaphore_Instance_State_pendQ__O
00836d94   ti_sysbios_knl_Semaphore_LM_pend__C
00836d98   ti_sysbios_knl_Semaphore_LM_post__C
00836d9c   ti_sysbios_knl_Semaphore_Module__diagsEnabled__C
00836da0   ti_sysbios_knl_Semaphore_Module__diagsIncluded__C
00836da4   ti_sysbios_knl_Semaphore_Module__diagsMask__C
00836da8   ti_sysbios_knl_Semaphore_Module__loggerFxn2__C
00836dac   ti_sysbios_knl_Semaphore_Module__loggerFxn4__C
00836db0   ti_sysbios_knl_Semaphore_Module__loggerObj__C
00836db4   ti_sysbios_knl_Swi_A_badPriority__C
00836db8   ti_sysbios_knl_Swi_LD_end__C
00836dbc   ti_sysbios_knl_Swi_LM_begin__C
00836dc0   ti_sysbios_knl_Swi_LM_post__C
00836dc4   ti_sysbios_knl_Swi_Module__diagsEnabled__C
00836dc8   ti_sysbios_knl_Swi_Module__diagsIncluded__C
00836dcc   ti_sysbios_knl_Swi_Module__diagsMask__C
00836dd0   ti_sysbios_knl_Swi_Module__loggerFxn1__C
00836dd4   ti_sysbios_knl_Swi_Module__loggerFxn4__C
00836dd8   ti_sysbios_knl_Swi_Module__loggerObj__C
00836ddc   ti_sysbios_knl_Swi_Object__count__C
00836de0   ti_sysbios_knl_Task_A_badPriority__C
00836de4   ti_sysbios_knl_Task_A_badTimeout__C
00836de8   ti_sysbios_knl_Task_E_spOutOfBounds__C
00836dec   ti_sysbios_knl_Task_E_stackOverflow__C
00836df0   ti_sysbios_knl_Task_LD_block__C
00836df4   ti_sysbios_knl_Task_LD_exit__C
00836df8   ti_sysbios_knl_Task_LD_ready__C
00836dfc   ti_sysbios_knl_Task_LM_setPri__C
00836e00   ti_sysbios_knl_Task_LM_sleep__C
00836e04   ti_sysbios_knl_Task_LM_switch__C
00836e08   ti_sysbios_knl_Task_LM_yield__C
00836e0c   ti_sysbios_knl_Task_Module_State_inactiveQ__O
00836e10   ti_sysbios_knl_Task_Module_State_terminatedQ__O
00836e14   ti_sysbios_knl_Task_Module__diagsEnabled__C
00836e18   ti_sysbios_knl_Task_Module__diagsIncluded__C
00836e1c   ti_sysbios_knl_Task_Module__diagsMask__C
00836e20   ti_sysbios_knl_Task_Module__loggerFxn2__C
00836e24   ti_sysbios_knl_Task_Module__loggerFxn4__C
00836e28   ti_sysbios_knl_Task_Module__loggerObj__C
00836e2c   ti_sysbios_knl_Task_Object__count__C
00836e30   ti_sysbios_knl_Task_allBlockedFunc__C
00836e34   ti_sysbios_knl_Task_numConstructedTasks__C
00836e38   ti_sysbios_knl_Task_numPriorities__C
00836e3c   ti_sysbios_timers_timer64_Timer_A_notAvailable__C
00836e40   ti_sysbios_timers_timer64_Timer_E_cannotSupport__C
00836e44   ti_sysbios_timers_timer64_Timer_Module__diagsEnabled__C
00836e48   ti_sysbios_timers_timer64_Timer_Module__diagsIncluded__C
00836e4c   ti_sysbios_timers_timer64_Timer_Module__diagsMask__C
00836e50   ti_sysbios_timers_timer64_Timer_anyMask__C
00836e54   ti_sysbios_timers_timer64_Timer_freqDivisor__C
00836e58   ti_sysbios_timers_timer64_Timer_numLocalTimers__C
00836e5c   ti_sysbios_timers_timer64_Timer_numTimerDevices__C
00836e60   ti_sysbios_xdcruntime_GateThreadSupport_Instance_State_gate__O
00836e64   xdc_runtime_Assert_E_assertFailed__C
00836e68   xdc_runtime_Core_A_initializedParams__C
00836e6c   xdc_runtime_Core_Module__diagsEnabled__C
00836e70   xdc_runtime_Core_Module__diagsIncluded__C
00836e74   xdc_runtime_Core_Module__diagsMask__C
00836e78   xdc_runtime_Error_E_generic__C
00836e7c   xdc_runtime_Error_E_memory__C
00836e80   xdc_runtime_Error_Module__diagsEnabled__C
00836e84   xdc_runtime_Error_Module__diagsIncluded__C
00836e88   xdc_runtime_Error_Module__diagsMask__C
00836e8c   xdc_runtime_Error_Module__loggerFxn8__C
00836e90   xdc_runtime_Error_Module__loggerObj__C
00836e94   xdc_runtime_Error_policy__C
00836e98   xdc_runtime_Error_raiseHook__C
00836e9c   xdc_runtime_IGateProvider_Interface__BASE__C
00836ea0   xdc_runtime_IHeap_Interface__BASE__C
00836ea4   xdc_runtime_IModule_Interface__BASE__C
00836ea8   xdc_runtime_Log_L_error__C
00836eac   xdc_runtime_Memory_defaultHeapInstance__C
00836eb0   xdc_runtime_Startup_execImpl__C
00836eb4   xdc_runtime_Startup_maxPasses__C
00836eb8   xdc_runtime_Startup_sfxnRts__C
00836ebc   xdc_runtime_Startup_sfxnTab__C
00836ec0   xdc_runtime_Startup_lastFxns__A
00836ec4   xdc_runtime_System_Module__gateObj__C
00836ec8   xdc_runtime_System_extendFxn__C
00836ecc   xdc_runtime_System_maxAtexitHandlers__C
00836ed0   xdc_runtime_Text_charTab__C
00836ed4   xdc_runtime_Text_nameEmpty__C
00836ed8   xdc_runtime_Text_nameStatic__C
00836edc   xdc_runtime_Text_nameUnknown__C
00836ee0   xdc_runtime_Text_nodeTab__C
00836ee4   xdc_runtime_Text_visitRopeFxn__C
00836ee8   ti_sdo_ipc_GateMP_Module__id__C
00836eec   ti_sdo_ipc_GateMP_Module__loggerDefined__C
00836ef0   ti_sdo_ipc_Ipc_Module__id__C
00836ef4   ti_sdo_ipc_Ipc_generateSlaveDataForHost__C
00836ef8   ti_sdo_ipc_ListMP_Module__id__C
00836efc   ti_sdo_ipc_MessageQ_Module__id__C
00836f00   ti_sdo_ipc_MessageQ_Module__loggerDefined__C
00836f04   ti_sdo_ipc_Notify_Module__id__C
00836f08   ti_sdo_ipc_Notify_numLines__C
00836f0c   ti_sdo_ipc_Notify_reservedEvents__C
00836f10   ti_sdo_ipc_SharedRegion_Module__id__C
00836f14   ti_sdo_ipc_SharedRegion_numEntries__C
00836f18   ti_sdo_ipc_SharedRegion_translate__C
00836f1c   ti_sdo_ipc_family_c647x_Interrupt_enableKick__C
00836f20   ti_sdo_ipc_family_c647x_MultiProcSetup_Module__id__C
00836f24   ti_sdo_ipc_gates_GateHWSem_Module__id__C
00836f28   ti_sdo_ipc_gates_GateMPSupportNull_Module__id__C
00836f2c   ti_sdo_ipc_gates_GatePeterson_Module__id__C
00836f30   ti_sdo_ipc_heaps_HeapMemMP_Module__id__C
00836f34   ti_sdo_ipc_notifyDrivers_NotifyDriverShm_Module__id__C
00836f38   ti_sdo_ipc_nsremote_NameServerRemoteNotify_Module__id__C
00836f3c   ti_sdo_ipc_transports_TransportShm_Module__id__C
00836f40   ti_sdo_ipc_transports_TransportShm_notifyEventId__C
00836f44   ti_sdo_utils_MultiProc_Module__id__C
00836f48   ti_sdo_utils_MultiProc_numProcessors__C
00836f4c   ti_sdo_utils_MultiProc_numProcsInCluster__C
00836f50   ti_sdo_utils_NameServer_Module__id__C
00836f54   ti_sdo_utils_NameServer_singleProcessor__C
00836f58   ti_sysbios_BIOS_Module__id__C
00836f5c   ti_sysbios_family_c64p_Exception_Module__id__C
00836f60   ti_sysbios_family_c64p_Hwi_Module__id__C
00836f64   ti_sysbios_family_c64p_Hwi_Module__loggerDefined__C
00836f68   ti_sysbios_gates_GateMutexPri_Module__id__C
00836f6c   ti_sysbios_gates_GateMutex_Module__id__C
00836f70   ti_sysbios_gates_GateSwi_Module__id__C
00836f74   ti_sysbios_hal_Hwi_Module__id__C
00836f78   ti_sysbios_heaps_HeapMem_Module__id__C
00836f7c   ti_sysbios_knl_Clock_Module__id__C
00836f80   ti_sysbios_knl_Clock_Module__loggerDefined__C
00836f84   ti_sysbios_knl_Semaphore_Module__id__C
00836f88   ti_sysbios_knl_Semaphore_Module__loggerDefined__C
00836f8c   ti_sysbios_knl_Swi_Module__id__C
00836f90   ti_sysbios_knl_Swi_Module__loggerDefined__C
00836f94   ti_sysbios_knl_Task_Module__id__C
00836f98   ti_sysbios_knl_Task_Module__loggerDefined__C
00836f9c   ti_sysbios_knl_Task_deleteTerminatedTasks__C
00836fa0   ti_sysbios_knl_Task_initStackFlag__C
00836fa4   ti_sysbios_timers_timer64_Timer_Module__id__C
00836fa8   ti_sysbios_timers_timer64_Timer_startupNeeded__C
00836fac   xdc_runtime_Core_Module__id__C
00836fb0   xdc_runtime_Error_Module__loggerDefined__C
00836fb4   xdc_runtime_Error_maxDepth__C
00836fb8   xdc_runtime_Memory_Module__id__C
00836fbc   xdc_runtime_Text_charCnt__C
00836fc0   xdc_runtime_Text_isLoaded__C
00836fc4   xdc_runtime_Text_registryModsLastId__C
00836fc8   xdc_runtime_Text_unnamedModsLastId__C
00836fd0   ti_sdo_ipc_GateMP_Module_State_0_remoteCustom1Gates__A
008377d0   ti_sdo_ipc_GateMP_Module__root__V
008377d8   ti_sdo_ipc_GateMP_Module__state__V
00837820   ti_sdo_ipc_Ipc_Module__state__V
0083782c   ti_sdo_ipc_ListMP_Module__root__V
00837834   ti_sdo_ipc_ListMP_Module__state__V
00837838   ti_sdo_ipc_MessageQ_Module__root__V
00837840   ti_sdo_ipc_MessageQ_Module__state__V
0083785c   ti_sdo_ipc_Notify_Module__root__V
00837864   ti_sdo_ipc_Notify_Module__state__V
0083786c   ti_sdo_ipc_SharedRegion_Module__state__V
00837870   ti_sdo_ipc_family_c647x_Interrupt_Module__state__V
00837878   ti_sdo_ipc_gates_GateHWSem_Module__root__V
00837880   ti_sdo_ipc_gates_GateMPSupportNull_Module__root__V
00837888   ti_sdo_ipc_gates_GatePeterson_Module__root__V
00837890   ti_sdo_ipc_heaps_HeapBufMP_Module__root__V
00837898   ti_sdo_ipc_heaps_HeapBufMP_Module__state__V
0083789c   ti_sdo_ipc_heaps_HeapMemMP_Module__root__V
008378a4   ti_sdo_ipc_heaps_HeapMemMP_Module__state__V
008378a8   ti_sdo_ipc_notifyDrivers_NotifyDriverShm_Module__root__V
008378b0   ti_sdo_ipc_nsremote_NameServerRemoteNotify_Module__root__V
008378b8   ti_sdo_ipc_transports_TransportShm_Module__root__V
008378c0   ti_sdo_ipc_transports_TransportShmSetup_Module__state__V
008378c4   ti_sdo_utils_List_Module__root__V
008378cc   ti_sdo_utils_MultiProc_Module__state__V
008378d0   ti_sdo_utils_NameServer_Module__root__V
008378d8   ti_sdo_utils_NameServer_Module__state__V
008378e0   ti_sdo_utils_NameServerRemoteNull_Module__root__V
008378e8   ti_sysbios_BIOS_Module__state__V
00837904   ti_sysbios_family_c64p_Exception_Module__state__V
00837930   ti_sysbios_family_c64p_Hwi_Module__root__V
00837938   ti_sysbios_family_c64p_Hwi_Module__state__V
008379a0   ti_sysbios_gates_GateAll_Module__root__V
008379a8   ti_sysbios_gates_GateHwi_Module__root__V
008379b0   ti_sysbios_gates_GateMutex_Module__root__V
008379b8   ti_sysbios_gates_GateMutexPri_Module__root__V
008379c0   ti_sysbios_gates_GateSwi_Module__root__V
008379c8   ti_sysbios_hal_Hwi_Module__root__V
008379d0   ti_sysbios_hal_Timer_Module__root__V
008379d8   ti_sysbios_heaps_HeapMem_Module__root__V
008379e0   ti_sysbios_knl_Clock_Module__root__V
008379e8   ti_sysbios_knl_Clock_Module__state__V
00837a14   ti_sysbios_knl_Queue_Module__root__V
00837a1c   ti_sysbios_knl_Semaphore_Module__root__V
00837a24   ti_sysbios_knl_Swi_Module__root__V
00837a2c   ti_sysbios_knl_Swi_Module__state__V
00837a48   ti_sysbios_knl_Task_Module__root__V
00837a50   ti_sysbios_knl_Task_Module__state__V
00837a84   ti_sysbios_syncs_SyncSem_Module__root__V
00837a8c   ti_sysbios_timers_timer64_Timer_Module__root__V
00837a94   ti_sysbios_timers_timer64_Timer_Module__state__V
00837aa8   ti_sysbios_xdcruntime_GateThreadSupport_Module__root__V
00837ab0   xdc_runtime_Error_Module__state__V
00837ab4   xdc_runtime_GateNull_Module__root__V
00837abc   xdc_runtime_Memory_Module__state__V
00837ac0   xdc_runtime_Registry_Module__state__V
00837ac8   xdc_runtime_Startup_Module__state__V
00837ad0   xdc_runtime_System_Module__state__V
00837adc   xdc_runtime_Text_Module__state__V
00837ae4   xdc_runtime_knl_GateThread_Module__root__V
00837aec   __xdc__init__addr
00837af0   _ftable
00837cd0   ti_sysbios_timers_timer64_Timer_Module_State_0_device__A
00837e50   ti_sdo_utils_NameServer_Object__table__V
00837f68   _lock
00837f6c   _unlock
00838010   ti_sdo_ipc_Ipc_Module_State_0_procEntry__A
008380b0   ti_sdo_ipc_SharedRegion_Module_State_0_regions__A
00838140   ti_sysbios_knl_Task_Object__table__V
00838184   TSK_idle
008381c8   _ft_end
008381d0   ti_sdo_ipc_GateMP_Module_State_0_remoteSystemGates__A
00838250   ti_sysbios_knl_Swi_Module_State_0_readyQ__A
008382d0   ti_sysbios_knl_Task_Module_State_0_readyQ__A
00838350   ti_sysbios_timers_timer64_Timer_Module_State_0_gctrl__A
008383d0   ti_sysbios_timers_timer64_Timer_Module_State_0_handles__A
00838450   ti_sysbios_timers_timer64_Timer_Module_State_0_intFreqs__A
00838550   ti_sysbios_timers_timer64_Timer_Object__table__V
008385a0   ti_sdo_ipc_MessageQ_Module_State_0_transports__A
008385e0   ti_sdo_ipc_family_c647x_Interrupt_Module_State_0_fxnTable__A
00838620   ti_sysbios_gates_GateMutex_Object__table__V
00838660   ti_sysbios_knl_Swi_Object__table__V
00838690   ti_sdo_ipc_MessageQ_Module_State_0_heaps__A
008386b0   ti_sdo_ipc_Notify_Module_State_0_notifyHandles__A
008386d0   ti_sdo_ipc_transports_TransportShmSetup_Module_State_0_handles__A
008386f0   xdc_runtime_System_Module_State_0_atexitHandlers__A
00838710   ti_sysbios_family_c64p_Hwi_Object__table__V
00838730   ti_sysbios_gates_GateMutexPri_Object__table__V
00838750   ti_sysbios_heaps_HeapMem_Object__table__V
00838764   _cleanup_ptr
00838768   _dtors_ptr
0083876c   __TI_enable_exit_profile_output
00838770   ti_sysbios_gates_GateAll_Object__table__V
00838780   ti_sysbios_gates_GateSwi_Object__table__V
00838790   ti_sysbios_hal_Hwi_Object__table__V
008387a0   ti_sysbios_hal_Timer_Object__table__V
008387b0   ti_sdo_ipc_GateMP_Module_State_0_remoteCustom2Gates__A
008387c0   ti_sdo_ipc_Notify_Module_State_0_notifyHandles_0__A
008387d0   ti_sdo_ipc_Notify_Module_State_0_notifyHandles_1__A
008387e0   ti_sdo_ipc_Notify_Module_State_0_notifyHandles_2__A
008387f0   ti_sdo_ipc_Notify_Module_State_0_notifyHandles_3__A
00838800   ti_sdo_ipc_Notify_Module_State_0_notifyHandles_4__A
00838810   ti_sdo_ipc_Notify_Module_State_0_notifyHandles_5__A
00838820   ti_sdo_ipc_Notify_Module_State_0_notifyHandles_6__A
00838830   ti_sdo_ipc_Notify_Module_State_0_notifyHandles_7__A
00838840   ti_sysbios_gates_GateHwi_Object__table__V
00838850   xdc_runtime_GateNull_Object__table__V
00838858   _stack
00839858   __CIOBUF_
00839858   __TI_STACK_END
00839978   Ipc_sr0MemorySetup
0083997c   __TI_STATIC_BASE
0083997c   nbSemaphoresToClean
00839980   implode_sumResults_input__su__0
00839984   multiplyMatricies_0__implode__0
00839988   explode_transposeMatrix_outp__1
0083998c   explode_generateMatricies_ar__3
00839990   multiplyMatricies_3__implode__0
00839994   multiplyMatricies_7__implode__0
00839998   explode_transposeMatrix_outp__0
0083999c   explode_generateMatricies_ar__7
008399a0   generateMatricies__transpose__0
008399a4   explode_transposeMatrix_outp__5
008399a8   multiplyMatricies_4__implode__0
008399ac   explode_generateMatricies_ar__4
008399b0   multiplyMatricies_2__implode__0
008399b4   multiplyMatricies_5__implode__0
008399b8   transposeMatrix__explode_tra__0
008399bc   explode_transposeMatrix_outp__6
008399c0   explode_generateMatricies_ar__6
008399c4   explode_transposeMatrix_outp__3
008399c8   explode_generateMatricies_ar__1
008399cc   explode_generateMatricies_ar__5
008399d0   multiplyMatricies_1__implode__0
008399d4   multiplyMatricies_6__implode__0
008399d8   generateMatricies__explode_g__0
008399dc   explode_generateMatricies_ar__2
008399e0   sumResults__displayMatrix__0
008399e4   explode_transposeMatrix_outp__2
008399e8   explode_transposeMatrix_outp__4
008399ec   explode_generateMatricies_ar__0
008399f0   explode_transposeMatrix_outp__7
008399f4   generateMatricies__displayMa__0
008399f8   output_24__arrayA__0
008399fc   output__input_320__0
00839a00   arrayB_48__arrayB__0
00839a04   output_56__arrayA__0
00839a08   output_48__arrayA__0
00839a0c   output__input_448__0
00839a10   arrayB_32__arrayB__0
00839a14   arrayB_0__arrayB__0
00839a18   output__input_0__0
00839a1c   output_16__arrayA__0
00839a20   arrayA__input__0
00839a24   output_8__arrayA__0
00839a28   output__input_256__0
00839a2c   output__arrayA__0
00839a30   arrayB_8__arrayB__0
00839a34   arrayB_16__arrayB__0
00839a38   output__input_192__0
00839a3c   output__input__0
00839a40   output_40__arrayA__0
00839a44   arrayB__arrayB__0
00839a48   output_0__arrayA__0
00839a4c   arrayB_24__arrayB__0
00839a50   output__input_128__0
00839a54   startTime__startTime__0
00839a58   generateTime__generateTime__0
00839a5c   output__input_384__0
00839a60   arrayB_40__arrayB__0
00839a64   output_32__arrayA__0
00839a68   output__arrayC__0
00839a6c   arrayB_56__arrayB__0
00839a70   output__input_64__0
00839c00   ti_sysbios_family_c64p_Hwi0
00839c20   ti_sysbios_family_c64p_Hwi1
00839c40   ti_sysbios_family_c64p_Hwi2
00839c60   ti_sysbios_family_c64p_Hwi3
00839c80   ti_sysbios_family_c64p_Hwi4
00839ca0   ti_sysbios_family_c64p_Hwi5
00839cc0   ti_sysbios_family_c64p_Hwi6
00839ce0   ti_sysbios_family_c64p_Hwi7
00839d00   ti_sysbios_family_c64p_Hwi8
00839d20   ti_sysbios_family_c64p_Hwi9
00839d40   ti_sysbios_family_c64p_Hwi10
00839d60   ti_sysbios_family_c64p_Hwi11
00839d80   ti_sysbios_family_c64p_Hwi12
00839da0   ti_sysbios_family_c64p_Hwi13
00839dc0   ti_sysbios_family_c64p_Hwi14
00839de0   ti_sysbios_family_c64p_Hwi15
0083a764   __TI_Handler_Table_Base
0083a770   __TI_Handler_Table_Limit
0083a830   __TI_CINIT_Base
0083a8f0   __TI_CINIT_Limit
0c0ffffc   barrier
80000000   SharedMem
ffffffff   __TI_pprof_out_hndl
ffffffff   __TI_prof_data_size
ffffffff   __TI_prof_data_start
ffffffff   __binit__
ffffffff   __c_args__
ffffffff   binit

[1372 symbols]
